Archive member included to satisfy reference by file (symbol)

/Applications/ARM/bin/../lib/gcc/arm-none-eabi/10.3.1/thumb/v7-m/nofp/libgcc.a(_arm_muldf3.o)
                              CMakeFiles/QEA.elf.dir/Core/Src/main.c.obj (__aeabi_dmul)
/Applications/ARM/bin/../lib/gcc/arm-none-eabi/10.3.1/thumb/v7-m/nofp/libgcc.a(_arm_addsubdf3.o)
                              CMakeFiles/QEA.elf.dir/Core/Src/main.c.obj (__aeabi_dsub)
/Applications/ARM/bin/../lib/gcc/arm-none-eabi/10.3.1/thumb/v7-m/nofp/libgcc.a(_arm_muldivdf3.o)
                              CMakeFiles/QEA.elf.dir/Core/Src/main.c.obj (__aeabi_ddiv)
/Applications/ARM/bin/../lib/gcc/arm-none-eabi/10.3.1/thumb/v7-m/nofp/libgcc.a(_arm_cmpdf2.o)
                              CMakeFiles/QEA.elf.dir/Core/Src/main.c.obj (__aeabi_dcmpeq)
/Applications/ARM/bin/../lib/gcc/arm-none-eabi/10.3.1/thumb/v7-m/nofp/libgcc.a(_arm_fixunsdfsi.o)
                              CMakeFiles/QEA.elf.dir/Core/Src/main.c.obj (__aeabi_d2uiz)
/Applications/ARM/bin/../lib/gcc/arm-none-eabi/10.3.1/../../../../arm-none-eabi/lib/thumb/v7-m/nofp/libg.a(lib_a-errno.o)
                              CMakeFiles/QEA.elf.dir/Core/Src/syscalls.c.obj (__errno)
/Applications/ARM/bin/../lib/gcc/arm-none-eabi/10.3.1/../../../../arm-none-eabi/lib/thumb/v7-m/nofp/libg.a(lib_a-exit.o)
                              /Applications/ARM/bin/../lib/gcc/arm-none-eabi/10.3.1/../../../../arm-none-eabi/lib/thumb/v7-m/nofp/crt0.o (exit)
/Applications/ARM/bin/../lib/gcc/arm-none-eabi/10.3.1/../../../../arm-none-eabi/lib/thumb/v7-m/nofp/libg.a(lib_a-impure.o)
                              /Applications/ARM/bin/../lib/gcc/arm-none-eabi/10.3.1/../../../../arm-none-eabi/lib/thumb/v7-m/nofp/libg.a(lib_a-exit.o) (_global_impure_ptr)
/Applications/ARM/bin/../lib/gcc/arm-none-eabi/10.3.1/../../../../arm-none-eabi/lib/thumb/v7-m/nofp/libg.a(lib_a-init.o)
                              /Applications/ARM/bin/../lib/gcc/arm-none-eabi/10.3.1/../../../../arm-none-eabi/lib/thumb/v7-m/nofp/crt0.o (__libc_init_array)
/Applications/ARM/bin/../lib/gcc/arm-none-eabi/10.3.1/../../../../arm-none-eabi/lib/thumb/v7-m/nofp/libg.a(lib_a-memcpy.o)
                              CMakeFiles/QEA.elf.dir/Core/Src/main.c.obj (memcpy)
/Applications/ARM/bin/../lib/gcc/arm-none-eabi/10.3.1/../../../../arm-none-eabi/lib/thumb/v7-m/nofp/libg.a(lib_a-memset.o)
                              /Applications/ARM/bin/../lib/gcc/arm-none-eabi/10.3.1/../../../../arm-none-eabi/lib/thumb/v7-m/nofp/crt0.o (memset)
/Applications/ARM/bin/../lib/gcc/arm-none-eabi/10.3.1/../../../../arm-none-eabi/lib/thumb/v7-m/nofp/libg.a(lib_a-snprintf.o)
                              CMakeFiles/QEA.elf.dir/Core/Src/main.c.obj (snprintf)
/Applications/ARM/bin/../lib/gcc/arm-none-eabi/10.3.1/../../../../arm-none-eabi/lib/thumb/v7-m/nofp/libg.a(lib_a-strlen-stub.o)
                              CMakeFiles/QEA.elf.dir/Core/Src/main.c.obj (strlen)
/Applications/ARM/bin/../lib/gcc/arm-none-eabi/10.3.1/../../../../arm-none-eabi/lib/thumb/v7-m/nofp/libg.a(lib_a-svfprintf.o)
                              /Applications/ARM/bin/../lib/gcc/arm-none-eabi/10.3.1/../../../../arm-none-eabi/lib/thumb/v7-m/nofp/libg.a(lib_a-snprintf.o) (_svfprintf_r)
/Applications/ARM/bin/../lib/gcc/arm-none-eabi/10.3.1/../../../../arm-none-eabi/lib/thumb/v7-m/nofp/libg.a(lib_a-__call_atexit.o)
                              /Applications/ARM/bin/../lib/gcc/arm-none-eabi/10.3.1/../../../../arm-none-eabi/lib/thumb/v7-m/nofp/libg.a(lib_a-exit.o) (__call_exitprocs)
/Applications/ARM/bin/../lib/gcc/arm-none-eabi/10.3.1/../../../../arm-none-eabi/lib/thumb/v7-m/nofp/libg.a(lib_a-atexit.o)
                              /Applications/ARM/bin/../lib/gcc/arm-none-eabi/10.3.1/../../../../arm-none-eabi/lib/thumb/v7-m/nofp/libg.a(lib_a-__call_atexit.o) (atexit)
/Applications/ARM/bin/../lib/gcc/arm-none-eabi/10.3.1/../../../../arm-none-eabi/lib/thumb/v7-m/nofp/libg.a(lib_a-dtoa.o)
                              /Applications/ARM/bin/../lib/gcc/arm-none-eabi/10.3.1/../../../../arm-none-eabi/lib/thumb/v7-m/nofp/libg.a(lib_a-svfprintf.o) (_dtoa_r)
/Applications/ARM/bin/../lib/gcc/arm-none-eabi/10.3.1/../../../../arm-none-eabi/lib/thumb/v7-m/nofp/libg.a(lib_a-fini.o)
                              /Applications/ARM/bin/../lib/gcc/arm-none-eabi/10.3.1/../../../../arm-none-eabi/lib/thumb/v7-m/nofp/libg.a(lib_a-__call_atexit.o) (__libc_fini_array)
/Applications/ARM/bin/../lib/gcc/arm-none-eabi/10.3.1/../../../../arm-none-eabi/lib/thumb/v7-m/nofp/libg.a(lib_a-freer.o)
                              /Applications/ARM/bin/../lib/gcc/arm-none-eabi/10.3.1/../../../../arm-none-eabi/lib/thumb/v7-m/nofp/libg.a(lib_a-svfprintf.o) (_free_r)
/Applications/ARM/bin/../lib/gcc/arm-none-eabi/10.3.1/../../../../arm-none-eabi/lib/thumb/v7-m/nofp/libg.a(lib_a-localeconv.o)
                              /Applications/ARM/bin/../lib/gcc/arm-none-eabi/10.3.1/../../../../arm-none-eabi/lib/thumb/v7-m/nofp/libg.a(lib_a-svfprintf.o) (_localeconv_r)
[...]
Memory Configuration

Name             Origin             Length             Attributes
RAM              0x0000000020000000 0x000000000000c000 xrw
FLASH            0x0000000008000000 0x0000000000040000 xr
*default*        0x0000000000000000 0xffffffffffffffff

Linker script and memory map

LOAD /Applications/ARM/bin/../lib/gcc/arm-none-eabi/10.3.1/thumb/v7-m/nofp/crti.o
LOAD /Applications/ARM/bin/../lib/gcc/arm-none-eabi/10.3.1/thumb/v7-m/nofp/crtbegin.o
LOAD /Applications/ARM/bin/../lib/gcc/arm-none-eabi/10.3.1/../../../../arm-none-eabi/lib/thumb/v7-m/nofp/crt0.o
LOAD CMakeFiles/QEA.elf.dir/Core/Src/gpio.c.obj
LOAD CMakeFiles/QEA.elf.dir/Core/Src/main.c.obj
LOAD CMakeFiles/QEA.elf.dir/Core/Src/stm32f1xx_hal_msp.c.obj
LOAD CMakeFiles/QEA.elf.dir/Core/Src/stm32f1xx_it.c.obj
LOAD CMakeFiles/QEA.elf.dir/Core/Src/syscalls.c.obj
LOAD CMakeFiles/QEA.elf.dir/Core/Src/sysmem.c.obj
LOAD CMakeFiles/QEA.elf.dir/Core/Src/system_stm32f1xx.c.obj
LOAD CMakeFiles/QEA.elf.dir/Core/Src/tim.c.obj
LOAD CMakeFiles/QEA.elf.dir/Core/Src/usart.c.obj
LOAD CMakeFiles/QEA.elf.dir/Core/Startup/startup_stm32f103rctx.s.obj
LOAD CMakeFiles/QEA.elf.dir/Drivers/STM32F1xx_HAL_Driver/Src/stm32f1xx_hal.c.obj
LOAD CMakeFiles/QEA.elf.dir/Drivers/STM32F1xx_HAL_Driver/Src/stm32f1xx_hal_cortex.c.obj
LOAD CMakeFiles/QEA.elf.dir/Drivers/STM32F1xx_HAL_Driver/Src/stm32f1xx_hal_dma.c.obj
LOAD CMakeFiles/QEA.elf.dir/Drivers/STM32F1xx_HAL_Driver/Src/stm32f1xx_hal_exti.c.obj
LOAD CMakeFiles/QEA.elf.dir/Drivers/STM32F1xx_HAL_Driver/Src/stm32f1xx_hal_flash.c.obj
LOAD CMakeFiles/QEA.elf.dir/Drivers/STM32F1xx_HAL_Driver/Src/stm32f1xx_hal_flash_ex.c.obj
LOAD CMakeFiles/QEA.elf.dir/Drivers/STM32F1xx_HAL_Driver/Src/stm32f1xx_hal_gpio.c.obj
LOAD CMakeFiles/QEA.elf.dir/Drivers/STM32F1xx_HAL_Driver/Src/stm32f1xx_hal_gpio_ex.c.obj
LOAD CMakeFiles/QEA.elf.dir/Drivers/STM32F1xx_HAL_Driver/Src/stm32f1xx_hal_pwr.c.obj
LOAD CMakeFiles/QEA.elf.dir/Drivers/STM32F1xx_HAL_Driver/Src/stm32f1xx_hal_rcc.c.obj
LOAD CMakeFiles/QEA.elf.dir/Drivers/STM32F1xx_HAL_Driver/Src/stm32f1xx_hal_rcc_ex.c.obj
LOAD CMakeFiles/QEA.elf.dir/Drivers/STM32F1xx_HAL_Driver/Src/stm32f1xx_hal_tim.c.obj
LOAD CMakeFiles/QEA.elf.dir/Drivers/STM32F1xx_HAL_Driver/Src/stm32f1xx_hal_tim_ex.c.obj
LOAD CMakeFiles/QEA.elf.dir/Drivers/STM32F1xx_HAL_Driver/Src/stm32f1xx_hal_uart.c.obj
START GROUP
LOAD /Applications/ARM/bin/../lib/gcc/arm-none-eabi/10.3.1/thumb/v7-m/nofp/libgcc.a
LOAD /Applications/ARM/bin/../lib/gcc/arm-none-eabi/10.3.1/../../../../arm-none-eabi/lib/thumb/v7-m/nofp/libg.a
LOAD /Applications/ARM/bin/../lib/gcc/arm-none-eabi/10.3.1/../../../../arm-none-eabi/lib/thumb/v7-m/nofp/libc.a
END GROUP
LOAD /Applications/ARM/bin/../lib/gcc/arm-none-eabi/10.3.1/thumb/v7-m/nofp/crtend.o
LOAD /Applications/ARM/bin/../lib/gcc/arm-none-eabi/10.3.1/thumb/v7-m/nofp/crtn.o
                0x000000002000c000                _estack = (ORIGIN (RAM) + LENGTH (RAM))
                0x0000000000000200                _Min_Heap_Size = 0x200
                0x0000000000000400                _Min_Stack_Size = 0x400

.isr_vector     0x0000000008000000      0x1e4
                0x0000000008000000                . = ALIGN (0x4)
 *(.isr_vector)
 .isr_vector    0x0000000008000000      0x1e4 CMakeFiles/QEA.elf.dir/Core/Startup/startup_stm32f103rctx.s.obj
                0x0000000008000000                g_pfnVectors
                0x00000000080001e4                . = ALIGN (0x4)

.text           0x00000000080001e8     0x909c
                0x00000000080001e8                . = ALIGN (0x4)
 *(.text)
 .text          0x00000000080001e8       0x40 /Applications/ARM/bin/../lib/gcc/arm-none-eabi/10.3.1/thumb/v7-m/nofp/crtbegin.o
 .text          0x0000000008000228      0x378 /Applications/ARM/bin/../lib/gcc/arm-none-eabi/10.3.1/thumb/v7-m/nofp/libgcc.a(_arm_addsubdf3.o)
                0x0000000008000228                __aeabi_drsub
                0x0000000008000230                __subdf3
                0x0000000008000230                __aeabi_dsub
                0x0000000008000234                __aeabi_dadd
                0x0000000008000234                __adddf3
                0x00000000080004ac                __aeabi_ui2d
                0x00000000080004ac                __floatunsidf
                0x00000000080004cc                __floatsidf
                0x00000000080004cc                __aeabi_i2d
                0x00000000080004f0                __extendsfdf2
                0x00000000080004f0                __aeabi_f2d
                0x0000000008000534                __aeabi_ul2d
                0x0000000008000534                __floatundidf
                0x0000000008000544                __aeabi_l2d
                0x0000000008000544                __floatdidf
 .text          0x00000000080005a0      0x424 /Applications/ARM/bin/../lib/gcc/arm-none-eabi/10.3.1/thumb/v7-m/nofp/libgcc.a(_arm_muldivdf3.o)
                0x00000000080005a0                __aeabi_dmul
                0x00000000080005a0                __muldf3
                0x00000000080007f4                __aeabi_ddiv
                0x00000000080007f4                __divdf3
 .text          0x00000000080009c4      0x110 /Applications/ARM/bin/../lib/gcc/arm-none-eabi/10.3.1/thumb/v7-m/nofp/libgcc.a(_arm_cmpdf2.o)
                0x00000000080009c4                __gedf2
                0x00000000080009c4                __gtdf2
                0x00000000080009cc                __ledf2
                0x00000000080009cc                __ltdf2
                0x00000000080009d4                __cmpdf2
                0x00000000080009d4                __eqdf2
                0x00000000080009d4                __nedf2
                0x0000000008000a50                __aeabi_cdrcmple
                0x0000000008000a60                __aeabi_cdcmple
                0x0000000008000a60                __aeabi_cdcmpeq
                0x0000000008000a70                __aeabi_dcmpeq
                0x0000000008000a84                __aeabi_dcmplt
                0x0000000008000a98                __aeabi_dcmple
                0x0000000008000aac                __aeabi_dcmpge
                0x0000000008000ac0                __aeabi_dcmpgt
 .text          0x0000000008000ad4       0x40 /Applications/ARM/bin/../lib/gcc/arm-none-eabi/10.3.1/thumb/v7-m/nofp/libgcc.a(_arm_fixunsdfsi.o)
                0x0000000008000ad4                __fixunsdfsi
                0x0000000008000ad4                __aeabi_d2uiz
 .text          0x0000000008000b14       0xec /Applications/ARM/bin/../lib/gcc/arm-none-eabi/10.3.1/../../../../arm-none-eabi/lib/thumb/v7-m/nofp/libg.a(lib_a-memcpy.o)
                0x0000000008000b14                memcpy
 .text          0x0000000008000c00       0x2c /Applications/ARM/bin/../lib/gcc/arm-none-eabi/10.3.1/thumb/v7-m/nofp/libgcc.a(_arm_unorddf2.o)
                0x0000000008000c00                __aeabi_dcmpun
                0x0000000008000c00                __unorddf2
 .text          0x0000000008000c2c       0x50 /Applications/ARM/bin/../lib/gcc/arm-none-eabi/10.3.1/thumb/v7-m/nofp/libgcc.a(_arm_fixdfsi.o)
                0x0000000008000c2c                __fixdfsi
                0x0000000008000c2c                __aeabi_d2iz
 .text          0x0000000008000c7c       0x30 /Applications/ARM/bin/../lib/gcc/arm-none-eabi/10.3.1/thumb/v7-m/nofp/libgcc.a(_aeabi_uldivmod.o)
                0x0000000008000c7c                __aeabi_uldivmod
 .text          0x0000000008000cac      0x2d4 /Applications/ARM/bin/../lib/gcc/arm-none-eabi/10.3.1/thumb/v7-m/nofp/libgcc.a(_udivmoddi4.o)
                0x0000000008000cac                __udivmoddi4
 .text          0x0000000008000f80        0x4 /Applications/ARM/bin/../lib/gcc/arm-none-eabi/10.3.1/thumb/v7-m/nofp/libgcc.a(_dvmd_tls.o)
                0x0000000008000f80                __aeabi_ldiv0
                0x0000000008000f80                __aeabi_idiv0
 *(.text*)
 .text.MX_GPIO_Init
                0x0000000008000f84       0xec CMakeFiles/QEA.elf.dir/Core/Src/gpio.c.obj
                0x0000000008000f84                MX_GPIO_Init
 .text.ClearSpeed
                0x0000000008001070       0x14 CMakeFiles/QEA.elf.dir/Core/Src/main.c.obj
                0x0000000008001070                ClearSpeed
 .text.CommitSpeed
                0x0000000008001084       0x2c CMakeFiles/QEA.elf.dir/Core/Src/main.c.obj
                0x0000000008001084                CommitSpeed
 .text.Stop     0x00000000080010b0        0xc CMakeFiles/QEA.elf.dir/Core/Src/main.c.obj
                0x00000000080010b0                Stop
 .text.MoveForward
                0x00000000080010bc       0x7c CMakeFiles/QEA.elf.dir/Core/Src/main.c.obj
                0x00000000080010bc                MoveForward
 .text.MoveForwardV2
                0x0000000008001138       0x68 CMakeFiles/QEA.elf.dir/Core/Src/main.c.obj
                0x0000000008001138                MoveForwardV2
 .text.RobotInit
                0x00000000080011a0       0x8c CMakeFiles/QEA.elf.dir/Core/Src/main.c.obj
                0x00000000080011a0                RobotInit
 .text.Do_PID   0x000000000800122c       0xee CMakeFiles/QEA.elf.dir/Core/Src/main.c.obj
                0x000000000800122c                Do_PID
 *fill*         0x000000000800131a        0x2 
 .text.PID_Tick
                0x000000000800131c      0x124 CMakeFiles/QEA.elf.dir/Core/Src/main.c.obj
                0x000000000800131c                PID_Tick
 .text.HAL_TIM_PeriodElapsedCallback
                0x0000000008001440       0x18 CMakeFiles/QEA.elf.dir/Core/Src/main.c.obj
                0x0000000008001440                HAL_TIM_PeriodElapsedCallback
 .text.Error_Handler
                0x0000000008001458        0x4 CMakeFiles/QEA.elf.dir/Core/Src/main.c.obj
                0x0000000008001458                Error_Handler
 .text.SystemClock_Config
                0x000000000800145c       0x64 CMakeFiles/QEA.elf.dir/Core/Src/main.c.obj
                0x000000000800145c                SystemClock_Config
 .text.main     0x00000000080014c0      0x12c CMakeFiles/QEA.elf.dir/Core/Src/main.c.obj
                0x00000000080014c0                main
 .text.HAL_MspInit
                0x00000000080015ec       0x44 CMakeFiles/QEA.elf.dir/Core/Src/stm32f1xx_hal_msp.c.obj
                0x00000000080015ec                HAL_MspInit
 .text.NMI_Handler
                0x0000000008001630        0x2 CMakeFiles/QEA.elf.dir/Core/Src/stm32f1xx_it.c.obj
                0x0000000008001630                NMI_Handler
 .text.HardFault_Handler
                0x0000000008001632        0x2 CMakeFiles/QEA.elf.dir/Core/Src/stm32f1xx_it.c.obj
                0x0000000008001632                HardFault_Handler
 .text.MemManage_Handler
                0x0000000008001634        0x2 CMakeFiles/QEA.elf.dir/Core/Src/stm32f1xx_it.c.obj
                0x0000000008001634                MemManage_Handler
 .text.BusFault_Handler
                0x0000000008001636        0x2 CMakeFiles/QEA.elf.dir/Core/Src/stm32f1xx_it.c.obj
                0x0000000008001636                BusFault_Handler
 .text.UsageFault_Handler
                0x0000000008001638        0x2 CMakeFiles/QEA.elf.dir/Core/Src/stm32f1xx_it.c.obj
                0x0000000008001638                UsageFault_Handler
 .text.SVC_Handler
                0x000000000800163a        0x2 CMakeFiles/QEA.elf.dir/Core/Src/stm32f1xx_it.c.obj
                0x000000000800163a                SVC_Handler
 .text.DebugMon_Handler
                0x000000000800163c        0x2 CMakeFiles/QEA.elf.dir/Core/Src/stm32f1xx_it.c.obj
                0x000000000800163c                DebugMon_Handler
 .text.PendSV_Handler
                0x000000000800163e        0x2 CMakeFiles/QEA.elf.dir/Core/Src/stm32f1xx_it.c.obj
                0x000000000800163e                PendSV_Handler
 .text.SysTick_Handler
                0x0000000008001640        0x8 CMakeFiles/QEA.elf.dir/Core/Src/stm32f1xx_it.c.obj
                0x0000000008001640                SysTick_Handler
 .text.TIM6_IRQHandler
                0x0000000008001648       0x10 CMakeFiles/QEA.elf.dir/Core/Src/stm32f1xx_it.c.obj
                0x0000000008001648                TIM6_IRQHandler
 .text._getpid  0x0000000008001658        0x4 CMakeFiles/QEA.elf.dir/Core/Src/syscalls.c.obj
                0x0000000008001658                _getpid
 .text._kill    0x000000000800165c       0x10 CMakeFiles/QEA.elf.dir/Core/Src/syscalls.c.obj
                0x000000000800165c                _kill
 .text._exit    0x000000000800166c        0xc CMakeFiles/QEA.elf.dir/Core/Src/syscalls.c.obj
                0x000000000800166c                _exit
 .text._read    0x0000000008001678       0x20 CMakeFiles/QEA.elf.dir/Core/Src/syscalls.c.obj
                0x0000000008001678                _read
 .text._write   0x0000000008001698       0x1c CMakeFiles/QEA.elf.dir/Core/Src/syscalls.c.obj
                0x0000000008001698                _write
 .text._close   0x00000000080016b4        0x6 CMakeFiles/QEA.elf.dir/Core/Src/syscalls.c.obj
                0x00000000080016b4                _close
 .text._fstat   0x00000000080016ba        0xa CMakeFiles/QEA.elf.dir/Core/Src/syscalls.c.obj
                0x00000000080016ba                _fstat
 .text._isatty  0x00000000080016c4        0x4 CMakeFiles/QEA.elf.dir/Core/Src/syscalls.c.obj
                0x00000000080016c4                _isatty
 .text._lseek   0x00000000080016c8        0x4 CMakeFiles/QEA.elf.dir/Core/Src/syscalls.c.obj
                0x00000000080016c8                _lseek
 .text._sbrk    0x00000000080016cc       0x48 CMakeFiles/QEA.elf.dir/Core/Src/sysmem.c.obj
                0x00000000080016cc                _sbrk
 .text.SystemInit
                0x0000000008001714        0x2 CMakeFiles/QEA.elf.dir/Core/Src/system_stm32f1xx.c.obj
                0x0000000008001714                SystemInit
 *fill*         0x0000000008001716        0x2 
 .text.MX_TIM4_Init
                0x0000000008001718       0x64 CMakeFiles/QEA.elf.dir/Core/Src/tim.c.obj
                0x0000000008001718                MX_TIM4_Init
 .text.MX_TIM6_Init
                0x000000000800177c       0x50 CMakeFiles/QEA.elf.dir/Core/Src/tim.c.obj
                0x000000000800177c                MX_TIM6_Init
 .text.MX_TIM8_Init
                0x00000000080017cc       0x68 CMakeFiles/QEA.elf.dir/Core/Src/tim.c.obj
                0x00000000080017cc                MX_TIM8_Init
 .text.HAL_TIM_Base_MspInit
                0x0000000008001834       0x60 CMakeFiles/QEA.elf.dir/Core/Src/tim.c.obj
                0x0000000008001834                HAL_TIM_Base_MspInit
 .text.HAL_TIM_Encoder_MspInit
                0x0000000008001894       0xa0 CMakeFiles/QEA.elf.dir/Core/Src/tim.c.obj
                0x0000000008001894                HAL_TIM_Encoder_MspInit
 .text.HAL_TIM_MspPostInit
                0x0000000008001934       0x74 CMakeFiles/QEA.elf.dir/Core/Src/tim.c.obj
                0x0000000008001934                HAL_TIM_MspPostInit
 .text.MX_TIM3_Init
                0x00000000080019a8       0xec CMakeFiles/QEA.elf.dir/Core/Src/tim.c.obj
                0x00000000080019a8                MX_TIM3_Init
 .text.MX_USART1_UART_Init
                0x0000000008001a94       0x34 CMakeFiles/QEA.elf.dir/Core/Src/usart.c.obj
                0x0000000008001a94                MX_USART1_UART_Init
 .text.HAL_UART_MspInit
                0x0000000008001ac8       0x78 CMakeFiles/QEA.elf.dir/Core/Src/usart.c.obj
                0x0000000008001ac8                HAL_UART_MspInit
 .text.Reset_Handler
                0x0000000008001b40       0x48 CMakeFiles/QEA.elf.dir/Core/Startup/startup_stm32f103rctx.s.obj
                0x0000000008001b40                Reset_Handler
 .text.Default_Handler
                0x0000000008001b88        0x2 CMakeFiles/QEA.elf.dir/Core/Startup/startup_stm32f103rctx.s.obj
                0x0000000008001b88                DMA2_Channel3_IRQHandler
                0x0000000008001b88                EXTI2_IRQHandler
                0x0000000008001b88                TIM8_TRG_COM_IRQHandler
                0x0000000008001b88                TIM8_CC_IRQHandler
                0x0000000008001b88                TIM1_CC_IRQHandler
                0x0000000008001b88                PVD_IRQHandler
                0x0000000008001b88                SDIO_IRQHandler
                0x0000000008001b88                EXTI3_IRQHandler
                0x0000000008001b88                EXTI0_IRQHandler
                0x0000000008001b88                I2C2_EV_IRQHandler
                0x0000000008001b88                ADC1_2_IRQHandler
                0x0000000008001b88                SPI1_IRQHandler
                0x0000000008001b88                TAMPER_IRQHandler
                0x0000000008001b88                TIM8_UP_IRQHandler
                0x0000000008001b88                DMA2_Channel2_IRQHandler
                0x0000000008001b88                DMA1_Channel4_IRQHandler
                0x0000000008001b88                USART3_IRQHandler
                0x0000000008001b88                RTC_IRQHandler
                0x0000000008001b88                DMA1_Channel7_IRQHandler
                0x0000000008001b88                CAN1_RX1_IRQHandler
                0x0000000008001b88                UART5_IRQHandler
                0x0000000008001b88                ADC3_IRQHandler
                0x0000000008001b88                TIM4_IRQHandler
                0x0000000008001b88                DMA2_Channel1_IRQHandler
                0x0000000008001b88                I2C1_EV_IRQHandler
                0x0000000008001b88                DMA1_Channel6_IRQHandler
                0x0000000008001b88                UART4_IRQHandler
                0x0000000008001b88                TIM3_IRQHandler
                0x0000000008001b88                RCC_IRQHandler
                0x0000000008001b88                TIM1_TRG_COM_IRQHandler
                0x0000000008001b88                DMA1_Channel1_IRQHandler
                0x0000000008001b88                Default_Handler
                0x0000000008001b88                EXTI15_10_IRQHandler
                0x0000000008001b88                TIM7_IRQHandler
                0x0000000008001b88                TIM5_IRQHandler
                0x0000000008001b88                EXTI9_5_IRQHandler
                0x0000000008001b88                SPI2_IRQHandler
                0x0000000008001b88                DMA1_Channel5_IRQHandler
                0x0000000008001b88                EXTI4_IRQHandler
                0x0000000008001b88                USB_LP_CAN1_RX0_IRQHandler
                0x0000000008001b88                USB_HP_CAN1_TX_IRQHandler
                0x0000000008001b88                DMA1_Channel3_IRQHandler
                0x0000000008001b88                FSMC_IRQHandler
                0x0000000008001b88                TIM1_UP_IRQHandler
                0x0000000008001b88                WWDG_IRQHandler
                0x0000000008001b88                TIM2_IRQHandler
                0x0000000008001b88                TIM1_BRK_IRQHandler
                0x0000000008001b88                EXTI1_IRQHandler
                0x0000000008001b88                DMA2_Channel4_5_IRQHandler
                0x0000000008001b88                USART2_IRQHandler
                0x0000000008001b88                I2C2_ER_IRQHandler
                0x0000000008001b88                DMA1_Channel2_IRQHandler
                0x0000000008001b88                TIM8_BRK_IRQHandler
                0x0000000008001b88                CAN1_SCE_IRQHandler
                0x0000000008001b88                FLASH_IRQHandler
                0x0000000008001b88                USART1_IRQHandler
                0x0000000008001b88                SPI3_IRQHandler
                0x0000000008001b88                I2C1_ER_IRQHandler
                0x0000000008001b88                USBWakeUp_IRQHandler
                0x0000000008001b88                RTC_Alarm_IRQHandler
 *fill*         0x0000000008001b8a        0x2 
 .text.HAL_InitTick
                0x0000000008001b8c       0x4c CMakeFiles/QEA.elf.dir/Drivers/STM32F1xx_HAL_Driver/Src/stm32f1xx_hal.c.obj
                0x0000000008001b8c                HAL_InitTick
 .text.HAL_Init
                0x0000000008001bd8       0x24 CMakeFiles/QEA.elf.dir/Drivers/STM32F1xx_HAL_Driver/Src/stm32f1xx_hal.c.obj
                0x0000000008001bd8                HAL_Init
 .text.HAL_IncTick
                0x0000000008001bfc       0x18 CMakeFiles/QEA.elf.dir/Drivers/STM32F1xx_HAL_Driver/Src/stm32f1xx_hal.c.obj
                0x0000000008001bfc                HAL_IncTick
 .text.HAL_GetTick
                0x0000000008001c14        0xc CMakeFiles/QEA.elf.dir/Drivers/STM32F1xx_HAL_Driver/Src/stm32f1xx_hal.c.obj
                0x0000000008001c14                HAL_GetTick
 .text.HAL_Delay
                0x0000000008001c20       0x28 CMakeFiles/QEA.elf.dir/Drivers/STM32F1xx_HAL_Driver/Src/stm32f1xx_hal.c.obj
                0x0000000008001c20                HAL_Delay
 .text.HAL_NVIC_SetPriorityGrouping
                0x0000000008001c48       0x24 CMakeFiles/QEA.elf.dir/Drivers/STM32F1xx_HAL_Driver/Src/stm32f1xx_hal_cortex.c.obj
                0x0000000008001c48                HAL_NVIC_SetPriorityGrouping
 .text.HAL_NVIC_SetPriority
                0x0000000008001c6c       0x70 CMakeFiles/QEA.elf.dir/Drivers/STM32F1xx_HAL_Driver/Src/stm32f1xx_hal_cortex.c.obj
                0x0000000008001c6c                HAL_NVIC_SetPriority
 .text.HAL_NVIC_EnableIRQ
                0x0000000008001cdc       0x1c CMakeFiles/QEA.elf.dir/Drivers/STM32F1xx_HAL_Driver/Src/stm32f1xx_hal_cortex.c.obj
                0x0000000008001cdc                HAL_NVIC_EnableIRQ
 .text.HAL_SYSTICK_Config
                0x0000000008001cf8       0x28 CMakeFiles/QEA.elf.dir/Drivers/STM32F1xx_HAL_Driver/Src/stm32f1xx_hal_cortex.c.obj
                0x0000000008001cf8                HAL_SYSTICK_Config
 .text.HAL_GPIO_Init
                0x0000000008001d20      0x240 CMakeFiles/QEA.elf.dir/Drivers/STM32F1xx_HAL_Driver/Src/stm32f1xx_hal_gpio.c.obj
                0x0000000008001d20                HAL_GPIO_Init
 .text.HAL_GPIO_WritePin
                0x0000000008001f60        0xc CMakeFiles/QEA.elf.dir/Drivers/STM32F1xx_HAL_Driver/Src/stm32f1xx_hal_gpio.c.obj
                0x0000000008001f60                HAL_GPIO_WritePin
 .text.RCC_Delay
                0x0000000008001f6c       0x2c CMakeFiles/QEA.elf.dir/Drivers/STM32F1xx_HAL_Driver/Src/stm32f1xx_hal_rcc.c.obj
 .text.HAL_RCC_OscConfig
                0x0000000008001f98      0x410 CMakeFiles/QEA.elf.dir/Drivers/STM32F1xx_HAL_Driver/Src/stm32f1xx_hal_rcc.c.obj
                0x0000000008001f98                HAL_RCC_OscConfig
 .text.HAL_RCC_GetSysClockFreq
                0x00000000080023a8       0x70 CMakeFiles/QEA.elf.dir/Drivers/STM32F1xx_HAL_Driver/Src/stm32f1xx_hal_rcc.c.obj
                0x00000000080023a8                HAL_RCC_GetSysClockFreq
 .text.HAL_RCC_ClockConfig
                0x0000000008002418      0x16c CMakeFiles/QEA.elf.dir/Drivers/STM32F1xx_HAL_Driver/Src/stm32f1xx_hal_rcc.c.obj
                0x0000000008002418                HAL_RCC_ClockConfig
 .text.HAL_RCC_GetHCLKFreq
                0x0000000008002584        0xc CMakeFiles/QEA.elf.dir/Drivers/STM32F1xx_HAL_Driver/Src/stm32f1xx_hal_rcc.c.obj
                0x0000000008002584                HAL_RCC_GetHCLKFreq
 .text.HAL_RCC_GetPCLK1Freq
                0x0000000008002590       0x20 CMakeFiles/QEA.elf.dir/Drivers/STM32F1xx_HAL_Driver/Src/stm32f1xx_hal_rcc.c.obj
                0x0000000008002590                HAL_RCC_GetPCLK1Freq
 .text.HAL_RCC_GetPCLK2Freq
                0x00000000080025b0       0x20 CMakeFiles/QEA.elf.dir/Drivers/STM32F1xx_HAL_Driver/Src/stm32f1xx_hal_rcc.c.obj
                0x00000000080025b0                HAL_RCC_GetPCLK2Freq
 .text.TIM_OC1_SetConfig
                0x00000000080025d0       0x68 CMakeFiles/QEA.elf.dir/Drivers/STM32F1xx_HAL_Driver/Src/stm32f1xx_hal_tim.c.obj
 .text.TIM_OC3_SetConfig
                0x0000000008002638       0x70 CMakeFiles/QEA.elf.dir/Drivers/STM32F1xx_HAL_Driver/Src/stm32f1xx_hal_tim.c.obj
 .text.TIM_OC4_SetConfig
                0x00000000080026a8       0x50 CMakeFiles/QEA.elf.dir/Drivers/STM32F1xx_HAL_Driver/Src/stm32f1xx_hal_tim.c.obj
 .text.TIM_TI1_ConfigInputStage
                0x00000000080026f8       0x24 CMakeFiles/QEA.elf.dir/Drivers/STM32F1xx_HAL_Driver/Src/stm32f1xx_hal_tim.c.obj
 .text.TIM_TI2_ConfigInputStage
                0x000000000800271c       0x26 CMakeFiles/QEA.elf.dir/Drivers/STM32F1xx_HAL_Driver/Src/stm32f1xx_hal_tim.c.obj
 .text.TIM_ITRx_SetConfig
                0x0000000008002742       0x10 CMakeFiles/QEA.elf.dir/Drivers/STM32F1xx_HAL_Driver/Src/stm32f1xx_hal_tim.c.obj
 *fill*         0x0000000008002752        0x2 
 .text.HAL_TIM_Base_Start_IT
                0x0000000008002754       0x78 CMakeFiles/QEA.elf.dir/Drivers/STM32F1xx_HAL_Driver/Src/stm32f1xx_hal_tim.c.obj
                0x0000000008002754                HAL_TIM_Base_Start_IT
 .text.HAL_TIM_PWM_MspInit
                0x00000000080027cc        0x2 CMakeFiles/QEA.elf.dir/Drivers/STM32F1xx_HAL_Driver/Src/stm32f1xx_hal_tim.c.obj
                0x00000000080027cc                HAL_TIM_PWM_MspInit
 .text.HAL_TIM_OC_DelayElapsedCallback
                0x00000000080027ce        0x2 CMakeFiles/QEA.elf.dir/Drivers/STM32F1xx_HAL_Driver/Src/stm32f1xx_hal_tim.c.obj
                0x00000000080027ce                HAL_TIM_OC_DelayElapsedCallback
 .text.HAL_TIM_IC_CaptureCallback
                0x00000000080027d0        0x2 CMakeFiles/QEA.elf.dir/Drivers/STM32F1xx_HAL_Driver/Src/stm32f1xx_hal_tim.c.obj
                0x00000000080027d0                HAL_TIM_IC_CaptureCallback
 .text.HAL_TIM_PWM_PulseFinishedCallback
                0x00000000080027d2        0x2 CMakeFiles/QEA.elf.dir/Drivers/STM32F1xx_HAL_Driver/Src/stm32f1xx_hal_tim.c.obj
                0x00000000080027d2                HAL_TIM_PWM_PulseFinishedCallback
 .text.HAL_TIM_TriggerCallback
                0x00000000080027d4        0x2 CMakeFiles/QEA.elf.dir/Drivers/STM32F1xx_HAL_Driver/Src/stm32f1xx_hal_tim.c.obj
                0x00000000080027d4                HAL_TIM_TriggerCallback
 .text.HAL_TIM_IRQHandler
                0x00000000080027d6      0x17a CMakeFiles/QEA.elf.dir/Drivers/STM32F1xx_HAL_Driver/Src/stm32f1xx_hal_tim.c.obj
                0x00000000080027d6                HAL_TIM_IRQHandler
 .text.TIM_Base_SetConfig
                0x0000000008002950       0x98 CMakeFiles/QEA.elf.dir/Drivers/STM32F1xx_HAL_Driver/Src/stm32f1xx_hal_tim.c.obj
                0x0000000008002950                TIM_Base_SetConfig
 .text.HAL_TIM_Base_Init
                0x00000000080029e8       0x58 CMakeFiles/QEA.elf.dir/Drivers/STM32F1xx_HAL_Driver/Src/stm32f1xx_hal_tim.c.obj
                0x00000000080029e8                HAL_TIM_Base_Init
 .text.HAL_TIM_PWM_Init
                0x0000000008002a40       0x58 CMakeFiles/QEA.elf.dir/Drivers/STM32F1xx_HAL_Driver/Src/stm32f1xx_hal_tim.c.obj
                0x0000000008002a40                HAL_TIM_PWM_Init
 .text.HAL_TIM_Encoder_Init
                0x0000000008002a98       0xb8 CMakeFiles/QEA.elf.dir/Drivers/STM32F1xx_HAL_Driver/Src/stm32f1xx_hal_tim.c.obj
                0x0000000008002a98                HAL_TIM_Encoder_Init
 .text.TIM_OC2_SetConfig
                0x0000000008002b50       0x70 CMakeFiles/QEA.elf.dir/Drivers/STM32F1xx_HAL_Driver/Src/stm32f1xx_hal_tim.c.obj
                0x0000000008002b50                TIM_OC2_SetConfig
 .text.HAL_TIM_PWM_ConfigChannel
                0x0000000008002bc0       0xd0 CMakeFiles/QEA.elf.dir/Drivers/STM32F1xx_HAL_Driver/Src/stm32f1xx_hal_tim.c.obj
                0x0000000008002bc0                HAL_TIM_PWM_ConfigChannel
 .text.TIM_ETR_SetConfig
                0x0000000008002c90       0x18 CMakeFiles/QEA.elf.dir/Drivers/STM32F1xx_HAL_Driver/Src/stm32f1xx_hal_tim.c.obj
                0x0000000008002c90                TIM_ETR_SetConfig
 .text.HAL_TIM_ConfigClockSource
                0x0000000008002ca8       0xda CMakeFiles/QEA.elf.dir/Drivers/STM32F1xx_HAL_Driver/Src/stm32f1xx_hal_tim.c.obj
                0x0000000008002ca8                HAL_TIM_ConfigClockSource
 .text.TIM_CCxChannelCmd
                0x0000000008002d82       0x1e CMakeFiles/QEA.elf.dir/Drivers/STM32F1xx_HAL_Driver/Src/stm32f1xx_hal_tim.c.obj
                0x0000000008002d82                TIM_CCxChannelCmd
 .text.HAL_TIM_PWM_Start
                0x0000000008002da0       0xf4 CMakeFiles/QEA.elf.dir/Drivers/STM32F1xx_HAL_Driver/Src/stm32f1xx_hal_tim.c.obj
                0x0000000008002da0                HAL_TIM_PWM_Start
 .text.HAL_TIM_Encoder_Start
                0x0000000008002e94       0xcc CMakeFiles/QEA.elf.dir/Drivers/STM32F1xx_HAL_Driver/Src/stm32f1xx_hal_tim.c.obj
                0x0000000008002e94                HAL_TIM_Encoder_Start
 .text.HAL_TIMEx_MasterConfigSynchronization
                0x0000000008002f60       0x7c CMakeFiles/QEA.elf.dir/Drivers/STM32F1xx_HAL_Driver/Src/stm32f1xx_hal_tim_ex.c.obj
                0x0000000008002f60                HAL_TIMEx_MasterConfigSynchronization
 .text.HAL_TIMEx_CommutCallback
                0x0000000008002fdc        0x2 CMakeFiles/QEA.elf.dir/Drivers/STM32F1xx_HAL_Driver/Src/stm32f1xx_hal_tim_ex.c.obj
                0x0000000008002fdc                HAL_TIMEx_CommutCallback
 .text.HAL_TIMEx_BreakCallback
                0x0000000008002fde        0x2 CMakeFiles/QEA.elf.dir/Drivers/STM32F1xx_HAL_Driver/Src/stm32f1xx_hal_tim_ex.c.obj
                0x0000000008002fde                HAL_TIMEx_BreakCallback
 .text.UART_SetConfig
                0x0000000008002fe0       0x94 CMakeFiles/QEA.elf.dir/Drivers/STM32F1xx_HAL_Driver/Src/stm32f1xx_hal_uart.c.obj
 .text.UART_WaitOnFlagUntilTimeout
                0x0000000008003074       0x6c CMakeFiles/QEA.elf.dir/Drivers/STM32F1xx_HAL_Driver/Src/stm32f1xx_hal_uart.c.obj
 .text.HAL_UART_Init
                0x00000000080030e0       0x5e CMakeFiles/QEA.elf.dir/Drivers/STM32F1xx_HAL_Driver/Src/stm32f1xx_hal_uart.c.obj
                0x00000000080030e0                HAL_UART_Init
 .text.HAL_UART_Transmit
                0x000000000800313e       0xd8 CMakeFiles/QEA.elf.dir/Drivers/STM32F1xx_HAL_Driver/Src/stm32f1xx_hal_uart.c.obj
                0x000000000800313e                HAL_UART_Transmit
 *fill*         0x0000000008003216        0x2 
 .text.__errno  0x0000000008003218        0xc /Applications/ARM/bin/../lib/gcc/arm-none-eabi/10.3.1/../../../../arm-none-eabi/lib/thumb/v7-m/nofp/libg.a(lib_a-errno.o)
                0x0000000008003218                __errno
 .text.__libc_init_array
                0x0000000008003224       0x48 /Applications/ARM/bin/../lib/gcc/arm-none-eabi/10.3.1/../../../../arm-none-eabi/lib/thumb/v7-m/nofp/libg.a(lib_a-init.o)
                0x0000000008003224                __libc_init_array
 .text.memset   0x000000000800326c       0xa4 /Applications/ARM/bin/../lib/gcc/arm-none-eabi/10.3.1/../../../../arm-none-eabi/lib/thumb/v7-m/nofp/libg.a(lib_a-memset.o)
                0x000000000800326c                memset
 .text.snprintf
                0x0000000008003310       0x84 /Applications/ARM/bin/../lib/gcc/arm-none-eabi/10.3.1/../../../../arm-none-eabi/lib/thumb/v7-m/nofp/libg.a(lib_a-snprintf.o)
                0x0000000008003310                snprintf
 .text.strlen   0x0000000008003394       0x5c /Applications/ARM/bin/../lib/gcc/arm-none-eabi/10.3.1/../../../../arm-none-eabi/lib/thumb/v7-m/nofp/libg.a(lib_a-strlen-stub.o)
                0x0000000008003394                strlen
 .text._svfprintf_r
                0x00000000080033f0     0x1aa4 /Applications/ARM/bin/../lib/gcc/arm-none-eabi/10.3.1/../../../../arm-none-eabi/lib/thumb/v7-m/nofp/libg.a(lib_a-svfprintf.o)
                0x00000000080033f0                _svfprintf_r
 .text.startup.register_fini
                0x0000000008004e94       0x14 /Applications/ARM/bin/../lib/gcc/arm-none-eabi/10.3.1/../../../../arm-none-eabi/lib/thumb/v7-m/nofp/libg.a(lib_a-__call_atexit.o)
 .text.atexit   0x0000000008004ea8        0xc /Applications/ARM/bin/../lib/gcc/arm-none-eabi/10.3.1/../../../../arm-none-eabi/lib/thumb/v7-m/nofp/libg.a(lib_a-atexit.o)
                0x0000000008004ea8                atexit
 .text.quorem   0x0000000008004eb4      0x12c /Applications/ARM/bin/../lib/gcc/arm-none-eabi/10.3.1/../../../../arm-none-eabi/lib/thumb/v7-m/nofp/libg.a(lib_a-dtoa.o)
 .text._dtoa_r  0x0000000008004fe0      0xecc /Applications/ARM/bin/../lib/gcc/arm-none-eabi/10.3.1/../../../../arm-none-eabi/lib/thumb/v7-m/nofp/libg.a(lib_a-dtoa.o)
                0x0000000008004fe0                _dtoa_r
 .text.__libc_fini_array
                0x0000000008005eac       0x2c /Applications/ARM/bin/../lib/gcc/arm-none-eabi/10.3.1/../../../../arm-none-eabi/lib/thumb/v7-m/nofp/libg.a(lib_a-fini.o)
                0x0000000008005eac                __libc_fini_array
 .text._malloc_trim_r
                0x0000000008005ed8       0xa0 /Applications/ARM/bin/../lib/gcc/arm-none-eabi/10.3.1/../../../../arm-none-eabi/lib/thumb/v7-m/nofp/libg.a(lib_a-freer.o)
                0x0000000008005ed8                _malloc_trim_r
 .text._free_r  0x0000000008005f78      0x200 /Applications/ARM/bin/../lib/gcc/arm-none-eabi/10.3.1/../../../../arm-none-eabi/lib/thumb/v7-m/nofp/libg.a(lib_a-freer.o)
                0x0000000008005f78                _free_r
 .text._localeconv_r
                0x0000000008006178        0x8 /Applications/ARM/bin/../lib/gcc/arm-none-eabi/10.3.1/../../../../arm-none-eabi/lib/thumb/v7-m/nofp/libg.a(lib_a-localeconv.o)
                0x0000000008006178                _localeconv_r
 .text.__retarget_lock_init_recursive
                0x0000000008006180        0x4 /Applications/ARM/bin/../lib/gcc/arm-none-eabi/10.3.1/../../../../arm-none-eabi/lib/thumb/v7-m/nofp/libg.a(lib_a-lock.o)
                0x0000000008006180                __retarget_lock_init_recursive
 .text.__retarget_lock_close_recursive
                0x0000000008006184        0x4 /Applications/ARM/bin/../lib/gcc/arm-none-eabi/10.3.1/../../../../arm-none-eabi/lib/thumb/v7-m/nofp/libg.a(lib_a-lock.o)
                0x0000000008006184                __retarget_lock_close_recursive
 .text.__retarget_lock_acquire_recursive
                0x0000000008006188        0x4 /Applications/ARM/bin/../lib/gcc/arm-none-eabi/10.3.1/../../../../arm-none-eabi/lib/thumb/v7-m/nofp/libg.a(lib_a-lock.o)
                0x0000000008006188                __retarget_lock_acquire_recursive
 .text.__retarget_lock_release_recursive
                0x000000000800618c        0x4 /Applications/ARM/bin/../lib/gcc/arm-none-eabi/10.3.1/../../../../arm-none-eabi/lib/thumb/v7-m/nofp/libg.a(lib_a-lock.o)
                0x000000000800618c                __retarget_lock_release_recursive
 .text._malloc_r
                0x0000000008006190      0x558 /Applications/ARM/bin/../lib/gcc/arm-none-eabi/10.3.1/../../../../arm-none-eabi/lib/thumb/v7-m/nofp/libg.a(lib_a-mallocr.o)
                0x0000000008006190                _malloc_r
 .text.memchr   0x00000000080066e8       0x90 /Applications/ARM/bin/../lib/gcc/arm-none-eabi/10.3.1/../../../../arm-none-eabi/lib/thumb/v7-m/nofp/libg.a(lib_a-memchr-stub.o)
                0x00000000080066e8                memchr
 .text.__malloc_lock
                0x0000000008006778        0xc /Applications/ARM/bin/../lib/gcc/arm-none-eabi/10.3.1/../../../../arm-none-eabi/lib/thumb/v7-m/nofp/libg.a(lib_a-mlock.o)
                0x0000000008006778                __malloc_lock
 .text.__malloc_unlock
                0x0000000008006784        0xc /Applications/ARM/bin/../lib/gcc/arm-none-eabi/10.3.1/../../../../arm-none-eabi/lib/thumb/v7-m/nofp/libg.a(lib_a-mlock.o)
                0x0000000008006784                __malloc_unlock
 .text._Balloc  0x0000000008006790       0x4c /Applications/ARM/bin/../lib/gcc/arm-none-eabi/10.3.1/../../../../arm-none-eabi/lib/thumb/v7-m/nofp/libg.a(lib_a-mprec.o)
                0x0000000008006790                _Balloc
 .text._Bfree   0x00000000080067dc       0x14 /Applications/ARM/bin/../lib/gcc/arm-none-eabi/10.3.1/../../../../arm-none-eabi/lib/thumb/v7-m/nofp/libg.a(lib_a-mprec.o)
                0x00000000080067dc                _Bfree
 .text.__multadd
                0x00000000080067f0       0xa4 /Applications/ARM/bin/../lib/gcc/arm-none-eabi/10.3.1/../../../../arm-none-eabi/lib/thumb/v7-m/nofp/libg.a(lib_a-mprec.o)
                0x00000000080067f0                __multadd
 .text.__hi0bits
                0x0000000008006894       0x40 /Applications/ARM/bin/../lib/gcc/arm-none-eabi/10.3.1/../../../../arm-none-eabi/lib/thumb/v7-m/nofp/libg.a(lib_a-mprec.o)
                0x0000000008006894                __hi0bits
 .text.__lo0bits
                0x00000000080068d4       0x58 /Applications/ARM/bin/../lib/gcc/arm-none-eabi/10.3.1/../../../../arm-none-eabi/lib/thumb/v7-m/nofp/libg.a(lib_a-mprec.o)
                0x00000000080068d4                __lo0bits
 .text.__i2b    0x000000000800692c       0x5c /Applications/ARM/bin/../lib/gcc/arm-none-eabi/10.3.1/../../../../arm-none-eabi/lib/thumb/v7-m/nofp/libg.a(lib_a-mprec.o)
                0x000000000800692c                __i2b
 .text.__multiply
                0x0000000008006988      0x15c /Applications/ARM/bin/../lib/gcc/arm-none-eabi/10.3.1/../../../../arm-none-eabi/lib/thumb/v7-m/nofp/libg.a(lib_a-mprec.o)
                0x0000000008006988                __multiply
 .text.__pow5mult
                0x0000000008006ae4       0xb8 /Applications/ARM/bin/../lib/gcc/arm-none-eabi/10.3.1/../../../../arm-none-eabi/lib/thumb/v7-m/nofp/libg.a(lib_a-mprec.o)
                0x0000000008006ae4                __pow5mult
 .text.__lshift
                0x0000000008006b9c       0xec /Applications/ARM/bin/../lib/gcc/arm-none-eabi/10.3.1/../../../../arm-none-eabi/lib/thumb/v7-m/nofp/libg.a(lib_a-mprec.o)
                0x0000000008006b9c                __lshift
 .text.__mcmp   0x0000000008006c88       0x40 /Applications/ARM/bin/../lib/gcc/arm-none-eabi/10.3.1/../../../../arm-none-eabi/lib/thumb/v7-m/nofp/libg.a(lib_a-mprec.o)
                0x0000000008006c88                __mcmp
 .text.__mdiff  0x0000000008006cc8      0x14c /Applications/ARM/bin/../lib/gcc/arm-none-eabi/10.3.1/../../../../arm-none-eabi/lib/thumb/v7-m/nofp/libg.a(lib_a-mprec.o)
                0x0000000008006cc8                __mdiff
 .text.__d2b    0x0000000008006e14       0xc4 /Applications/ARM/bin/../lib/gcc/arm-none-eabi/10.3.1/../../../../arm-none-eabi/lib/thumb/v7-m/nofp/libg.a(lib_a-mprec.o)
                0x0000000008006e14                __d2b
 .text.frexp    0x0000000008006ed8       0x70 /Applications/ARM/bin/../lib/gcc/arm-none-eabi/10.3.1/../../../../arm-none-eabi/lib/thumb/v7-m/nofp/libg.a(lib_a-s_frexp.o)
                0x0000000008006ed8                frexp
 .text._sbrk_r  0x0000000008006f48       0x24 /Applications/ARM/bin/../lib/gcc/arm-none-eabi/10.3.1/../../../../arm-none-eabi/lib/thumb/v7-m/nofp/libg.a(lib_a-sbrkr.o)
                0x0000000008006f48                _sbrk_r
 .text.strncpy  0x0000000008006f6c       0x68 /Applications/ARM/bin/../lib/gcc/arm-none-eabi/10.3.1/../../../../arm-none-eabi/lib/thumb/v7-m/nofp/libg.a(lib_a-strncpy.o)
                0x0000000008006f6c                strncpy
 .text.__ssprint_r
                0x0000000008006fd4       0xfc /Applications/ARM/bin/../lib/gcc/arm-none-eabi/10.3.1/../../../../arm-none-eabi/lib/thumb/v7-m/nofp/libg.a(lib_a-svfiprintf.o)
                0x0000000008006fd4                __ssprint_r
 .text.__register_exitproc
                0x00000000080070d0       0x8c /Applications/ARM/bin/../lib/gcc/arm-none-eabi/10.3.1/../../../../arm-none-eabi/lib/thumb/v7-m/nofp/libg.a(lib_a-__atexit.o)
                0x00000000080070d0                __register_exitproc
 .text.__assert_func
                0x000000000800715c       0x40 /Applications/ARM/bin/../lib/gcc/arm-none-eabi/10.3.1/../../../../arm-none-eabi/lib/thumb/v7-m/nofp/libg.a(lib_a-assert.o)
                0x000000000800715c                __assert_func
 .text._calloc_r
                0x000000000800719c       0x78 /Applications/ARM/bin/../lib/gcc/arm-none-eabi/10.3.1/../../../../arm-none-eabi/lib/thumb/v7-m/nofp/libg.a(lib_a-callocr.o)
                0x000000000800719c                _calloc_r
 .text.fiprintf
                0x0000000008007214       0x28 /Applications/ARM/bin/../lib/gcc/arm-none-eabi/10.3.1/../../../../arm-none-eabi/lib/thumb/v7-m/nofp/libg.a(lib_a-fiprintf.o)
                0x0000000008007214                fiprintf
 .text.__locale_mb_cur_max
                0x000000000800723c        0xc /Applications/ARM/bin/../lib/gcc/arm-none-eabi/10.3.1/../../../../arm-none-eabi/lib/thumb/v7-m/nofp/libg.a(lib_a-locale.o)
                0x000000000800723c                __locale_mb_cur_max
 .text.__ascii_mbtowc
                0x0000000008007248       0x2c /Applications/ARM/bin/../lib/gcc/arm-none-eabi/10.3.1/../../../../arm-none-eabi/lib/thumb/v7-m/nofp/libg.a(lib_a-mbtowc_r.o)
                0x0000000008007248                __ascii_mbtowc
 .text.memmove  0x0000000008007274       0xf8 /Applications/ARM/bin/../lib/gcc/arm-none-eabi/10.3.1/../../../../arm-none-eabi/lib/thumb/v7-m/nofp/libg.a(lib_a-memmove.o)
                0x0000000008007274                memmove
 .text._realloc_r
                0x000000000800736c      0x3dc /Applications/ARM/bin/../lib/gcc/arm-none-eabi/10.3.1/../../../../arm-none-eabi/lib/thumb/v7-m/nofp/libg.a(lib_a-reallocr.o)
                0x000000000800736c                _realloc_r
 .text.__sprint_r.part.0
                0x0000000008007748       0x78 /Applications/ARM/bin/../lib/gcc/arm-none-eabi/10.3.1/../../../../arm-none-eabi/lib/thumb/v7-m/nofp/libg.a(lib_a-vfiprintf.o)
 .text._vfiprintf_r
                0x00000000080077c0      0xd98 /Applications/ARM/bin/../lib/gcc/arm-none-eabi/10.3.1/../../../../arm-none-eabi/lib/thumb/v7-m/nofp/libg.a(lib_a-vfiprintf.o)
                0x00000000080077c0                _vfiprintf_r
 .text.__sbprintf
                0x0000000008008558       0x84 /Applications/ARM/bin/../lib/gcc/arm-none-eabi/10.3.1/../../../../arm-none-eabi/lib/thumb/v7-m/nofp/libg.a(lib_a-vfiprintf.o)
 .text.__ascii_wctomb
                0x00000000080085dc       0x1c /Applications/ARM/bin/../lib/gcc/arm-none-eabi/10.3.1/../../../../arm-none-eabi/lib/thumb/v7-m/nofp/libg.a(lib_a-wctomb_r.o)
                0x00000000080085dc                __ascii_wctomb
 .text.__swsetup_r
                0x00000000080085f8       0xd4 /Applications/ARM/bin/../lib/gcc/arm-none-eabi/10.3.1/../../../../arm-none-eabi/lib/thumb/v7-m/nofp/libg.a(lib_a-wsetup.o)
                0x00000000080085f8                __swsetup_r
 .text.abort    0x00000000080086cc       0x10 /Applications/ARM/bin/../lib/gcc/arm-none-eabi/10.3.1/../../../../arm-none-eabi/lib/thumb/v7-m/nofp/libg.a(lib_a-abort.o)
                0x00000000080086cc                abort
 .text.__sflush_r
                0x00000000080086dc      0x124 /Applications/ARM/bin/../lib/gcc/arm-none-eabi/10.3.1/../../../../arm-none-eabi/lib/thumb/v7-m/nofp/libg.a(lib_a-fflush.o)
                0x00000000080086dc                __sflush_r
 .text._fflush_r
                0x0000000008008800       0x5c /Applications/ARM/bin/../lib/gcc/arm-none-eabi/10.3.1/../../../../arm-none-eabi/lib/thumb/v7-m/nofp/libg.a(lib_a-fflush.o)
                0x0000000008008800                _fflush_r
 .text._cleanup_r
                0x000000000800885c        0xc /Applications/ARM/bin/../lib/gcc/arm-none-eabi/10.3.1/../../../../arm-none-eabi/lib/thumb/v7-m/nofp/libg.a(lib_a-findfp.o)
                0x000000000800885c                _cleanup_r
 .text.__sinit  0x0000000008008868      0x10c /Applications/ARM/bin/../lib/gcc/arm-none-eabi/10.3.1/../../../../arm-none-eabi/lib/thumb/v7-m/nofp/libg.a(lib_a-findfp.o)
                0x0000000008008868                __sinit
 .text.__sfp_lock_acquire
                0x0000000008008974        0xc /Applications/ARM/bin/../lib/gcc/arm-none-eabi/10.3.1/../../../../arm-none-eabi/lib/thumb/v7-m/nofp/libg.a(lib_a-findfp.o)
                0x0000000008008974                __sfp_lock_acquire
 .text.__sfp_lock_release
                0x0000000008008980        0xc /Applications/ARM/bin/../lib/gcc/arm-none-eabi/10.3.1/../../../../arm-none-eabi/lib/thumb/v7-m/nofp/libg.a(lib_a-findfp.o)
                0x0000000008008980                __sfp_lock_release
 .text.__fputwc
                0x000000000800898c       0xa0 /Applications/ARM/bin/../lib/gcc/arm-none-eabi/10.3.1/../../../../arm-none-eabi/lib/thumb/v7-m/nofp/libg.a(lib_a-fputwc.o)
                0x000000000800898c                __fputwc
 .text._fputwc_r
                0x0000000008008a2c       0x68 /Applications/ARM/bin/../lib/gcc/arm-none-eabi/10.3.1/../../../../arm-none-eabi/lib/thumb/v7-m/nofp/libg.a(lib_a-fputwc.o)
                0x0000000008008a2c                _fputwc_r
 .text.__sfvwrite_r
                0x0000000008008a94      0x2f0 /Applications/ARM/bin/../lib/gcc/arm-none-eabi/10.3.1/../../../../arm-none-eabi/lib/thumb/v7-m/nofp/libg.a(lib_a-fvwrite.o)
                0x0000000008008a94                __sfvwrite_r
 .text._fwalk_reent
                0x0000000008008d84       0x48 /Applications/ARM/bin/../lib/gcc/arm-none-eabi/10.3.1/../../../../arm-none-eabi/lib/thumb/v7-m/nofp/libg.a(lib_a-fwalk.o)
                0x0000000008008d84                _fwalk_reent
 .text.__smakebuf_r
                0x0000000008008dcc       0xe0 /Applications/ARM/bin/../lib/gcc/arm-none-eabi/10.3.1/../../../../arm-none-eabi/lib/thumb/v7-m/nofp/libg.a(lib_a-makebuf.o)
                0x0000000008008dcc                __smakebuf_r
 .text.raise    0x0000000008008eac       0x5c /Applications/ARM/bin/../lib/gcc/arm-none-eabi/10.3.1/../../../../arm-none-eabi/lib/thumb/v7-m/nofp/libg.a(lib_a-signal.o)
                0x0000000008008eac                raise
 .text._kill_r  0x0000000008008f08       0x28 /Applications/ARM/bin/../lib/gcc/arm-none-eabi/10.3.1/../../../../arm-none-eabi/lib/thumb/v7-m/nofp/libg.a(lib_a-signalr.o)
                0x0000000008008f08                _kill_r
 .text._getpid_r
                0x0000000008008f30        0x4 /Applications/ARM/bin/../lib/gcc/arm-none-eabi/10.3.1/../../../../arm-none-eabi/lib/thumb/v7-m/nofp/libg.a(lib_a-signalr.o)
                0x0000000008008f30                _getpid_r
 .text.__sread  0x0000000008008f34       0x24 /Applications/ARM/bin/../lib/gcc/arm-none-eabi/10.3.1/../../../../arm-none-eabi/lib/thumb/v7-m/nofp/libg.a(lib_a-stdio.o)
                0x0000000008008f34                __sread
 .text.__swrite
                0x0000000008008f58       0x40 /Applications/ARM/bin/../lib/gcc/arm-none-eabi/10.3.1/../../../../arm-none-eabi/lib/thumb/v7-m/nofp/libg.a(lib_a-stdio.o)
                0x0000000008008f58                __swrite
 .text.__sseek  0x0000000008008f98       0x20 /Applications/ARM/bin/../lib/gcc/arm-none-eabi/10.3.1/../../../../arm-none-eabi/lib/thumb/v7-m/nofp/libg.a(lib_a-stdio.o)
                0x0000000008008f98                __sseek
 .text.__sclose
                0x0000000008008fb8        0x8 /Applications/ARM/bin/../lib/gcc/arm-none-eabi/10.3.1/../../../../arm-none-eabi/lib/thumb/v7-m/nofp/libg.a(lib_a-stdio.o)
                0x0000000008008fb8                __sclose
 .text.__swbuf_r
                0x0000000008008fc0       0xb0 /Applications/ARM/bin/../lib/gcc/arm-none-eabi/10.3.1/../../../../arm-none-eabi/lib/thumb/v7-m/nofp/libg.a(lib_a-wbuf.o)
                0x0000000008008fc0                __swbuf_r
 .text._wcrtomb_r
                0x0000000008009070       0x3c /Applications/ARM/bin/../lib/gcc/arm-none-eabi/10.3.1/../../../../arm-none-eabi/lib/thumb/v7-m/nofp/libg.a(lib_a-wcrtomb.o)
                0x0000000008009070                _wcrtomb_r
 .text._write_r
                0x00000000080090ac       0x2c /Applications/ARM/bin/../lib/gcc/arm-none-eabi/10.3.1/../../../../arm-none-eabi/lib/thumb/v7-m/nofp/libg.a(lib_a-writer.o)
                0x00000000080090ac                _write_r
 .text._close_r
                0x00000000080090d8       0x24 /Applications/ARM/bin/../lib/gcc/arm-none-eabi/10.3.1/../../../../arm-none-eabi/lib/thumb/v7-m/nofp/libg.a(lib_a-closer.o)
                0x00000000080090d8                _close_r
 .text._fclose_r
                0x00000000080090fc       0xcc /Applications/ARM/bin/../lib/gcc/arm-none-eabi/10.3.1/../../../../arm-none-eabi/lib/thumb/v7-m/nofp/libg.a(lib_a-fclose.o)
                0x00000000080090fc                _fclose_r
 .text._fstat_r
                0x00000000080091c8       0x28 /Applications/ARM/bin/../lib/gcc/arm-none-eabi/10.3.1/../../../../arm-none-eabi/lib/thumb/v7-m/nofp/libg.a(lib_a-fstatr.o)
                0x00000000080091c8                _fstat_r
 .text._isatty_r
                0x00000000080091f0       0x24 /Applications/ARM/bin/../lib/gcc/arm-none-eabi/10.3.1/../../../../arm-none-eabi/lib/thumb/v7-m/nofp/libg.a(lib_a-isattyr.o)
                0x00000000080091f0                _isatty_r
 .text._lseek_r
                0x0000000008009214       0x2c /Applications/ARM/bin/../lib/gcc/arm-none-eabi/10.3.1/../../../../arm-none-eabi/lib/thumb/v7-m/nofp/libg.a(lib_a-lseekr.o)
                0x0000000008009214                _lseek_r
 .text._read_r  0x0000000008009240       0x2c /Applications/ARM/bin/../lib/gcc/arm-none-eabi/10.3.1/../../../../arm-none-eabi/lib/thumb/v7-m/nofp/libg.a(lib_a-readr.o)
                0x0000000008009240                _read_r
 *(.glue_7)
 .glue_7        0x000000000800926c        0x0 linker stubs
 *(.glue_7t)
 .glue_7t       0x000000000800926c        0x0 linker stubs
 *(.eh_frame)
 .eh_frame      0x000000000800926c        0x0 /Applications/ARM/bin/../lib/gcc/arm-none-eabi/10.3.1/thumb/v7-m/nofp/crtbegin.o
 *(.init)
 .init          0x000000000800926c        0x4 /Applications/ARM/bin/../lib/gcc/arm-none-eabi/10.3.1/thumb/v7-m/nofp/crti.o
                0x000000000800926c                _init
 .init          0x0000000008009270        0x8 /Applications/ARM/bin/../lib/gcc/arm-none-eabi/10.3.1/thumb/v7-m/nofp/crtn.o
 *(.fini)
 .fini          0x0000000008009278        0x4 /Applications/ARM/bin/../lib/gcc/arm-none-eabi/10.3.1/thumb/v7-m/nofp/crti.o
                0x0000000008009278                _fini
 .fini          0x000000000800927c        0x8 /Applications/ARM/bin/../lib/gcc/arm-none-eabi/10.3.1/thumb/v7-m/nofp/crtn.o
                0x0000000008009284                . = ALIGN (0x4)
                0x0000000008009284                _etext = .

.vfp11_veneer   0x0000000008009284        0x0
 .vfp11_veneer  0x0000000008009284        0x0 linker stubs

.v4_bx          0x0000000008009284        0x0
 .v4_bx         0x0000000008009284        0x0 linker stubs

.iplt           0x0000000008009284        0x0
 .iplt          0x0000000008009284        0x0 /Applications/ARM/bin/../lib/gcc/arm-none-eabi/10.3.1/thumb/v7-m/nofp/crtbegin.o

.rodata         0x0000000008009288      0x5e0
                0x0000000008009288                . = ALIGN (0x4)
 *(.rodata)
 .rodata        0x0000000008009288      0x1e8 CMakeFiles/QEA.elf.dir/Core/Src/main.c.obj
 *(.rodata*)
 .rodata.main.str1.4
                0x0000000008009470       0x16 CMakeFiles/QEA.elf.dir/Core/Src/main.c.obj
 *fill*         0x0000000008009486        0x2 
 .rodata.AHBPrescTable
                0x0000000008009488       0x10 CMakeFiles/QEA.elf.dir/Core/Src/system_stm32f1xx.c.obj
                0x0000000008009488                AHBPrescTable
 .rodata.APBPrescTable
                0x0000000008009498        0x8 CMakeFiles/QEA.elf.dir/Core/Src/system_stm32f1xx.c.obj
                0x0000000008009498                APBPrescTable
 .rodata.HAL_RCC_GetSysClockFreq.str1.4
                0x00000000080094a0       0x11 CMakeFiles/QEA.elf.dir/Drivers/STM32F1xx_HAL_Driver/Src/stm32f1xx_hal_rcc.c.obj
 *fill*         0x00000000080094b1        0x3 
 .rodata._global_impure_ptr
                0x00000000080094b4        0x4 /Applications/ARM/bin/../lib/gcc/arm-none-eabi/10.3.1/../../../../arm-none-eabi/lib/thumb/v7-m/nofp/libg.a(lib_a-impure.o)
                0x00000000080094b4                _global_impure_ptr
 .rodata._svfprintf_r.str1.4
                0x00000000080094b8       0x42 /Applications/ARM/bin/../lib/gcc/arm-none-eabi/10.3.1/../../../../arm-none-eabi/lib/thumb/v7-m/nofp/libg.a(lib_a-svfprintf.o)
 *fill*         0x00000000080094fa        0x2 
 .rodata.blanks.1
                0x00000000080094fc       0x10 /Applications/ARM/bin/../lib/gcc/arm-none-eabi/10.3.1/../../../../arm-none-eabi/lib/thumb/v7-m/nofp/libg.a(lib_a-svfprintf.o)
 .rodata.zeroes.0
                0x000000000800950c       0x10 /Applications/ARM/bin/../lib/gcc/arm-none-eabi/10.3.1/../../../../arm-none-eabi/lib/thumb/v7-m/nofp/libg.a(lib_a-svfprintf.o)
 .rodata._dtoa_r.str1.4
                0x000000000800951c       0x7e /Applications/ARM/bin/../lib/gcc/arm-none-eabi/10.3.1/../../../../arm-none-eabi/lib/thumb/v7-m/nofp/libg.a(lib_a-dtoa.o)
                                         0x82 (size before relaxing)
 *fill*         0x000000000800959a        0x2 
 .rodata.__multadd.str1.4
                0x000000000800959c       0x5b /Applications/ARM/bin/../lib/gcc/arm-none-eabi/10.3.1/../../../../arm-none-eabi/lib/thumb/v7-m/nofp/libg.a(lib_a-mprec.o)
                                         0x6f (size before relaxing)
 *fill*         0x00000000080095f7        0x1 
 .rodata.__mprec_bigtens
                0x00000000080095f8       0x28 /Applications/ARM/bin/../lib/gcc/arm-none-eabi/10.3.1/../../../../arm-none-eabi/lib/thumb/v7-m/nofp/libg.a(lib_a-mprec.o)
                0x00000000080095f8                __mprec_bigtens
 .rodata.__mprec_tens
                0x0000000008009620       0xc8 /Applications/ARM/bin/../lib/gcc/arm-none-eabi/10.3.1/../../../../arm-none-eabi/lib/thumb/v7-m/nofp/libg.a(lib_a-mprec.o)
                0x0000000008009620                __mprec_tens
 .rodata.p05.0  0x00000000080096e8        0xc /Applications/ARM/bin/../lib/gcc/arm-none-eabi/10.3.1/../../../../arm-none-eabi/lib/thumb/v7-m/nofp/libg.a(lib_a-mprec.o)
 .rodata.__assert_func.str1.4
                0x00000000080096f4       0x3f /Applications/ARM/bin/../lib/gcc/arm-none-eabi/10.3.1/../../../../arm-none-eabi/lib/thumb/v7-m/nofp/libg.a(lib_a-assert.o)
                                         0x43 (size before relaxing)
 *fill*         0x0000000008009733        0x1 
 .rodata._setlocale_r.str1.4
                0x0000000008009734        0xa /Applications/ARM/bin/../lib/gcc/arm-none-eabi/10.3.1/../../../../arm-none-eabi/lib/thumb/v7-m/nofp/libg.a(lib_a-locale.o)
                                          0xd (size before relaxing)
 *fill*         0x000000000800973e        0x2 
 .rodata.str1.4
                0x0000000008009740        0x2 /Applications/ARM/bin/../lib/gcc/arm-none-eabi/10.3.1/../../../../arm-none-eabi/lib/thumb/v7-m/nofp/libg.a(lib_a-locale.o)
 .rodata._vfiprintf_r.str1.4
                0x0000000008009742       0x2f /Applications/ARM/bin/../lib/gcc/arm-none-eabi/10.3.1/../../../../arm-none-eabi/lib/thumb/v7-m/nofp/libg.a(lib_a-vfiprintf.o)
 *fill*         0x0000000008009742        0x2 
 .rodata.blanks.1
                0x0000000008009744       0x10 /Applications/ARM/bin/../lib/gcc/arm-none-eabi/10.3.1/../../../../arm-none-eabi/lib/thumb/v7-m/nofp/libg.a(lib_a-vfiprintf.o)
 .rodata.zeroes.0
                0x0000000008009754       0x10 /Applications/ARM/bin/../lib/gcc/arm-none-eabi/10.3.1/../../../../arm-none-eabi/lib/thumb/v7-m/nofp/libg.a(lib_a-vfiprintf.o)
 .rodata._ctype_
                0x0000000008009764      0x101 /Applications/ARM/bin/../lib/gcc/arm-none-eabi/10.3.1/../../../../arm-none-eabi/lib/thumb/v7-m/nofp/libg.a(lib_a-ctype_.o)
                0x0000000008009764                _ctype_
                0x0000000008009868                . = ALIGN (0x4)
 *fill*         0x0000000008009865        0x3 

.ARM.extab      0x0000000008009868        0x0
                0x0000000008009868                . = ALIGN (0x4)
 *(.ARM.extab* .gnu.linkonce.armextab.*)
                0x0000000008009868                . = ALIGN (0x4)

.ARM            0x0000000008009868        0x8
                0x0000000008009868                . = ALIGN (0x4)
                0x0000000008009868                __exidx_start = .
 *(.ARM.exidx*)
 .ARM.exidx     0x0000000008009868        0x8 /Applications/ARM/bin/../lib/gcc/arm-none-eabi/10.3.1/thumb/v7-m/nofp/libgcc.a(_udivmoddi4.o)
                0x0000000008009870                __exidx_end = .
                0x0000000008009870                . = ALIGN (0x4)

.rel.dyn        0x0000000008009870        0x0
 .rel.iplt      0x0000000008009870        0x0 /Applications/ARM/bin/../lib/gcc/arm-none-eabi/10.3.1/thumb/v7-m/nofp/crtbegin.o

.preinit_array  0x0000000008009870        0x0
                0x0000000008009870                . = ALIGN (0x4)
                0x0000000008009870                PROVIDE (__preinit_array_start = .)
 *(.preinit_array*)
                0x0000000008009870                PROVIDE (__preinit_array_end = .)
                0x0000000008009870                . = ALIGN (0x4)

.init_array     0x0000000008009870        0x8
                0x0000000008009870                . = ALIGN (0x4)
                0x0000000008009870                PROVIDE (__init_array_start = .)
 *(SORT_BY_NAME(.init_array.*))
 .init_array.00000
                0x0000000008009870        0x4 /Applications/ARM/bin/../lib/gcc/arm-none-eabi/10.3.1/../../../../arm-none-eabi/lib/thumb/v7-m/nofp/libg.a(lib_a-__call_atexit.o)
 *(.init_array*)
 .init_array    0x0000000008009874        0x4 /Applications/ARM/bin/../lib/gcc/arm-none-eabi/10.3.1/thumb/v7-m/nofp/crtbegin.o
                0x0000000008009878                PROVIDE (__init_array_end = .)
                0x0000000008009878                . = ALIGN (0x4)

.fini_array     0x0000000008009878        0x4
                0x0000000008009878                . = ALIGN (0x4)
                0x0000000008009878                PROVIDE (__fini_array_start = .)
 *(SORT_BY_NAME(.fini_array.*))
 *(.fini_array*)
 .fini_array    0x0000000008009878        0x4 /Applications/ARM/bin/../lib/gcc/arm-none-eabi/10.3.1/thumb/v7-m/nofp/crtbegin.o
                0x000000000800987c                PROVIDE (__fini_array_end = .)
                0x000000000800987c                . = ALIGN (0x4)
                0x000000000800987c                _sidata = LOADADDR (.data)

.data           0x0000000020000000      0x9b8 load address 0x000000000800987c
                0x0000000020000000                . = ALIGN (0x4)
                0x0000000020000000                _sdata = .
 *(.data)
 *(.data*)
 .data.SystemCoreClock
                0x0000000020000000        0x4 CMakeFiles/QEA.elf.dir/Core/Src/system_stm32f1xx.c.obj
                0x0000000020000000                SystemCoreClock
 .data.uwTickFreq
                0x0000000020000004        0x1 CMakeFiles/QEA.elf.dir/Drivers/STM32F1xx_HAL_Driver/Src/stm32f1xx_hal.c.obj
                0x0000000020000004                uwTickFreq
 *fill*         0x0000000020000005        0x3 
 .data.uwTickPrio
                0x0000000020000008        0x4 CMakeFiles/QEA.elf.dir/Drivers/STM32F1xx_HAL_Driver/Src/stm32f1xx_hal.c.obj
                0x0000000020000008                uwTickPrio
 .data._impure_ptr
                0x000000002000000c        0x4 /Applications/ARM/bin/../lib/gcc/arm-none-eabi/10.3.1/../../../../arm-none-eabi/lib/thumb/v7-m/nofp/libg.a(lib_a-impure.o)
                0x000000002000000c                _impure_ptr
 .data.impure_data
                0x0000000020000010      0x428 /Applications/ARM/bin/../lib/gcc/arm-none-eabi/10.3.1/../../../../arm-none-eabi/lib/thumb/v7-m/nofp/libg.a(lib_a-impure.o)
 .data.__atexit_recursive_mutex
                0x0000000020000438        0x4 /Applications/ARM/bin/../lib/gcc/arm-none-eabi/10.3.1/../../../../arm-none-eabi/lib/thumb/v7-m/nofp/libg.a(lib_a-__call_atexit.o)
                0x0000000020000438                __atexit_recursive_mutex
 .data.__malloc_av_
                0x000000002000043c      0x408 /Applications/ARM/bin/../lib/gcc/arm-none-eabi/10.3.1/../../../../arm-none-eabi/lib/thumb/v7-m/nofp/libg.a(lib_a-mallocr.o)
                0x000000002000043c                __malloc_av_
 .data.__malloc_sbrk_base
                0x0000000020000844        0x4 /Applications/ARM/bin/../lib/gcc/arm-none-eabi/10.3.1/../../../../arm-none-eabi/lib/thumb/v7-m/nofp/libg.a(lib_a-mallocr.o)
                0x0000000020000844                __malloc_sbrk_base
 .data.__malloc_trim_threshold
                0x0000000020000848        0x4 /Applications/ARM/bin/../lib/gcc/arm-none-eabi/10.3.1/../../../../arm-none-eabi/lib/thumb/v7-m/nofp/libg.a(lib_a-mallocr.o)
                0x0000000020000848                __malloc_trim_threshold
 .data.__global_locale
                0x000000002000084c      0x16c /Applications/ARM/bin/../lib/gcc/arm-none-eabi/10.3.1/../../../../arm-none-eabi/lib/thumb/v7-m/nofp/libg.a(lib_a-locale.o)
                0x000000002000084c                __global_locale
 *(.RamFunc)
 *(.RamFunc*)
                0x00000000200009b8                . = ALIGN (0x4)
                0x00000000200009b8                _edata = .

.igot.plt       0x00000000200009b8        0x0 load address 0x000000000800a234
 .igot.plt      0x00000000200009b8        0x0 /Applications/ARM/bin/../lib/gcc/arm-none-eabi/10.3.1/thumb/v7-m/nofp/crtbegin.o
                0x00000000200009b8                . = ALIGN (0x4)

.bss            0x00000000200009b8      0x2d4 load address 0x000000000800a234
                0x00000000200009b8                _sbss = .
                0x00000000200009b8                __bss_start__ = _sbss
 *(.bss)
 .bss           0x00000000200009b8       0x1c /Applications/ARM/bin/../lib/gcc/arm-none-eabi/10.3.1/thumb/v7-m/nofp/crtbegin.o
 *(.bss*)
 *fill*         0x00000000200009d4        0x4 
 .bss.robotInfo
                0x00000000200009d8       0x40 CMakeFiles/QEA.elf.dir/Core/Src/main.c.obj
                0x00000000200009d8                robotInfo
 .bss.wheelPWM1
                0x0000000020000a18       0x60 CMakeFiles/QEA.elf.dir/Core/Src/main.c.obj
                0x0000000020000a18                wheelPWM1
 .bss.wheelPWM2
                0x0000000020000a78       0x60 CMakeFiles/QEA.elf.dir/Core/Src/main.c.obj
                0x0000000020000a78                wheelPWM2
 .bss.__sbrk_heap_end
                0x0000000020000ad8        0x4 CMakeFiles/QEA.elf.dir/Core/Src/sysmem.c.obj
 .bss.htim3     0x0000000020000adc       0x48 CMakeFiles/QEA.elf.dir/Core/Src/tim.c.obj
                0x0000000020000adc                htim3
 .bss.htim4     0x0000000020000b24       0x48 CMakeFiles/QEA.elf.dir/Core/Src/tim.c.obj
                0x0000000020000b24                htim4
 .bss.htim6     0x0000000020000b6c       0x48 CMakeFiles/QEA.elf.dir/Core/Src/tim.c.obj
                0x0000000020000b6c                htim6
 .bss.htim8     0x0000000020000bb4       0x48 CMakeFiles/QEA.elf.dir/Core/Src/tim.c.obj
                0x0000000020000bb4                htim8
 .bss.huart1    0x0000000020000bfc       0x44 CMakeFiles/QEA.elf.dir/Core/Src/usart.c.obj
                0x0000000020000bfc                huart1
 .bss.uwTick    0x0000000020000c40        0x4 CMakeFiles/QEA.elf.dir/Drivers/STM32F1xx_HAL_Driver/Src/stm32f1xx_hal.c.obj
                0x0000000020000c40                uwTick
 .bss.__lock___atexit_recursive_mutex
                0x0000000020000c44        0x1 /Applications/ARM/bin/../lib/gcc/arm-none-eabi/10.3.1/../../../../arm-none-eabi/lib/thumb/v7-m/nofp/libg.a(lib_a-lock.o)
                0x0000000020000c44                __lock___atexit_recursive_mutex
 *fill*         0x0000000020000c45        0x3 
 .bss.__lock___malloc_recursive_mutex
                0x0000000020000c48        0x1 /Applications/ARM/bin/../lib/gcc/arm-none-eabi/10.3.1/../../../../arm-none-eabi/lib/thumb/v7-m/nofp/libg.a(lib_a-lock.o)
                0x0000000020000c48                __lock___malloc_recursive_mutex
 *fill*         0x0000000020000c49        0x3 
 .bss.__lock___sfp_recursive_mutex
                0x0000000020000c4c        0x1 /Applications/ARM/bin/../lib/gcc/arm-none-eabi/10.3.1/../../../../arm-none-eabi/lib/thumb/v7-m/nofp/libg.a(lib_a-lock.o)
                0x0000000020000c4c                __lock___sfp_recursive_mutex
 *fill*         0x0000000020000c4d        0x3 
 .bss.__lock___sinit_recursive_mutex
                0x0000000020000c50        0x1 /Applications/ARM/bin/../lib/gcc/arm-none-eabi/10.3.1/../../../../arm-none-eabi/lib/thumb/v7-m/nofp/libg.a(lib_a-lock.o)
                0x0000000020000c50                __lock___sinit_recursive_mutex
 *fill*         0x0000000020000c51        0x3 
 .bss.__malloc_current_mallinfo
                0x0000000020000c54       0x28 /Applications/ARM/bin/../lib/gcc/arm-none-eabi/10.3.1/../../../../arm-none-eabi/lib/thumb/v7-m/nofp/libg.a(lib_a-mallocr.o)
                0x0000000020000c54                __malloc_current_mallinfo
 .bss.__malloc_max_sbrked_mem
                0x0000000020000c7c        0x4 /Applications/ARM/bin/../lib/gcc/arm-none-eabi/10.3.1/../../../../arm-none-eabi/lib/thumb/v7-m/nofp/libg.a(lib_a-mallocr.o)
                0x0000000020000c7c                __malloc_max_sbrked_mem
 .bss.__malloc_max_total_mem
                0x0000000020000c80        0x4 /Applications/ARM/bin/../lib/gcc/arm-none-eabi/10.3.1/../../../../arm-none-eabi/lib/thumb/v7-m/nofp/libg.a(lib_a-mallocr.o)
                0x0000000020000c80                __malloc_max_total_mem
 .bss.__malloc_top_pad
                0x0000000020000c84        0x4 /Applications/ARM/bin/../lib/gcc/arm-none-eabi/10.3.1/../../../../arm-none-eabi/lib/thumb/v7-m/nofp/libg.a(lib_a-mallocr.o)
                0x0000000020000c84                __malloc_top_pad
 .bss.errno     0x0000000020000c88        0x4 /Applications/ARM/bin/../lib/gcc/arm-none-eabi/10.3.1/../../../../arm-none-eabi/lib/thumb/v7-m/nofp/libg.a(lib_a-reent.o)
                0x0000000020000c88                errno
 *(COMMON)
                0x0000000020000c8c                . = ALIGN (0x4)
                0x0000000020000c8c                _ebss = .
                0x0000000020000c8c                __bss_end__ = _ebss

._user_heap_stack
                0x0000000020000c8c      0x604 load address 0x000000000800a234
                0x0000000020000c90                . = ALIGN (0x8)
 *fill*         0x0000000020000c8c        0x4 
                [!provide]                        PROVIDE (end = .)
                0x0000000020000c90                PROVIDE (_end = .)
                0x0000000020000e90                . = (. + _Min_Heap_Size)
 *fill*         0x0000000020000c90      0x200 
                0x0000000020001290                . = (. + _Min_Stack_Size)
 *fill*         0x0000000020000e90      0x400 
                0x0000000020001290                . = ALIGN (0x8)

/DISCARD/
 libc.a(*)
 libm.a(*)
 libgcc.a(*)

.ARM.attributes
                0x0000000000000000       0x29
 *(.ARM.attributes)
 .ARM.attributes
                0x0000000000000000       0x1d /Applications/ARM/bin/../lib/gcc/arm-none-eabi/10.3.1/thumb/v7-m/nofp/crti.o
 .ARM.attributes
                0x000000000000001d       0x2d /Applications/ARM/bin/../lib/gcc/arm-none-eabi/10.3.1/thumb/v7-m/nofp/crtbegin.o
 .ARM.attributes
                0x000000000000004a       0x2d CMakeFiles/QEA.elf.dir/Core/Src/gpio.c.obj
 .ARM.attributes
                0x0000000000000077       0x2d CMakeFiles/QEA.elf.dir/Core/Src/main.c.obj
 .ARM.attributes
                0x00000000000000a4       0x2d CMakeFiles/QEA.elf.dir/Core/Src/stm32f1xx_hal_msp.c.obj
 .ARM.attributes
                0x00000000000000d1       0x2d CMakeFiles/QEA.elf.dir/Core/Src/stm32f1xx_it.c.obj
 .ARM.attributes
                0x00000000000000fe       0x2d CMakeFiles/QEA.elf.dir/Core/Src/syscalls.c.obj
 .ARM.attributes
                0x000000000000012b       0x2d CMakeFiles/QEA.elf.dir/Core/Src/sysmem.c.obj
 .ARM.attributes
                0x0000000000000158       0x2d CMakeFiles/QEA.elf.dir/Core/Src/system_stm32f1xx.c.obj
 .ARM.attributes
                0x0000000000000185       0x2d CMakeFiles/QEA.elf.dir/Core/Src/tim.c.obj
 .ARM.attributes
                0x00000000000001b2       0x2d CMakeFiles/QEA.elf.dir/Core/Src/usart.c.obj
 .ARM.attributes
                0x00000000000001df       0x21 CMakeFiles/QEA.elf.dir/Core/Startup/startup_stm32f103rctx.s.obj
 .ARM.attributes
                0x0000000000000200       0x2d CMakeFiles/QEA.elf.dir/Drivers/STM32F1xx_HAL_Driver/Src/stm32f1xx_hal.c.obj
 .ARM.attributes
                0x000000000000022d       0x2d CMakeFiles/QEA.elf.dir/Drivers/STM32F1xx_HAL_Driver/Src/stm32f1xx_hal_cortex.c.obj
 .ARM.attributes
                0x000000000000025a       0x2d CMakeFiles/QEA.elf.dir/Drivers/STM32F1xx_HAL_Driver/Src/stm32f1xx_hal_gpio.c.obj
 .ARM.attributes
                0x0000000000000287       0x2d CMakeFiles/QEA.elf.dir/Drivers/STM32F1xx_HAL_Driver/Src/stm32f1xx_hal_rcc.c.obj
 .ARM.attributes
                0x00000000000002b4       0x2d CMakeFiles/QEA.elf.dir/Drivers/STM32F1xx_HAL_Driver/Src/stm32f1xx_hal_tim.c.obj
 .ARM.attributes
                0x00000000000002e1       0x2d CMakeFiles/QEA.elf.dir/Drivers/STM32F1xx_HAL_Driver/Src/stm32f1xx_hal_tim_ex.c.obj
 .ARM.attributes
                0x000000000000030e       0x2d CMakeFiles/QEA.elf.dir/Drivers/STM32F1xx_HAL_Driver/Src/stm32f1xx_hal_uart.c.obj
 .ARM.attributes
                0x000000000000033b       0x1d /Applications/ARM/bin/../lib/gcc/arm-none-eabi/10.3.1/thumb/v7-m/nofp/libgcc.a(_arm_addsubdf3.o)
 .ARM.attributes
                0x0000000000000358       0x1d /Applications/ARM/bin/../lib/gcc/arm-none-eabi/10.3.1/thumb/v7-m/nofp/libgcc.a(_arm_muldivdf3.o)
 .ARM.attributes
                0x0000000000000375       0x1d /Applications/ARM/bin/../lib/gcc/arm-none-eabi/10.3.1/thumb/v7-m/nofp/libgcc.a(_arm_cmpdf2.o)
 .ARM.attributes
                0x0000000000000392       0x1d /Applications/ARM/bin/../lib/gcc/arm-none-eabi/10.3.1/thumb/v7-m/nofp/libgcc.a(_arm_fixunsdfsi.o)
 .ARM.attributes
                0x00000000000003af       0x2d /Applications/ARM/bin/../lib/gcc/arm-none-eabi/10.3.1/../../../../arm-none-eabi/lib/thumb/v7-m/nofp/libg.a(lib_a-errno.o)
 .ARM.attributes
                0x00000000000003dc       0x2d /Applications/ARM/bin/../lib/gcc/arm-none-eabi/10.3.1/../../../../arm-none-eabi/lib/thumb/v7-m/nofp/libg.a(lib_a-impure.o)
 .ARM.attributes
                0x0000000000000409       0x2d /Applications/ARM/bin/../lib/gcc/arm-none-eabi/10.3.1/../../../../arm-none-eabi/lib/thumb/v7-m/nofp/libg.a(lib_a-init.o)
 .ARM.attributes
                0x0000000000000436       0x1b /Applications/ARM/bin/../lib/gcc/arm-none-eabi/10.3.1/../../../../arm-none-eabi/lib/thumb/v7-m/nofp/libg.a(lib_a-memcpy.o)
 .ARM.attributes
                0x0000000000000451       0x2d /Applications/ARM/bin/../lib/gcc/arm-none-eabi/10.3.1/../../../../arm-none-eabi/lib/thumb/v7-m/nofp/libg.a(lib_a-memset.o)
 .ARM.attributes
                0x000000000000047e       0x2d /Applications/ARM/bin/../lib/gcc/arm-none-eabi/10.3.1/../../../../arm-none-eabi/lib/thumb/v7-m/nofp/libg.a(lib_a-snprintf.o)
 .ARM.attributes
                0x00000000000004ab       0x2d /Applications/ARM/bin/../lib/gcc/arm-none-eabi/10.3.1/../../../../arm-none-eabi/lib/thumb/v7-m/nofp/libg.a(lib_a-strlen-stub.o)
 .ARM.attributes
                0x00000000000004d8       0x2d /Applications/ARM/bin/../lib/gcc/arm-none-eabi/10.3.1/../../../../arm-none-eabi/lib/thumb/v7-m/nofp/libg.a(lib_a-svfprintf.o)
 .ARM.attributes
                0x0000000000000505       0x2d /Applications/ARM/bin/../lib/gcc/arm-none-eabi/10.3.1/../../../../arm-none-eabi/lib/thumb/v7-m/nofp/libg.a(lib_a-__call_atexit.o)
 .ARM.attributes
                0x0000000000000532       0x2d /Applications/ARM/bin/../lib/gcc/arm-none-eabi/10.3.1/../../../../arm-none-eabi/lib/thumb/v7-m/nofp/libg.a(lib_a-atexit.o)
 .ARM.attributes
                0x000000000000055f       0x2d /Applications/ARM/bin/../lib/gcc/arm-none-eabi/10.3.1/../../../../arm-none-eabi/lib/thumb/v7-m/nofp/libg.a(lib_a-dtoa.o)
 .ARM.attributes
                0x000000000000058c       0x2d /Applications/ARM/bin/../lib/gcc/arm-none-eabi/10.3.1/../../../../arm-none-eabi/lib/thumb/v7-m/nofp/libg.a(lib_a-fini.o)
 .ARM.attributes
                0x00000000000005b9       0x2d /Applications/ARM/bin/../lib/gcc/arm-none-eabi/10.3.1/../../../../arm-none-eabi/lib/thumb/v7-m/nofp/libg.a(lib_a-freer.o)
 .ARM.attributes
                0x00000000000005e6       0x2d /Applications/ARM/bin/../lib/gcc/arm-none-eabi/10.3.1/../../../../arm-none-eabi/lib/thumb/v7-m/nofp/libg.a(lib_a-localeconv.o)
 .ARM.attributes
                0x0000000000000613       0x2d /Applications/ARM/bin/../lib/gcc/arm-none-eabi/10.3.1/../../../../arm-none-eabi/lib/thumb/v7-m/nofp/libg.a(lib_a-lock.o)
 .ARM.attributes
                0x0000000000000640       0x2d /Applications/ARM/bin/../lib/gcc/arm-none-eabi/10.3.1/../../../../arm-none-eabi/lib/thumb/v7-m/nofp/libg.a(lib_a-mallocr.o)
 .ARM.attributes
                0x000000000000066d       0x2d /Applications/ARM/bin/../lib/gcc/arm-none-eabi/10.3.1/../../../../arm-none-eabi/lib/thumb/v7-m/nofp/libg.a(lib_a-memchr-stub.o)
 .ARM.attributes
                0x000000000000069a       0x2d /Applications/ARM/bin/../lib/gcc/arm-none-eabi/10.3.1/../../../../arm-none-eabi/lib/thumb/v7-m/nofp/libg.a(lib_a-mlock.o)
 .ARM.attributes
                0x00000000000006c7       0x2d /Applications/ARM/bin/../lib/gcc/arm-none-eabi/10.3.1/../../../../arm-none-eabi/lib/thumb/v7-m/nofp/libg.a(lib_a-mprec.o)
 .ARM.attributes
                0x00000000000006f4       0x2d /Applications/ARM/bin/../lib/gcc/arm-none-eabi/10.3.1/../../../../arm-none-eabi/lib/thumb/v7-m/nofp/libg.a(lib_a-s_frexp.o)
 .ARM.attributes
                0x0000000000000721       0x2d /Applications/ARM/bin/../lib/gcc/arm-none-eabi/10.3.1/../../../../arm-none-eabi/lib/thumb/v7-m/nofp/libg.a(lib_a-sbrkr.o)
 .ARM.attributes
                0x000000000000074e       0x2d /Applications/ARM/bin/../lib/gcc/arm-none-eabi/10.3.1/../../../../arm-none-eabi/lib/thumb/v7-m/nofp/libg.a(lib_a-strncpy.o)
 .ARM.attributes
                0x000000000000077b       0x2d /Applications/ARM/bin/../lib/gcc/arm-none-eabi/10.3.1/../../../../arm-none-eabi/lib/thumb/v7-m/nofp/libg.a(lib_a-svfiprintf.o)
 .ARM.attributes
                0x00000000000007a8       0x2d /Applications/ARM/bin/../lib/gcc/arm-none-eabi/10.3.1/../../../../arm-none-eabi/lib/thumb/v7-m/nofp/libg.a(lib_a-__atexit.o)
 .ARM.attributes
                0x00000000000007d5       0x2d /Applications/ARM/bin/../lib/gcc/arm-none-eabi/10.3.1/../../../../arm-none-eabi/lib/thumb/v7-m/nofp/libg.a(lib_a-assert.o)
 .ARM.attributes
                0x0000000000000802       0x2d /Applications/ARM/bin/../lib/gcc/arm-none-eabi/10.3.1/../../../../arm-none-eabi/lib/thumb/v7-m/nofp/libg.a(lib_a-callocr.o)
 .ARM.attributes
                0x000000000000082f       0x2d /Applications/ARM/bin/../lib/gcc/arm-none-eabi/10.3.1/../../../../arm-none-eabi/lib/thumb/v7-m/nofp/libg.a(lib_a-fiprintf.o)
 .ARM.attributes
                0x000000000000085c       0x2d /Applications/ARM/bin/../lib/gcc/arm-none-eabi/10.3.1/../../../../arm-none-eabi/lib/thumb/v7-m/nofp/libg.a(lib_a-locale.o)
 .ARM.attributes
                0x0000000000000889       0x2d /Applications/ARM/bin/../lib/gcc/arm-none-eabi/10.3.1/../../../../arm-none-eabi/lib/thumb/v7-m/nofp/libg.a(lib_a-mbtowc_r.o)
 .ARM.attributes
                0x00000000000008b6       0x2d /Applications/ARM/bin/../lib/gcc/arm-none-eabi/10.3.1/../../../../arm-none-eabi/lib/thumb/v7-m/nofp/libg.a(lib_a-memmove.o)
 .ARM.attributes
                0x00000000000008e3       0x2d /Applications/ARM/bin/../lib/gcc/arm-none-eabi/10.3.1/../../../../arm-none-eabi/lib/thumb/v7-m/nofp/libg.a(lib_a-reallocr.o)
 .ARM.attributes
                0x0000000000000910       0x2d /Applications/ARM/bin/../lib/gcc/arm-none-eabi/10.3.1/../../../../arm-none-eabi/lib/thumb/v7-m/nofp/libg.a(lib_a-reent.o)
 .ARM.attributes
                0x000000000000093d       0x2d /Applications/ARM/bin/../lib/gcc/arm-none-eabi/10.3.1/../../../../arm-none-eabi/lib/thumb/v7-m/nofp/libg.a(lib_a-vfiprintf.o)
 .ARM.attributes
                0x000000000000096a       0x2d /Applications/ARM/bin/../lib/gcc/arm-none-eabi/10.3.1/../../../../arm-none-eabi/lib/thumb/v7-m/nofp/libg.a(lib_a-wctomb_r.o)
 .ARM.attributes
                0x0000000000000997       0x2d /Applications/ARM/bin/../lib/gcc/arm-none-eabi/10.3.1/../../../../arm-none-eabi/lib/thumb/v7-m/nofp/libg.a(lib_a-wsetup.o)
 .ARM.attributes
                0x00000000000009c4       0x2d /Applications/ARM/bin/../lib/gcc/arm-none-eabi/10.3.1/../../../../arm-none-eabi/lib/thumb/v7-m/nofp/libg.a(lib_a-abort.o)
 .ARM.attributes
                0x00000000000009f1       0x2d /Applications/ARM/bin/../lib/gcc/arm-none-eabi/10.3.1/../../../../arm-none-eabi/lib/thumb/v7-m/nofp/libg.a(lib_a-ctype_.o)
 .ARM.attributes
                0x0000000000000a1e       0x2d /Applications/ARM/bin/../lib/gcc/arm-none-eabi/10.3.1/../../../../arm-none-eabi/lib/thumb/v7-m/nofp/libg.a(lib_a-fflush.o)
 .ARM.attributes
                0x0000000000000a4b       0x2d /Applications/ARM/bin/../lib/gcc/arm-none-eabi/10.3.1/../../../../arm-none-eabi/lib/thumb/v7-m/nofp/libg.a(lib_a-findfp.o)
 .ARM.attributes
                0x0000000000000a78       0x2d /Applications/ARM/bin/../lib/gcc/arm-none-eabi/10.3.1/../../../../arm-none-eabi/lib/thumb/v7-m/nofp/libg.a(lib_a-fputwc.o)
 .ARM.attributes
                0x0000000000000aa5       0x2d /Applications/ARM/bin/../lib/gcc/arm-none-eabi/10.3.1/../../../../arm-none-eabi/lib/thumb/v7-m/nofp/libg.a(lib_a-fvwrite.o)
 .ARM.attributes
                0x0000000000000ad2       0x2d /Applications/ARM/bin/../lib/gcc/arm-none-eabi/10.3.1/../../../../arm-none-eabi/lib/thumb/v7-m/nofp/libg.a(lib_a-fwalk.o)
 .ARM.attributes
                0x0000000000000aff       0x2d /Applications/ARM/bin/../lib/gcc/arm-none-eabi/10.3.1/../../../../arm-none-eabi/lib/thumb/v7-m/nofp/libg.a(lib_a-makebuf.o)
 .ARM.attributes
                0x0000000000000b2c       0x2d /Applications/ARM/bin/../lib/gcc/arm-none-eabi/10.3.1/../../../../arm-none-eabi/lib/thumb/v7-m/nofp/libg.a(lib_a-signal.o)
 .ARM.attributes
                0x0000000000000b59       0x2d /Applications/ARM/bin/../lib/gcc/arm-none-eabi/10.3.1/../../../../arm-none-eabi/lib/thumb/v7-m/nofp/libg.a(lib_a-signalr.o)
 .ARM.attributes
                0x0000000000000b86       0x2d /Applications/ARM/bin/../lib/gcc/arm-none-eabi/10.3.1/../../../../arm-none-eabi/lib/thumb/v7-m/nofp/libg.a(lib_a-stdio.o)
 .ARM.attributes
                0x0000000000000bb3       0x2d /Applications/ARM/bin/../lib/gcc/arm-none-eabi/10.3.1/../../../../arm-none-eabi/lib/thumb/v7-m/nofp/libg.a(lib_a-wbuf.o)
 .ARM.attributes
                0x0000000000000be0       0x2d /Applications/ARM/bin/../lib/gcc/arm-none-eabi/10.3.1/../../../../arm-none-eabi/lib/thumb/v7-m/nofp/libg.a(lib_a-wcrtomb.o)
 .ARM.attributes
                0x0000000000000c0d       0x2d /Applications/ARM/bin/../lib/gcc/arm-none-eabi/10.3.1/../../../../arm-none-eabi/lib/thumb/v7-m/nofp/libg.a(lib_a-writer.o)
 .ARM.attributes
                0x0000000000000c3a       0x2d /Applications/ARM/bin/../lib/gcc/arm-none-eabi/10.3.1/../../../../arm-none-eabi/lib/thumb/v7-m/nofp/libg.a(lib_a-closer.o)
 .ARM.attributes
                0x0000000000000c67       0x2d /Applications/ARM/bin/../lib/gcc/arm-none-eabi/10.3.1/../../../../arm-none-eabi/lib/thumb/v7-m/nofp/libg.a(lib_a-fclose.o)
 .ARM.attributes
                0x0000000000000c94       0x2d /Applications/ARM/bin/../lib/gcc/arm-none-eabi/10.3.1/../../../../arm-none-eabi/lib/thumb/v7-m/nofp/libg.a(lib_a-fstatr.o)
 .ARM.attributes
                0x0000000000000cc1       0x2d /Applications/ARM/bin/../lib/gcc/arm-none-eabi/10.3.1/../../../../arm-none-eabi/lib/thumb/v7-m/nofp/libg.a(lib_a-isattyr.o)
 .ARM.attributes
                0x0000000000000cee       0x2d /Applications/ARM/bin/../lib/gcc/arm-none-eabi/10.3.1/../../../../arm-none-eabi/lib/thumb/v7-m/nofp/libg.a(lib_a-lseekr.o)
 .ARM.attributes
                0x0000000000000d1b       0x2d /Applications/ARM/bin/../lib/gcc/arm-none-eabi/10.3.1/../../../../arm-none-eabi/lib/thumb/v7-m/nofp/libg.a(lib_a-readr.o)
 .ARM.attributes
                0x0000000000000d48       0x1d /Applications/ARM/bin/../lib/gcc/arm-none-eabi/10.3.1/thumb/v7-m/nofp/libgcc.a(_arm_unorddf2.o)
 .ARM.attributes
                0x0000000000000d65       0x1d /Applications/ARM/bin/../lib/gcc/arm-none-eabi/10.3.1/thumb/v7-m/nofp/libgcc.a(_arm_fixdfsi.o)
 .ARM.attributes
                0x0000000000000d82       0x1d /Applications/ARM/bin/../lib/gcc/arm-none-eabi/10.3.1/thumb/v7-m/nofp/libgcc.a(_aeabi_uldivmod.o)
 .ARM.attributes
                0x0000000000000d9f       0x2d /Applications/ARM/bin/../lib/gcc/arm-none-eabi/10.3.1/thumb/v7-m/nofp/libgcc.a(_udivmoddi4.o)
 .ARM.attributes
                0x0000000000000dcc       0x1d /Applications/ARM/bin/../lib/gcc/arm-none-eabi/10.3.1/thumb/v7-m/nofp/libgcc.a(_dvmd_tls.o)
 .ARM.attributes
                0x0000000000000de9       0x1d /Applications/ARM/bin/../lib/gcc/arm-none-eabi/10.3.1/thumb/v7-m/nofp/crtn.o
OUTPUT(QEA.elf elf32-littlearm)
LOAD linker stubs
LOAD /Applications/ARM/bin/../lib/gcc/arm-none-eabi/10.3.1/../../../../arm-none-eabi/lib/thumb/v7-m/nofp/libc.a
LOAD /Applications/ARM/bin/../lib/gcc/arm-none-eabi/10.3.1/../../../../arm-none-eabi/lib/thumb/v7-m/nofp/libm.a
LOAD /Applications/ARM/bin/../lib/gcc/arm-none-eabi/10.3.1/thumb/v7-m/nofp/libgcc.a

.debug_info     0x0000000000000000     0xdd5a
 .debug_info    0x0000000000000000      0x3a1 CMakeFiles/QEA.elf.dir/Core/Src/gpio.c.obj
 .debug_info    0x00000000000003a1     0x12fc CMakeFiles/QEA.elf.dir/Core/Src/main.c.obj
 .debug_info    0x000000000000169d      0x211 CMakeFiles/QEA.elf.dir/Core/Src/stm32f1xx_hal_msp.c.obj
 .debug_info    0x00000000000018ae      0x6fa CMakeFiles/QEA.elf.dir/Core/Src/stm32f1xx_it.c.obj
 .debug_info    0x0000000000001fa8      0x7af CMakeFiles/QEA.elf.dir/Core/Src/syscalls.c.obj
 .debug_info    0x0000000000002757      0x174 CMakeFiles/QEA.elf.dir/Core/Src/sysmem.c.obj
 .debug_info    0x00000000000028cb      0x248 CMakeFiles/QEA.elf.dir/Core/Src/system_stm32f1xx.c.obj
 .debug_info    0x0000000000002b13     0x11e7 CMakeFiles/QEA.elf.dir/Core/Src/tim.c.obj
 .debug_info    0x0000000000003cfa      0x827 CMakeFiles/QEA.elf.dir/Core/Src/usart.c.obj
 .debug_info    0x0000000000004521       0x22 CMakeFiles/QEA.elf.dir/Core/Startup/startup_stm32f103rctx.s.obj
 .debug_info    0x0000000000004543      0x80e CMakeFiles/QEA.elf.dir/Drivers/STM32F1xx_HAL_Driver/Src/stm32f1xx_hal.c.obj
 .debug_info    0x0000000000004d51      0xdf0 CMakeFiles/QEA.elf.dir/Drivers/STM32F1xx_HAL_Driver/Src/stm32f1xx_hal_cortex.c.obj
 .debug_info    0x0000000000005b41      0x66f CMakeFiles/QEA.elf.dir/Drivers/STM32F1xx_HAL_Driver/Src/stm32f1xx_hal_gpio.c.obj
 .debug_info    0x00000000000061b0      0xa36 CMakeFiles/QEA.elf.dir/Drivers/STM32F1xx_HAL_Driver/Src/stm32f1xx_hal_rcc.c.obj
 .debug_info    0x0000000000006be6     0x3b00 CMakeFiles/QEA.elf.dir/Drivers/STM32F1xx_HAL_Driver/Src/stm32f1xx_hal_tim.c.obj
 .debug_info    0x000000000000a6e6     0x19e9 CMakeFiles/QEA.elf.dir/Drivers/STM32F1xx_HAL_Driver/Src/stm32f1xx_hal_tim_ex.c.obj
 .debug_info    0x000000000000c0cf     0x1c8b CMakeFiles/QEA.elf.dir/Drivers/STM32F1xx_HAL_Driver/Src/stm32f1xx_hal_uart.c.obj

.debug_abbrev   0x0000000000000000     0x1eb0
 .debug_abbrev  0x0000000000000000      0x13c CMakeFiles/QEA.elf.dir/Core/Src/gpio.c.obj
 .debug_abbrev  0x000000000000013c      0x2d2 CMakeFiles/QEA.elf.dir/Core/Src/main.c.obj
 .debug_abbrev  0x000000000000040e       0xe5 CMakeFiles/QEA.elf.dir/Core/Src/stm32f1xx_hal_msp.c.obj
 .debug_abbrev  0x00000000000004f3      0x179 CMakeFiles/QEA.elf.dir/Core/Src/stm32f1xx_it.c.obj
 .debug_abbrev  0x000000000000066c      0x1a3 CMakeFiles/QEA.elf.dir/Core/Src/syscalls.c.obj
 .debug_abbrev  0x000000000000080f       0xe7 CMakeFiles/QEA.elf.dir/Core/Src/sysmem.c.obj
 .debug_abbrev  0x00000000000008f6      0x13e CMakeFiles/QEA.elf.dir/Core/Src/system_stm32f1xx.c.obj
 .debug_abbrev  0x0000000000000a34      0x241 CMakeFiles/QEA.elf.dir/Core/Src/tim.c.obj
 .debug_abbrev  0x0000000000000c75      0x1c1 CMakeFiles/QEA.elf.dir/Core/Src/usart.c.obj
 .debug_abbrev  0x0000000000000e36       0x12 CMakeFiles/QEA.elf.dir/Core/Startup/startup_stm32f103rctx.s.obj
 .debug_abbrev  0x0000000000000e48      0x1f4 CMakeFiles/QEA.elf.dir/Drivers/STM32F1xx_HAL_Driver/Src/stm32f1xx_hal.c.obj
 .debug_abbrev  0x000000000000103c      0x341 CMakeFiles/QEA.elf.dir/Drivers/STM32F1xx_HAL_Driver/Src/stm32f1xx_hal_cortex.c.obj
 .debug_abbrev  0x000000000000137d      0x1e6 CMakeFiles/QEA.elf.dir/Drivers/STM32F1xx_HAL_Driver/Src/stm32f1xx_hal_gpio.c.obj
 .debug_abbrev  0x0000000000001563      0x27a CMakeFiles/QEA.elf.dir/Drivers/STM32F1xx_HAL_Driver/Src/stm32f1xx_hal_rcc.c.obj
 .debug_abbrev  0x00000000000017dd      0x23e CMakeFiles/QEA.elf.dir/Drivers/STM32F1xx_HAL_Driver/Src/stm32f1xx_hal_tim.c.obj
 .debug_abbrev  0x0000000000001a1b      0x241 CMakeFiles/QEA.elf.dir/Drivers/STM32F1xx_HAL_Driver/Src/stm32f1xx_hal_tim_ex.c.obj
 .debug_abbrev  0x0000000000001c5c      0x254 CMakeFiles/QEA.elf.dir/Drivers/STM32F1xx_HAL_Driver/Src/stm32f1xx_hal_uart.c.obj

.debug_aranges  0x0000000000000000      0xc58
 .debug_aranges
                0x0000000000000000       0x20 CMakeFiles/QEA.elf.dir/Core/Src/gpio.c.obj
 .debug_aranges
                0x0000000000000020       0x78 CMakeFiles/QEA.elf.dir/Core/Src/main.c.obj
 .debug_aranges
                0x0000000000000098       0x20 CMakeFiles/QEA.elf.dir/Core/Src/stm32f1xx_hal_msp.c.obj
 .debug_aranges
                0x00000000000000b8       0x68 CMakeFiles/QEA.elf.dir/Core/Src/stm32f1xx_it.c.obj
 .debug_aranges
                0x0000000000000120       0xa8 CMakeFiles/QEA.elf.dir/Core/Src/syscalls.c.obj
 .debug_aranges
                0x00000000000001c8       0x20 CMakeFiles/QEA.elf.dir/Core/Src/sysmem.c.obj
 .debug_aranges
                0x00000000000001e8       0x28 CMakeFiles/QEA.elf.dir/Core/Src/system_stm32f1xx.c.obj
 .debug_aranges
                0x0000000000000210       0x60 CMakeFiles/QEA.elf.dir/Core/Src/tim.c.obj
 .debug_aranges
                0x0000000000000270       0x30 CMakeFiles/QEA.elf.dir/Core/Src/usart.c.obj
 .debug_aranges
                0x00000000000002a0       0x28 CMakeFiles/QEA.elf.dir/Core/Startup/startup_stm32f103rctx.s.obj
 .debug_aranges
                0x00000000000002c8       0xe0 CMakeFiles/QEA.elf.dir/Drivers/STM32F1xx_HAL_Driver/Src/stm32f1xx_hal.c.obj
 .debug_aranges
                0x00000000000003a8       0x90 CMakeFiles/QEA.elf.dir/Drivers/STM32F1xx_HAL_Driver/Src/stm32f1xx_hal_cortex.c.obj
 .debug_aranges
                0x0000000000000438       0x58 CMakeFiles/QEA.elf.dir/Drivers/STM32F1xx_HAL_Driver/Src/stm32f1xx_hal_gpio.c.obj
 .debug_aranges
                0x0000000000000490       0x90 CMakeFiles/QEA.elf.dir/Drivers/STM32F1xx_HAL_Driver/Src/stm32f1xx_hal_rcc.c.obj
 .debug_aranges
                0x0000000000000520      0x3d0 CMakeFiles/QEA.elf.dir/Drivers/STM32F1xx_HAL_Driver/Src/stm32f1xx_hal_tim.c.obj
 .debug_aranges
                0x00000000000008f0      0x168 CMakeFiles/QEA.elf.dir/Drivers/STM32F1xx_HAL_Driver/Src/stm32f1xx_hal_tim_ex.c.obj
 .debug_aranges
                0x0000000000000a58      0x200 CMakeFiles/QEA.elf.dir/Drivers/STM32F1xx_HAL_Driver/Src/stm32f1xx_hal_uart.c.obj

.debug_ranges   0x0000000000000000      0xbd0
 .debug_ranges  0x0000000000000000       0x10 CMakeFiles/QEA.elf.dir/Core/Src/gpio.c.obj
 .debug_ranges  0x0000000000000010       0x68 CMakeFiles/QEA.elf.dir/Core/Src/main.c.obj
 .debug_ranges  0x0000000000000078       0x10 CMakeFiles/QEA.elf.dir/Core/Src/stm32f1xx_hal_msp.c.obj
 .debug_ranges  0x0000000000000088       0x58 CMakeFiles/QEA.elf.dir/Core/Src/stm32f1xx_it.c.obj
 .debug_ranges  0x00000000000000e0       0x98 CMakeFiles/QEA.elf.dir/Core/Src/syscalls.c.obj
 .debug_ranges  0x0000000000000178       0x10 CMakeFiles/QEA.elf.dir/Core/Src/sysmem.c.obj
 .debug_ranges  0x0000000000000188       0x18 CMakeFiles/QEA.elf.dir/Core/Src/system_stm32f1xx.c.obj
 .debug_ranges  0x00000000000001a0       0x50 CMakeFiles/QEA.elf.dir/Core/Src/tim.c.obj
 .debug_ranges  0x00000000000001f0       0x20 CMakeFiles/QEA.elf.dir/Core/Src/usart.c.obj
 .debug_ranges  0x0000000000000210       0x20 CMakeFiles/QEA.elf.dir/Core/Startup/startup_stm32f103rctx.s.obj
 .debug_ranges  0x0000000000000230       0xd0 CMakeFiles/QEA.elf.dir/Drivers/STM32F1xx_HAL_Driver/Src/stm32f1xx_hal.c.obj
 .debug_ranges  0x0000000000000300       0xe0 CMakeFiles/QEA.elf.dir/Drivers/STM32F1xx_HAL_Driver/Src/stm32f1xx_hal_cortex.c.obj
 .debug_ranges  0x00000000000003e0       0x48 CMakeFiles/QEA.elf.dir/Drivers/STM32F1xx_HAL_Driver/Src/stm32f1xx_hal_gpio.c.obj
 .debug_ranges  0x0000000000000428       0xa0 CMakeFiles/QEA.elf.dir/Drivers/STM32F1xx_HAL_Driver/Src/stm32f1xx_hal_rcc.c.obj
 .debug_ranges  0x00000000000004c8      0x3c0 CMakeFiles/QEA.elf.dir/Drivers/STM32F1xx_HAL_Driver/Src/stm32f1xx_hal_tim.c.obj
 .debug_ranges  0x0000000000000888      0x158 CMakeFiles/QEA.elf.dir/Drivers/STM32F1xx_HAL_Driver/Src/stm32f1xx_hal_tim_ex.c.obj
 .debug_ranges  0x00000000000009e0      0x1f0 CMakeFiles/QEA.elf.dir/Drivers/STM32F1xx_HAL_Driver/Src/stm32f1xx_hal_uart.c.obj

.debug_line     0x0000000000000000     0xc58d
 .debug_line    0x0000000000000000      0x277 CMakeFiles/QEA.elf.dir/Core/Src/gpio.c.obj
 .debug_line    0x0000000000000277      0x7b6 CMakeFiles/QEA.elf.dir/Core/Src/main.c.obj
 .debug_line    0x0000000000000a2d      0x18e CMakeFiles/QEA.elf.dir/Core/Src/stm32f1xx_hal_msp.c.obj
 .debug_line    0x0000000000000bbb      0x335 CMakeFiles/QEA.elf.dir/Core/Src/stm32f1xx_it.c.obj
 .debug_line    0x0000000000000ef0      0x3e3 CMakeFiles/QEA.elf.dir/Core/Src/syscalls.c.obj
 .debug_line    0x00000000000012d3      0x197 CMakeFiles/QEA.elf.dir/Core/Src/sysmem.c.obj
 .debug_line    0x000000000000146a      0x258 CMakeFiles/QEA.elf.dir/Core/Src/system_stm32f1xx.c.obj
 .debug_line    0x00000000000016c2      0x714 CMakeFiles/QEA.elf.dir/Core/Src/tim.c.obj
 .debug_line    0x0000000000001dd6      0x375 CMakeFiles/QEA.elf.dir/Core/Src/usart.c.obj
 .debug_line    0x000000000000214b       0xbc CMakeFiles/QEA.elf.dir/Core/Startup/startup_stm32f103rctx.s.obj
 .debug_line    0x0000000000002207      0x5b0 CMakeFiles/QEA.elf.dir/Drivers/STM32F1xx_HAL_Driver/Src/stm32f1xx_hal.c.obj
 .debug_line    0x00000000000027b7      0x683 CMakeFiles/QEA.elf.dir/Drivers/STM32F1xx_HAL_Driver/Src/stm32f1xx_hal_cortex.c.obj
 .debug_line    0x0000000000002e3a      0x641 CMakeFiles/QEA.elf.dir/Drivers/STM32F1xx_HAL_Driver/Src/stm32f1xx_hal_gpio.c.obj
 .debug_line    0x000000000000347b      0xc76 CMakeFiles/QEA.elf.dir/Drivers/STM32F1xx_HAL_Driver/Src/stm32f1xx_hal_rcc.c.obj
 .debug_line    0x00000000000040f1     0x4787 CMakeFiles/QEA.elf.dir/Drivers/STM32F1xx_HAL_Driver/Src/stm32f1xx_hal_tim.c.obj
 .debug_line    0x0000000000008878     0x1c10 CMakeFiles/QEA.elf.dir/Drivers/STM32F1xx_HAL_Driver/Src/stm32f1xx_hal_tim_ex.c.obj
 .debug_line    0x000000000000a488     0x2105 CMakeFiles/QEA.elf.dir/Drivers/STM32F1xx_HAL_Driver/Src/stm32f1xx_hal_uart.c.obj

.debug_str      0x0000000000000000     0x3d4d
 .debug_str     0x0000000000000000      0x294 CMakeFiles/QEA.elf.dir/Core/Src/gpio.c.obj
                                        0x2e5 (size before relaxing)
 .debug_str     0x0000000000000294      0xa89 CMakeFiles/QEA.elf.dir/Core/Src/main.c.obj
                                        0xcfc (size before relaxing)
 .debug_str     0x0000000000000d1d       0x8f CMakeFiles/QEA.elf.dir/Core/Src/stm32f1xx_hal_msp.c.obj
                                        0x287 (size before relaxing)
 .debug_str     0x0000000000000dac      0x10f CMakeFiles/QEA.elf.dir/Core/Src/stm32f1xx_it.c.obj
                                        0x77b (size before relaxing)
 .debug_str     0x0000000000000ebb      0x24d CMakeFiles/QEA.elf.dir/Core/Src/syscalls.c.obj
                                        0x454 (size before relaxing)
 .debug_str     0x0000000000001108       0xaa CMakeFiles/QEA.elf.dir/Core/Src/sysmem.c.obj
                                        0x280 (size before relaxing)
 .debug_str     0x00000000000011b2       0xb3 CMakeFiles/QEA.elf.dir/Core/Src/system_stm32f1xx.c.obj
                                        0x2bc (size before relaxing)
 .debug_str     0x0000000000001265      0x709 CMakeFiles/QEA.elf.dir/Core/Src/tim.c.obj
                                        0xebe (size before relaxing)
 .debug_str     0x000000000000196e       0x86 CMakeFiles/QEA.elf.dir/Core/Src/usart.c.obj
                                        0x700 (size before relaxing)
 .debug_str     0x00000000000019f4       0x6b CMakeFiles/QEA.elf.dir/Core/Startup/startup_stm32f103rctx.s.obj
                                         0xb5 (size before relaxing)
 .debug_str     0x0000000000001a5f      0x334 CMakeFiles/QEA.elf.dir/Drivers/STM32F1xx_HAL_Driver/Src/stm32f1xx_hal.c.obj
                                        0x970 (size before relaxing)
 .debug_str     0x0000000000001d93      0x3d3 CMakeFiles/QEA.elf.dir/Drivers/STM32F1xx_HAL_Driver/Src/stm32f1xx_hal_cortex.c.obj
                                        0xa1f (size before relaxing)
 .debug_str     0x0000000000002166      0x14f CMakeFiles/QEA.elf.dir/Drivers/STM32F1xx_HAL_Driver/Src/stm32f1xx_hal_gpio.c.obj
                                        0x468 (size before relaxing)
 .debug_str     0x00000000000022b5      0x229 CMakeFiles/QEA.elf.dir/Drivers/STM32F1xx_HAL_Driver/Src/stm32f1xx_hal_rcc.c.obj
                                        0x693 (size before relaxing)
 .debug_str     0x00000000000024de      0xcef CMakeFiles/QEA.elf.dir/Drivers/STM32F1xx_HAL_Driver/Src/stm32f1xx_hal_tim.c.obj
                                       0x16a0 (size before relaxing)
 .debug_str     0x00000000000031cd      0x559 CMakeFiles/QEA.elf.dir/Drivers/STM32F1xx_HAL_Driver/Src/stm32f1xx_hal_tim_ex.c.obj
                                        0xea1 (size before relaxing)
 .debug_str     0x0000000000003726      0x627 CMakeFiles/QEA.elf.dir/Drivers/STM32F1xx_HAL_Driver/Src/stm32f1xx_hal_uart.c.obj
                                        0xcf6 (size before relaxing)

.comment        0x0000000000000000       0x49
 .comment       0x0000000000000000       0x49 CMakeFiles/QEA.elf.dir/Core/Src/gpio.c.obj
                                         0x4a (size before relaxing)
 .comment       0x0000000000000049       0x4a CMakeFiles/QEA.elf.dir/Core/Src/main.c.obj
 .comment       0x0000000000000049       0x4a CMakeFiles/QEA.elf.dir/Core/Src/stm32f1xx_hal_msp.c.obj