Archive member included to satisfy reference by file (symbol)

/Applications/ARM/bin/../lib/gcc/arm-none-eabi/10.3.1/thumb/v7-m/nofp/libgcc.a(_arm_muldf3.o)
                              CMakeFiles/QEA.elf.dir/Core/Src/main.c.obj (__aeabi_dmul)
/Applications/ARM/bin/../lib/gcc/arm-none-eabi/10.3.1/thumb/v7-m/nofp/libgcc.a(_arm_addsubdf3.o)
                              CMakeFiles/QEA.elf.dir/Core/Src/main.c.obj (__aeabi_dsub)
/Applications/ARM/bin/../lib/gcc/arm-none-eabi/10.3.1/thumb/v7-m/nofp/libgcc.a(_arm_muldivdf3.o)
                              CMakeFiles/QEA.elf.dir/Core/Src/main.c.obj (__aeabi_ddiv)
/Applications/ARM/bin/../lib/gcc/arm-none-eabi/10.3.1/thumb/v7-m/nofp/libgcc.a(_arm_cmpdf2.o)
                              CMakeFiles/QEA.elf.dir/Core/Src/main.c.obj (__aeabi_dcmpeq)
/Applications/ARM/bin/../lib/gcc/arm-none-eabi/10.3.1/thumb/v7-m/nofp/libgcc.a(_arm_fixunsdfsi.o)
                              CMakeFiles/QEA.elf.dir/Core/Src/main.c.obj (__aeabi_d2uiz)
/Applications/ARM/bin/../lib/gcc/arm-none-eabi/10.3.1/../../../../arm-none-eabi/lib/thumb/v7-m/nofp/libg.a(lib_a-errno.o)
                              CMakeFiles/QEA.elf.dir/Core/Src/syscalls.c.obj (__errno)
/Applications/ARM/bin/../lib/gcc/arm-none-eabi/10.3.1/../../../../arm-none-eabi/lib/thumb/v7-m/nofp/libg.a(lib_a-exit.o)
                              /Applications/ARM/bin/../lib/gcc/arm-none-eabi/10.3.1/../../../../arm-none-eabi/lib/thumb/v7-m/nofp/crt0.o (exit)
/Applications/ARM/bin/../lib/gcc/arm-none-eabi/10.3.1/../../../../arm-none-eabi/lib/thumb/v7-m/nofp/libg.a(lib_a-impure.o)
                              /Applications/ARM/bin/../lib/gcc/arm-none-eabi/10.3.1/../../../../arm-none-eabi/lib/thumb/v7-m/nofp/libg.a(lib_a-exit.o) (_global_impure_ptr)
/Applications/ARM/bin/../lib/gcc/arm-none-eabi/10.3.1/../../../../arm-none-eabi/lib/thumb/v7-m/nofp/libg.a(lib_a-init.o)
                              /Applications/ARM/bin/../lib/gcc/arm-none-eabi/10.3.1/../../../../arm-none-eabi/lib/thumb/v7-m/nofp/crt0.o (__libc_init_array)
/Applications/ARM/bin/../lib/gcc/arm-none-eabi/10.3.1/../../../../arm-none-eabi/lib/thumb/v7-m/nofp/libg.a(lib_a-memcpy.o)
                              CMakeFiles/QEA.elf.dir/Core/Src/main.c.obj (memcpy)
/Applications/ARM/bin/../lib/gcc/arm-none-eabi/10.3.1/../../../../arm-none-eabi/lib/thumb/v7-m/nofp/libg.a(lib_a-memset.o)
                              /Applications/ARM/bin/../lib/gcc/arm-none-eabi/10.3.1/../../../../arm-none-eabi/lib/thumb/v7-m/nofp/crt0.o (memset)
/Applications/ARM/bin/../lib/gcc/arm-none-eabi/10.3.1/../../../../arm-none-eabi/lib/thumb/v7-m/nofp/libg.a(lib_a-snprintf.o)
                              CMakeFiles/QEA.elf.dir/Core/Src/main.c.obj (snprintf)
/Applications/ARM/bin/../lib/gcc/arm-none-eabi/10.3.1/../../../../arm-none-eabi/lib/thumb/v7-m/nofp/libg.a(lib_a-strlen-stub.o)
                              CMakeFiles/QEA.elf.dir/Core/Src/main.c.obj (strlen)
/Applications/ARM/bin/../lib/gcc/arm-none-eabi/10.3.1/../../../../arm-none-eabi/lib/thumb/v7-m/nofp/libg.a(lib_a-svfprintf.o)
                              /Applications/ARM/bin/../lib/gcc/arm-none-eabi/10.3.1/../../../../arm-none-eabi/lib/thumb/v7-m/nofp/libg.a(lib_a-snprintf.o) (_svfprintf_r)
/Applications/ARM/bin/../lib/gcc/arm-none-eabi/10.3.1/../../../../arm-none-eabi/lib/thumb/v7-m/nofp/libg.a(lib_a-__call_atexit.o)
                              /Applications/ARM/bin/../lib/gcc/arm-none-eabi/10.3.1/../../../../arm-none-eabi/lib/thumb/v7-m/nofp/libg.a(lib_a-exit.o) (__call_exitprocs)
/Applications/ARM/bin/../lib/gcc/arm-none-eabi/10.3.1/../../../../arm-none-eabi/lib/thumb/v7-m/nofp/libg.a(lib_a-atexit.o)
                              /Applications/ARM/bin/../lib/gcc/arm-none-eabi/10.3.1/../../../../arm-none-eabi/lib/thumb/v7-m/nofp/libg.a(lib_a-__call_atexit.o) (atexit)
/Applications/ARM/bin/../lib/gcc/arm-none-eabi/10.3.1/../../../../arm-none-eabi/lib/thumb/v7-m/nofp/libg.a(lib_a-dtoa.o)
                              /Applications/ARM/bin/../lib/gcc/arm-none-eabi/10.3.1/../../../../arm-none-eabi/lib/thumb/v7-m/nofp/libg.a(lib_a-svfprintf.o) (_dtoa_r)
/Applications/ARM/bin/../lib/gcc/arm-none-eabi/10.3.1/../../../../arm-none-eabi/lib/thumb/v7-m/nofp/libg.a(lib_a-fini.o)
                              /Applications/ARM/bin/../lib/gcc/arm-none-eabi/10.3.1/../../../../arm-none-eabi/lib/thumb/v7-m/nofp/libg.a(lib_a-__call_atexit.o) (__libc_fini_array)
/Applications/ARM/bin/../lib/gcc/arm-none-eabi/10.3.1/../../../../arm-none-eabi/lib/thumb/v7-m/nofp/libg.a(lib_a-freer.o)
                              /Applications/ARM/bin/../lib/gcc/arm-none-eabi/10.3.1/../../../../arm-none-eabi/lib/thumb/v7-m/nofp/libg.a(lib_a-svfprintf.o) (_free_r)
/Applications/ARM/bin/../lib/gcc/arm-none-eabi/10.3.1/../../../../arm-none-eabi/lib/thumb/v7-m/nofp/libg.a(lib_a-localeconv.o)
                              /Applications/ARM/bin/../lib/gcc/arm-none-eabi/10.3.1/../../../../arm-none-eabi/lib/thumb/v7-m/nofp/libg.a(lib_a-svfprintf.o) (_localeconv_r)
[...]
Memory Configuration

Name             Origin             Length             Attributes
RAM              0x0000000020000000 0x000000000000c000 xrw
FLASH            0x0000000008000000 0x0000000000040000 xr
*default*        0x0000000000000000 0xffffffffffffffff

Linker script and memory map

LOAD /Applications/ARM/bin/../lib/gcc/arm-none-eabi/10.3.1/thumb/v7-m/nofp/crti.o
LOAD /Applications/ARM/bin/../lib/gcc/arm-none-eabi/10.3.1/thumb/v7-m/nofp/crtbegin.o
LOAD /Applications/ARM/bin/../lib/gcc/arm-none-eabi/10.3.1/../../../../arm-none-eabi/lib/thumb/v7-m/nofp/crt0.o
LOAD CMakeFiles/QEA.elf.dir/Core/Src/gpio.c.obj
LOAD CMakeFiles/QEA.elf.dir/Core/Src/main.c.obj
LOAD CMakeFiles/QEA.elf.dir/Core/Src/stm32f1xx_hal_msp.c.obj
LOAD CMakeFiles/QEA.elf.dir/Core/Src/stm32f1xx_it.c.obj
LOAD CMakeFiles/QEA.elf.dir/Core/Src/syscalls.c.obj
LOAD CMakeFiles/QEA.elf.dir/Core/Src/sysmem.c.obj
LOAD CMakeFiles/QEA.elf.dir/Core/Src/system_stm32f1xx.c.obj
LOAD CMakeFiles/QEA.elf.dir/Core/Src/tim.c.obj
LOAD CMakeFiles/QEA.elf.dir/Core/Src/usart.c.obj
LOAD CMakeFiles/QEA.elf.dir/Core/Startup/startup_stm32f103rctx.s.obj
LOAD CMakeFiles/QEA.elf.dir/Drivers/STM32F1xx_HAL_Driver/Src/stm32f1xx_hal.c.obj
LOAD CMakeFiles/QEA.elf.dir/Drivers/STM32F1xx_HAL_Driver/Src/stm32f1xx_hal_cortex.c.obj
LOAD CMakeFiles/QEA.elf.dir/Drivers/STM32F1xx_HAL_Driver/Src/stm32f1xx_hal_dma.c.obj
LOAD CMakeFiles/QEA.elf.dir/Drivers/STM32F1xx_HAL_Driver/Src/stm32f1xx_hal_exti.c.obj
LOAD CMakeFiles/QEA.elf.dir/Drivers/STM32F1xx_HAL_Driver/Src/stm32f1xx_hal_flash.c.obj
LOAD CMakeFiles/QEA.elf.dir/Drivers/STM32F1xx_HAL_Driver/Src/stm32f1xx_hal_flash_ex.c.obj
LOAD CMakeFiles/QEA.elf.dir/Drivers/STM32F1xx_HAL_Driver/Src/stm32f1xx_hal_gpio.c.obj
LOAD CMakeFiles/QEA.elf.dir/Drivers/STM32F1xx_HAL_Driver/Src/stm32f1xx_hal_gpio_ex.c.obj
LOAD CMakeFiles/QEA.elf.dir/Drivers/STM32F1xx_HAL_Driver/Src/stm32f1xx_hal_pwr.c.obj
LOAD CMakeFiles/QEA.elf.dir/Drivers/STM32F1xx_HAL_Driver/Src/stm32f1xx_hal_rcc.c.obj
LOAD CMakeFiles/QEA.elf.dir/Drivers/STM32F1xx_HAL_Driver/Src/stm32f1xx_hal_rcc_ex.c.obj
LOAD CMakeFiles/QEA.elf.dir/Drivers/STM32F1xx_HAL_Driver/Src/stm32f1xx_hal_tim.c.obj
LOAD CMakeFiles/QEA.elf.dir/Drivers/STM32F1xx_HAL_Driver/Src/stm32f1xx_hal_tim_ex.c.obj
LOAD CMakeFiles/QEA.elf.dir/Drivers/STM32F1xx_HAL_Driver/Src/stm32f1xx_hal_uart.c.obj
START GROUP
LOAD /Applications/ARM/bin/../lib/gcc/arm-none-eabi/10.3.1/thumb/v7-m/nofp/libgcc.a
LOAD /Applications/ARM/bin/../lib/gcc/arm-none-eabi/10.3.1/../../../../arm-none-eabi/lib/thumb/v7-m/nofp/libg.a
LOAD /Applications/ARM/bin/../lib/gcc/arm-none-eabi/10.3.1/../../../../arm-none-eabi/lib/thumb/v7-m/nofp/libc.a
END GROUP
LOAD /Applications/ARM/bin/../lib/gcc/arm-none-eabi/10.3.1/thumb/v7-m/nofp/crtend.o
LOAD /Applications/ARM/bin/../lib/gcc/arm-none-eabi/10.3.1/thumb/v7-m/nofp/crtn.o
                0x000000002000c000                _estack = (ORIGIN (RAM) + LENGTH (RAM))
                0x0000000000000200                _Min_Heap_Size = 0x200
                0x0000000000000400                _Min_Stack_Size = 0x400

.isr_vector     0x0000000008000000      0x1e4
                0x0000000008000000                . = ALIGN (0x4)
 *(.isr_vector)
 .isr_vector    0x0000000008000000      0x1e4 CMakeFiles/QEA.elf.dir/Core/Startup/startup_stm32f103rctx.s.obj
                0x0000000008000000                g_pfnVectors
                0x00000000080001e4                . = ALIGN (0x4)

.text           0x00000000080001e8     0x90ac
                0x00000000080001e8                . = ALIGN (0x4)
 *(.text)
 .text          0x00000000080001e8       0x40 /Applications/ARM/bin/../lib/gcc/arm-none-eabi/10.3.1/thumb/v7-m/nofp/crtbegin.o
 .text          0x0000000008000228      0x378 /Applications/ARM/bin/../lib/gcc/arm-none-eabi/10.3.1/thumb/v7-m/nofp/libgcc.a(_arm_addsubdf3.o)
                0x0000000008000228                __aeabi_drsub
                0x0000000008000230                __subdf3
                0x0000000008000230                __aeabi_dsub
                0x0000000008000234                __aeabi_dadd
                0x0000000008000234                __adddf3
                0x00000000080004ac                __aeabi_ui2d
                0x00000000080004ac                __floatunsidf
                0x00000000080004cc                __floatsidf
                0x00000000080004cc                __aeabi_i2d
                0x00000000080004f0                __extendsfdf2
                0x00000000080004f0                __aeabi_f2d
                0x0000000008000534                __aeabi_ul2d
                0x0000000008000534                __floatundidf
                0x0000000008000544                __aeabi_l2d
                0x0000000008000544                __floatdidf
 .text          0x00000000080005a0      0x424 /Applications/ARM/bin/../lib/gcc/arm-none-eabi/10.3.1/thumb/v7-m/nofp/libgcc.a(_arm_muldivdf3.o)
                0x00000000080005a0                __aeabi_dmul
                0x00000000080005a0                __muldf3
                0x00000000080007f4                __aeabi_ddiv
                0x00000000080007f4                __divdf3
 .text          0x00000000080009c4      0x110 /Applications/ARM/bin/../lib/gcc/arm-none-eabi/10.3.1/thumb/v7-m/nofp/libgcc.a(_arm_cmpdf2.o)
                0x00000000080009c4                __gedf2
                0x00000000080009c4                __gtdf2
                0x00000000080009cc                __ledf2
                0x00000000080009cc                __ltdf2
                0x00000000080009d4                __cmpdf2
                0x00000000080009d4                __eqdf2
                0x00000000080009d4                __nedf2
                0x0000000008000a50                __aeabi_cdrcmple
                0x0000000008000a60                __aeabi_cdcmple
                0x0000000008000a60                __aeabi_cdcmpeq
                0x0000000008000a70                __aeabi_dcmpeq
                0x0000000008000a84                __aeabi_dcmplt
                0x0000000008000a98                __aeabi_dcmple
                0x0000000008000aac                __aeabi_dcmpge
                0x0000000008000ac0                __aeabi_dcmpgt
 .text          0x0000000008000ad4       0x40 /Applications/ARM/bin/../lib/gcc/arm-none-eabi/10.3.1/thumb/v7-m/nofp/libgcc.a(_arm_fixunsdfsi.o)
                0x0000000008000ad4                __fixunsdfsi
                0x0000000008000ad4                __aeabi_d2uiz
 .text          0x0000000008000b14       0xec /Applications/ARM/bin/../lib/gcc/arm-none-eabi/10.3.1/../../../../arm-none-eabi/lib/thumb/v7-m/nofp/libg.a(lib_a-memcpy.o)
                0x0000000008000b14                memcpy
 .text          0x0000000008000c00       0x2c /Applications/ARM/bin/../lib/gcc/arm-none-eabi/10.3.1/thumb/v7-m/nofp/libgcc.a(_arm_unorddf2.o)
                0x0000000008000c00                __aeabi_dcmpun
                0x0000000008000c00                __unorddf2
 .text          0x0000000008000c2c       0x50 /Applications/ARM/bin/../lib/gcc/arm-none-eabi/10.3.1/thumb/v7-m/nofp/libgcc.a(_arm_fixdfsi.o)
                0x0000000008000c2c                __fixdfsi
                0x0000000008000c2c                __aeabi_d2iz
 .text          0x0000000008000c7c       0x30 /Applications/ARM/bin/../lib/gcc/arm-none-eabi/10.3.1/thumb/v7-m/nofp/libgcc.a(_aeabi_uldivmod.o)
                0x0000000008000c7c                __aeabi_uldivmod
 .text          0x0000000008000cac      0x2d4 /Applications/ARM/bin/../lib/gcc/arm-none-eabi/10.3.1/thumb/v7-m/nofp/libgcc.a(_udivmoddi4.o)
                0x0000000008000cac                __udivmoddi4
 .text          0x0000000008000f80        0x4 /Applications/ARM/bin/../lib/gcc/arm-none-eabi/10.3.1/thumb/v7-m/nofp/libgcc.a(_dvmd_tls.o)
                0x0000000008000f80                __aeabi_ldiv0
                0x0000000008000f80                __aeabi_idiv0
 *(.text*)
 .text.MX_GPIO_Init
                0x0000000008000f84       0xec CMakeFiles/QEA.elf.dir/Core/Src/gpio.c.obj
                0x0000000008000f84                MX_GPIO_Init
 .text.ClearSpeed
                0x0000000008001070       0x14 CMakeFiles/QEA.elf.dir/Core/Src/main.c.obj
                0x0000000008001070                ClearSpeed
 .text.CommitSpeed
                0x0000000008001084       0x2c CMakeFiles/QEA.elf.dir/Core/Src/main.c.obj
                0x0000000008001084                CommitSpeed
 .text.Stop     0x00000000080010b0        0xc CMakeFiles/QEA.elf.dir/Core/Src/main.c.obj
                0x00000000080010b0                Stop
 .text.MoveForward
                0x00000000080010bc       0x7c CMakeFiles/QEA.elf.dir/Core/Src/main.c.obj
                0x00000000080010bc                MoveForward
 .text.MoveForwardV2
                0x0000000008001138       0x78 CMakeFiles/QEA.elf.dir/Core/Src/main.c.obj
                0x0000000008001138                MoveForwardV2
 .text.RobotInit
                0x00000000080011b0       0x8c CMakeFiles/QEA.elf.dir/Core/Src/main.c.obj
                0x00000000080011b0                RobotInit
 .text.Do_PID   0x000000000800123c       0xee CMakeFiles/QEA.elf.dir/Core/Src/main.c.obj
                0x000000000800123c                Do_PID
 *fill*         0x000000000800132a        0x2 
 .text.PID_Tick
                0x000000000800132c      0x124 CMakeFiles/QEA.elf.dir/Core/Src/main.c.obj
                0x000000000800132c                PID_Tick
 .text.HAL_TIM_PeriodElapsedCallback
                0x0000000008001450       0x18 CMakeFiles/QEA.elf.dir/Core/Src/main.c.obj
                0x0000000008001450                HAL_TIM_PeriodElapsedCallback
 .text.Error_Handler
                0x0000000008001468        0x4 CMakeFiles/QEA.elf.dir/Core/Src/main.c.obj
                0x0000000008001468                Error_Handler
 .text.SystemClock_Config
                0x000000000800146c       0x64 CMakeFiles/QEA.elf.dir/Core/Src/main.c.obj
                0x000000000800146c                SystemClock_Config
 .text.main     0x00000000080014d0      0x12c CMakeFiles/QEA.elf.dir/Core/Src/main.c.obj
                0x00000000080014d0                main
 .text.HAL_MspInit
                0x00000000080015fc       0x44 CMakeFiles/QEA.elf.dir/Core/Src/stm32f1xx_hal_msp.c.obj
                0x00000000080015fc                HAL_MspInit
 .text.NMI_Handler
                0x0000000008001640        0x2 CMakeFiles/QEA.elf.dir/Core/Src/stm32f1xx_it.c.obj
                0x0000000008001640                NMI_Handler
 .text.HardFault_Handler
                0x0000000008001642        0x2 CMakeFiles/QEA.elf.dir/Core/Src/stm32f1xx_it.c.obj
                0x0000000008001642                HardFault_Handler
 .text.MemManage_Handler
                0x0000000008001644        0x2 CMakeFiles/QEA.elf.dir/Core/Src/stm32f1xx_it.c.obj
                0x0000000008001644                MemManage_Handler
 .text.BusFault_Handler
                0x0000000008001646        0x2 CMakeFiles/QEA.elf.dir/Core/Src/stm32f1xx_it.c.obj
                0x0000000008001646                BusFault_Handler
 .text.UsageFault_Handler
                0x0000000008001648        0x2 CMakeFiles/QEA.elf.dir/Core/Src/stm32f1xx_it.c.obj
                0x0000000008001648                UsageFault_Handler
 .text.SVC_Handler
                0x000000000800164a        0x2 CMakeFiles/QEA.elf.dir/Core/Src/stm32f1xx_it.c.obj
                0x000000000800164a                SVC_Handler
 .text.DebugMon_Handler
                0x000000000800164c        0x2 CMakeFiles/QEA.elf.dir/Core/Src/stm32f1xx_it.c.obj
                0x000000000800164c                DebugMon_Handler
 .text.PendSV_Handler
                0x000000000800164e        0x2 CMakeFiles/QEA.elf.dir/Core/Src/stm32f1xx_it.c.obj
                0x000000000800164e                PendSV_Handler
 .text.SysTick_Handler
                0x0000000008001650        0x8 CMakeFiles/QEA.elf.dir/Core/Src/stm32f1xx_it.c.obj
                0x0000000008001650                SysTick_Handler
 .text.TIM6_IRQHandler
                0x0000000008001658       0x10 CMakeFiles/QEA.elf.dir/Core/Src/stm32f1xx_it.c.obj
                0x0000000008001658                TIM6_IRQHandler
 .text._getpid  0x0000000008001668        0x4 CMakeFiles/QEA.elf.dir/Core/Src/syscalls.c.obj
                0x0000000008001668                _getpid
 .text._kill    0x000000000800166c       0x10 CMakeFiles/QEA.elf.dir/Core/Src/syscalls.c.obj
                0x000000000800166c                _kill
 .text._exit    0x000000000800167c        0xc CMakeFiles/QEA.elf.dir/Core/Src/syscalls.c.obj
                0x000000000800167c                _exit
 .text._read    0x0000000008001688       0x20 CMakeFiles/QEA.elf.dir/Core/Src/syscalls.c.obj
                0x0000000008001688                _read
 .text._write   0x00000000080016a8       0x1c CMakeFiles/QEA.elf.dir/Core/Src/syscalls.c.obj
                0x00000000080016a8                _write
 .text._close   0x00000000080016c4        0x6 CMakeFiles/QEA.elf.dir/Core/Src/syscalls.c.obj
                0x00000000080016c4                _close
 .text._fstat   0x00000000080016ca        0xa CMakeFiles/QEA.elf.dir/Core/Src/syscalls.c.obj
                0x00000000080016ca                _fstat
 .text._isatty  0x00000000080016d4        0x4 CMakeFiles/QEA.elf.dir/Core/Src/syscalls.c.obj
                0x00000000080016d4                _isatty
 .text._lseek   0x00000000080016d8        0x4 CMakeFiles/QEA.elf.dir/Core/Src/syscalls.c.obj
                0x00000000080016d8                _lseek
 .text._sbrk    0x00000000080016dc       0x48 CMakeFiles/QEA.elf.dir/Core/Src/sysmem.c.obj
                0x00000000080016dc                _sbrk
 .text.SystemInit
                0x0000000008001724        0x2 CMakeFiles/QEA.elf.dir/Core/Src/system_stm32f1xx.c.obj
                0x0000000008001724                SystemInit
 *fill*         0x0000000008001726        0x2 
 .text.MX_TIM4_Init
                0x0000000008001728       0x64 CMakeFiles/QEA.elf.dir/Core/Src/tim.c.obj
                0x0000000008001728                MX_TIM4_Init
 .text.MX_TIM6_Init
                0x000000000800178c       0x50 CMakeFiles/QEA.elf.dir/Core/Src/tim.c.obj
                0x000000000800178c                MX_TIM6_Init
 .text.MX_TIM8_Init
                0x00000000080017dc       0x68 CMakeFiles/QEA.elf.dir/Core/Src/tim.c.obj
                0x00000000080017dc                MX_TIM8_Init
 .text.HAL_TIM_Base_MspInit
                0x0000000008001844       0x60 CMakeFiles/QEA.elf.dir/Core/Src/tim.c.obj
                0x0000000008001844                HAL_TIM_Base_MspInit
 .text.HAL_TIM_Encoder_MspInit
                0x00000000080018a4       0xa0 CMakeFiles/QEA.elf.dir/Core/Src/tim.c.obj
                0x00000000080018a4                HAL_TIM_Encoder_MspInit
 .text.HAL_TIM_MspPostInit
                0x0000000008001944       0x74 CMakeFiles/QEA.elf.dir/Core/Src/tim.c.obj
                0x0000000008001944                HAL_TIM_MspPostInit
 .text.MX_TIM3_Init
                0x00000000080019b8       0xec CMakeFiles/QEA.elf.dir/Core/Src/tim.c.obj
                0x00000000080019b8                MX_TIM3_Init
 .text.MX_USART1_UART_Init
                0x0000000008001aa4       0x34 CMakeFiles/QEA.elf.dir/Core/Src/usart.c.obj
                0x0000000008001aa4                MX_USART1_UART_Init
 .text.HAL_UART_MspInit
                0x0000000008001ad8       0x78 CMakeFiles/QEA.elf.dir/Core/Src/usart.c.obj
                0x0000000008001ad8                HAL_UART_MspInit
 .text.Reset_Handler
                0x0000000008001b50       0x48 CMakeFiles/QEA.elf.dir/Core/Startup/startup_stm32f103rctx.s.obj
                0x0000000008001b50                Reset_Handler
 .text.Default_Handler
                0x0000000008001b98        0x2 CMakeFiles/QEA.elf.dir/Core/Startup/startup_stm32f103rctx.s.obj
                0x0000000008001b98                DMA2_Channel3_IRQHandler
                0x0000000008001b98                EXTI2_IRQHandler
                0x0000000008001b98                TIM8_TRG_COM_IRQHandler
                0x0000000008001b98                TIM8_CC_IRQHandler
                0x0000000008001b98                TIM1_CC_IRQHandler
                0x0000000008001b98                PVD_IRQHandler
                0x0000000008001b98                SDIO_IRQHandler
                0x0000000008001b98                EXTI3_IRQHandler
                0x0000000008001b98                EXTI0_IRQHandler
                0x0000000008001b98                I2C2_EV_IRQHandler
                0x0000000008001b98                ADC1_2_IRQHandler
                0x0000000008001b98                SPI1_IRQHandler
                0x0000000008001b98                TAMPER_IRQHandler
                0x0000000008001b98                TIM8_UP_IRQHandler
                0x0000000008001b98                DMA2_Channel2_IRQHandler
                0x0000000008001b98                DMA1_Channel4_IRQHandler
                0x0000000008001b98                USART3_IRQHandler
                0x0000000008001b98                RTC_IRQHandler
                0x0000000008001b98                DMA1_Channel7_IRQHandler
                0x0000000008001b98                CAN1_RX1_IRQHandler
                0x0000000008001b98                UART5_IRQHandler
                0x0000000008001b98                ADC3_IRQHandler
                0x0000000008001b98                TIM4_IRQHandler
                0x0000000008001b98                DMA2_Channel1_IRQHandler
                0x0000000008001b98                I2C1_EV_IRQHandler
                0x0000000008001b98                DMA1_Channel6_IRQHandler
                0x0000000008001b98                UART4_IRQHandler
                0x0000000008001b98                TIM3_IRQHandler
                0x0000000008001b98                RCC_IRQHandler
                0x0000000008001b98                TIM1_TRG_COM_IRQHandler
                0x0000000008001b98                DMA1_Channel1_IRQHandler
                0x0000000008001b98                Default_Handler
                0x0000000008001b98                EXTI15_10_IRQHandler
                0x0000000008001b98                TIM7_IRQHandler
                0x0000000008001b98                TIM5_IRQHandler
                0x0000000008001b98                EXTI9_5_IRQHandler
                0x0000000008001b98                SPI2_IRQHandler
                0x0000000008001b98                DMA1_Channel5_IRQHandler
                0x0000000008001b98                EXTI4_IRQHandler
                0x0000000008001b98                USB_LP_CAN1_RX0_IRQHandler
                0x0000000008001b98                USB_HP_CAN1_TX_IRQHandler
                0x0000000008001b98                DMA1_Channel3_IRQHandler
                0x0000000008001b98                FSMC_IRQHandler
                0x0000000008001b98                TIM1_UP_IRQHandler
                0x0000000008001b98                WWDG_IRQHandler
                0x0000000008001b98                TIM2_IRQHandler
                0x0000000008001b98                TIM1_BRK_IRQHandler
                0x0000000008001b98                EXTI1_IRQHandler
                0x0000000008001b98                DMA2_Channel4_5_IRQHandler
                0x0000000008001b98                USART2_IRQHandler
                0x0000000008001b98                I2C2_ER_IRQHandler
                0x0000000008001b98                DMA1_Channel2_IRQHandler
                0x0000000008001b98                TIM8_BRK_IRQHandler
                0x0000000008001b98                CAN1_SCE_IRQHandler
                0x0000000008001b98                FLASH_IRQHandler
                0x0000000008001b98                USART1_IRQHandler
                0x0000000008001b98                SPI3_IRQHandler
                0x0000000008001b98                I2C1_ER_IRQHandler
                0x0000000008001b98                USBWakeUp_IRQHandler
                0x0000000008001b98                RTC_Alarm_IRQHandler
 *fill*         0x0000000008001b9a        0x2 
 .text.HAL_InitTick
                0x0000000008001b9c       0x4c CMakeFiles/QEA.elf.dir/Drivers/STM32F1xx_HAL_Driver/Src/stm32f1xx_hal.c.obj
                0x0000000008001b9c                HAL_InitTick
 .text.HAL_Init
                0x0000000008001be8       0x24 CMakeFiles/QEA.elf.dir/Drivers/STM32F1xx_HAL_Driver/Src/stm32f1xx_hal.c.obj
                0x0000000008001be8                HAL_Init
 .text.HAL_IncTick
                0x0000000008001c0c       0x18 CMakeFiles/QEA.elf.dir/Drivers/STM32F1xx_HAL_Driver/Src/stm32f1xx_hal.c.obj
                0x0000000008001c0c                HAL_IncTick
 .text.HAL_GetTick
                0x0000000008001c24        0xc CMakeFiles/QEA.elf.dir/Drivers/STM32F1xx_HAL_Driver/Src/stm32f1xx_hal.c.obj
                0x0000000008001c24                HAL_GetTick
 .text.HAL_Delay
                0x0000000008001c30       0x28 CMakeFiles/QEA.elf.dir/Drivers/STM32F1xx_HAL_Driver/Src/stm32f1xx_hal.c.obj
                0x0000000008001c30                HAL_Delay
 .text.HAL_NVIC_SetPriorityGrouping
                0x0000000008001c58       0x24 CMakeFiles/QEA.elf.dir/Drivers/STM32F1xx_HAL_Driver/Src/stm32f1xx_hal_cortex.c.obj
                0x0000000008001c58                HAL_NVIC_SetPriorityGrouping
 .text.HAL_NVIC_SetPriority
                0x0000000008001c7c       0x70 CMakeFiles/QEA.elf.dir/Drivers/STM32F1xx_HAL_Driver/Src/stm32f1xx_hal_cortex.c.obj
                0x0000000008001c7c                HAL_NVIC_SetPriority
 .text.HAL_NVIC_EnableIRQ
                0x0000000008001cec       0x1c CMakeFiles/QEA.elf.dir/Drivers/STM32F1xx_HAL_Driver/Src/stm32f1xx_hal_cortex.c.obj
                0x0000000008001cec                HAL_NVIC_EnableIRQ
 .text.HAL_SYSTICK_Config
                0x0000000008001d08       0x28 CMakeFiles/QEA.elf.dir/Drivers/STM32F1xx_HAL_Driver/Src/stm32f1xx_hal_cortex.c.obj
                0x0000000008001d08                HAL_SYSTICK_Config
 .text.HAL_GPIO_Init
                0x0000000008001d30      0x240 CMakeFiles/QEA.elf.dir/Drivers/STM32F1xx_HAL_Driver/Src/stm32f1xx_hal_gpio.c.obj
                0x0000000008001d30                HAL_GPIO_Init
 .text.HAL_GPIO_WritePin
                0x0000000008001f70        0xc CMakeFiles/QEA.elf.dir/Drivers/STM32F1xx_HAL_Driver/Src/stm32f1xx_hal_gpio.c.obj
                0x0000000008001f70                HAL_GPIO_WritePin
 .text.RCC_Delay
                0x0000000008001f7c       0x2c CMakeFiles/QEA.elf.dir/Drivers/STM32F1xx_HAL_Driver/Src/stm32f1xx_hal_rcc.c.obj
 .text.HAL_RCC_OscConfig
                0x0000000008001fa8      0x410 CMakeFiles/QEA.elf.dir/Drivers/STM32F1xx_HAL_Driver/Src/stm32f1xx_hal_rcc.c.obj
                0x0000000008001fa8                HAL_RCC_OscConfig
 .text.HAL_RCC_GetSysClockFreq
                0x00000000080023b8       0x70 CMakeFiles/QEA.elf.dir/Drivers/STM32F1xx_HAL_Driver/Src/stm32f1xx_hal_rcc.c.obj
                0x00000000080023b8                HAL_RCC_GetSysClockFreq
 .text.HAL_RCC_ClockConfig
                0x0000000008002428      0x16c CMakeFiles/QEA.elf.dir/Drivers/STM32F1xx_HAL_Driver/Src/stm32f1xx_hal_rcc.c.obj
                0x0000000008002428                HAL_RCC_ClockConfig
 .text.HAL_RCC_GetHCLKFreq
                0x0000000008002594        0xc CMakeFiles/QEA.elf.dir/Drivers/STM32F1xx_HAL_Driver/Src/stm32f1xx_hal_rcc.c.obj
                0x0000000008002594                HAL_RCC_GetHCLKFreq
 .text.HAL_RCC_GetPCLK1Freq
                0x00000000080025a0       0x20 CMakeFiles/QEA.elf.dir/Drivers/STM32F1xx_HAL_Driver/Src/stm32f1xx_hal_rcc.c.obj
                0x00000000080025a0                HAL_RCC_GetPCLK1Freq
 .text.HAL_RCC_GetPCLK2Freq
                0x00000000080025c0       0x20 CMakeFiles/QEA.elf.dir/Drivers/STM32F1xx_HAL_Driver/Src/stm32f1xx_hal_rcc.c.obj
                0x00000000080025c0                HAL_RCC_GetPCLK2Freq
 .text.TIM_OC1_SetConfig
                0x00000000080025e0       0x68 CMakeFiles/QEA.elf.dir/Drivers/STM32F1xx_HAL_Driver/Src/stm32f1xx_hal_tim.c.obj
 .text.TIM_OC3_SetConfig
                0x0000000008002648       0x70 CMakeFiles/QEA.elf.dir/Drivers/STM32F1xx_HAL_Driver/Src/stm32f1xx_hal_tim.c.obj
 .text.TIM_OC4_SetConfig
                0x00000000080026b8       0x50 CMakeFiles/QEA.elf.dir/Drivers/STM32F1xx_HAL_Driver/Src/stm32f1xx_hal_tim.c.obj
 .text.TIM_TI1_ConfigInputStage
                0x0000000008002708       0x24 CMakeFiles/QEA.elf.dir/Drivers/STM32F1xx_HAL_Driver/Src/stm32f1xx_hal_tim.c.obj
 .text.TIM_TI2_ConfigInputStage
                0x000000000800272c       0x26 CMakeFiles/QEA.elf.dir/Drivers/STM32F1xx_HAL_Driver/Src/stm32f1xx_hal_tim.c.obj
 .text.TIM_ITRx_SetConfig
                0x0000000008002752       0x10 CMakeFiles/QEA.elf.dir/Drivers/STM32F1xx_HAL_Driver/Src/stm32f1xx_hal_tim.c.obj
 *fill*         0x0000000008002762        0x2 
 .text.HAL_TIM_Base_Start_IT
                0x0000000008002764       0x78 CMakeFiles/QEA.elf.dir/Drivers/STM32F1xx_HAL_Driver/Src/stm32f1xx_hal_tim.c.obj
                0x0000000008002764                HAL_TIM_Base_Start_IT
 .text.HAL_TIM_PWM_MspInit
                0x00000000080027dc        0x2 CMakeFiles/QEA.elf.dir/Drivers/STM32F1xx_HAL_Driver/Src/stm32f1xx_hal_tim.c.obj
                0x00000000080027dc                HAL_TIM_PWM_MspInit
 .text.HAL_TIM_OC_DelayElapsedCallback
                0x00000000080027de        0x2 CMakeFiles/QEA.elf.dir/Drivers/STM32F1xx_HAL_Driver/Src/stm32f1xx_hal_tim.c.obj
                0x00000000080027de                HAL_TIM_OC_DelayElapsedCallback
 .text.HAL_TIM_IC_CaptureCallback
                0x00000000080027e0        0x2 CMakeFiles/QEA.elf.dir/Drivers/STM32F1xx_HAL_Driver/Src/stm32f1xx_hal_tim.c.obj
                0x00000000080027e0                HAL_TIM_IC_CaptureCallback
 .text.HAL_TIM_PWM_PulseFinishedCallback
                0x00000000080027e2        0x2 CMakeFiles/QEA.elf.dir/Drivers/STM32F1xx_HAL_Driver/Src/stm32f1xx_hal_tim.c.obj
                0x00000000080027e2                HAL_TIM_PWM_PulseFinishedCallback
 .text.HAL_TIM_TriggerCallback
                0x00000000080027e4        0x2 CMakeFiles/QEA.elf.dir/Drivers/STM32F1xx_HAL_Driver/Src/stm32f1xx_hal_tim.c.obj
                0x00000000080027e4                HAL_TIM_TriggerCallback
 .text.HAL_TIM_IRQHandler
                0x00000000080027e6      0x17a CMakeFiles/QEA.elf.dir/Drivers/STM32F1xx_HAL_Driver/Src/stm32f1xx_hal_tim.c.obj
                0x00000000080027e6                HAL_TIM_IRQHandler
 .text.TIM_Base_SetConfig
                0x0000000008002960       0x98 CMakeFiles/QEA.elf.dir/Drivers/STM32F1xx_HAL_Driver/Src/stm32f1xx_hal_tim.c.obj
                0x0000000008002960                TIM_Base_SetConfig
 .text.HAL_TIM_Base_Init
                0x00000000080029f8       0x58 CMakeFiles/QEA.elf.dir/Drivers/STM32F1xx_HAL_Driver/Src/stm32f1xx_hal_tim.c.obj
                0x00000000080029f8                HAL_TIM_Base_Init
 .text.HAL_TIM_PWM_Init
                0x0000000008002a50       0x58 CMakeFiles/QEA.elf.dir/Drivers/STM32F1xx_HAL_Driver/Src/stm32f1xx_hal_tim.c.obj
                0x0000000008002a50                HAL_TIM_PWM_Init
 .text.HAL_TIM_Encoder_Init
                0x0000000008002aa8       0xb8 CMakeFiles/QEA.elf.dir/Drivers/STM32F1xx_HAL_Driver/Src/stm32f1xx_hal_tim.c.obj
                0x0000000008002aa8                HAL_TIM_Encoder_Init
 .text.TIM_OC2_SetConfig
                0x0000000008002b60       0x70 CMakeFiles/QEA.elf.dir/Drivers/STM32F1xx_HAL_Driver/Src/stm32f1xx_hal_tim.c.obj
                0x0000000008002b60                TIM_OC2_SetConfig
 .text.HAL_TIM_PWM_ConfigChannel
                0x0000000008002bd0       0xd0 CMakeFiles/QEA.elf.dir/Drivers/STM32F1xx_HAL_Driver/Src/stm32f1xx_hal_tim.c.obj
                0x0000000008002bd0                HAL_TIM_PWM_ConfigChannel
 .text.TIM_ETR_SetConfig
                0x0000000008002ca0       0x18 CMakeFiles/QEA.elf.dir/Drivers/STM32F1xx_HAL_Driver/Src/stm32f1xx_hal_tim.c.obj
                0x0000000008002ca0                TIM_ETR_SetConfig
 .text.HAL_TIM_ConfigClockSource
                0x0000000008002cb8       0xda CMakeFiles/QEA.elf.dir/Drivers/STM32F1xx_HAL_Driver/Src/stm32f1xx_hal_tim.c.obj
                0x0000000008002cb8                HAL_TIM_ConfigClockSource
 .text.TIM_CCxChannelCmd
                0x0000000008002d92       0x1e CMakeFiles/QEA.elf.dir/Drivers/STM32F1xx_HAL_Driver/Src/stm32f1xx_hal_tim.c.obj
                0x0000000008002d92                TIM_CCxChannelCmd
 .text.HAL_TIM_PWM_Start
                0x0000000008002db0       0xf4 CMakeFiles/QEA.elf.dir/Drivers/STM32F1xx_HAL_Driver/Src/stm32f1xx_hal_tim.c.obj
                0x0000000008002db0                HAL_TIM_PWM_Start
 .text.HAL_TIM_Encoder_Start
                0x0000000008002ea4       0xcc CMakeFiles/QEA.elf.dir/Drivers/STM32F1xx_HAL_Driver/Src/stm32f1xx_hal_tim.c.obj
                0x0000000008002ea4                HAL_TIM_Encoder_Start
 .text.HAL_TIMEx_MasterConfigSynchronization
                0x0000000008002f70       0x7c CMakeFiles/QEA.elf.dir/Drivers/STM32F1xx_HAL_Driver/Src/stm32f1xx_hal_tim_ex.c.obj
                0x0000000008002f70                HAL_TIMEx_MasterConfigSynchronization
 .text.HAL_TIMEx_CommutCallback
                0x0000000008002fec        0x2 CMakeFiles/QEA.elf.dir/Drivers/STM32F1xx_HAL_Driver/Src/stm32f1xx_hal_tim_ex.c.obj
                0x0000000008002fec                HAL_TIMEx_CommutCallback
 .text.HAL_TIMEx_BreakCallback
                0x0000000008002fee        0x2 CMakeFiles/QEA.elf.dir/Drivers/STM32F1xx_HAL_Driver/Src/stm32f1xx_hal_tim_ex.c.obj
                0x0000000008002fee                HAL_TIMEx_BreakCallback
 .text.UART_SetConfig
                0x0000000008002ff0       0x94 CMakeFiles/QEA.elf.dir/Drivers/STM32F1xx_HAL_Driver/Src/stm32f1xx_hal_uart.c.obj
 .text.UART_WaitOnFlagUntilTimeout
                0x0000000008003084       0x6c CMakeFiles/QEA.elf.dir/Drivers/STM32F1xx_HAL_Driver/Src/stm32f1xx_hal_uart.c.obj
 .text.HAL_UART_Init
                0x00000000080030f0       0x5e CMakeFiles/QEA.elf.dir/Drivers/STM32F1xx_HAL_Driver/Src/stm32f1xx_hal_uart.c.obj
                0x00000000080030f0                HAL_UART_Init
 .text.HAL_UART_Transmit
                0x000000000800314e       0xd8 CMakeFiles/QEA.elf.dir/Drivers/STM32F1xx_HAL_Driver/Src/stm32f1xx_hal_uart.c.obj
                0x000000000800314e                HAL_UART_Transmit
 *fill*         0x0000000008003226        0x2 
 .text.__errno  0x0000000008003228        0xc /Applications/ARM/bin/../lib/gcc/arm-none-eabi/10.3.1/../../../../arm-none-eabi/lib/thumb/v7-m/nofp/libg.a(lib_a-errno.o)
                0x0000000008003228                __errno
 .text.__libc_init_array
                0x0000000008003234       0x48 /Applications/ARM/bin/../lib/gcc/arm-none-eabi/10.3.1/../../../../arm-none-eabi/lib/thumb/v7-m/nofp/libg.a(lib_a-init.o)
                0x0000000008003234                __libc_init_array
 .text.memset   0x000000000800327c       0xa4 /Applications/ARM/bin/../lib/gcc/arm-none-eabi/10.3.1/../../../../arm-none-eabi/lib/thumb/v7-m/nofp/libg.a(lib_a-memset.o)
                0x000000000800327c                memset
 .text.snprintf
                0x0000000008003320       0x84 /Applications/ARM/bin/../lib/gcc/arm-none-eabi/10.3.1/../../../../arm-none-eabi/lib/thumb/v7-m/nofp/libg.a(lib_a-snprintf.o)
                0x0000000008003320                snprintf
 .text.strlen   0x00000000080033a4       0x5c /Applications/ARM/bin/../lib/gcc/arm-none-eabi/10.3.1/../../../../arm-none-eabi/lib/thumb/v7-m/nofp/libg.a(lib_a-strlen-stub.o)
                0x00000000080033a4                strlen
 .text._svfprintf_r
                0x0000000008003400     0x1aa4 /Applications/ARM/bin/../lib/gcc/arm-none-eabi/10.3.1/../../../../arm-none-eabi/lib/thumb/v7-m/nofp/libg.a(lib_a-svfprintf.o)
                0x0000000008003400                _svfprintf_r
 .text.startup.register_fini
                0x0000000008004ea4       0x14 /Applications/ARM/bin/../lib/gcc/arm-none-eabi/10.3.1/../../../../arm-none-eabi/lib/thumb/v7-m/nofp/libg.a(lib_a-__call_atexit.o)
 .text.atexit   0x0000000008004eb8        0xc /Applications/ARM/bin/../lib/gcc/arm-none-eabi/10.3.1/../../../../arm-none-eabi/lib/thumb/v7-m/nofp/libg.a(lib_a-atexit.o)
                0x0000000008004eb8                atexit
 .text.quorem   0x0000000008004ec4      0x12c /Applications/ARM/bin/../lib/gcc/arm-none-eabi/10.3.1/../../../../arm-none-eabi/lib/thumb/v7-m/nofp/libg.a(lib_a-dtoa.o)
 .text._dtoa_r  0x0000000008004ff0      0xecc /Applications/ARM/bin/../lib/gcc/arm-none-eabi/10.3.1/../../../../arm-none-eabi/lib/thumb/v7-m/nofp/libg.a(lib_a-dtoa.o)
                0x0000000008004ff0                _dtoa_r
 .text.__libc_fini_array
                0x0000000008005ebc       0x2c /Applications/ARM/bin/../lib/gcc/arm-none-eabi/10.3.1/../../../../arm-none-eabi/lib/thumb/v7-m/nofp/libg.a(lib_a-fini.o)
                0x0000000008005ebc                __libc_fini_array
 .text._malloc_trim_r
                0x0000000008005ee8       0xa0 /Applications/ARM/bin/../lib/gcc/arm-none-eabi/10.3.1/../../../../arm-none-eabi/lib/thumb/v7-m/nofp/libg.a(lib_a-freer.o)
                0x0000000008005ee8                _malloc_trim_r
 .text._free_r  0x0000000008005f88      0x200 /Applications/ARM/bin/../lib/gcc/arm-none-eabi/10.3.1/../../../../arm-none-eabi/lib/thumb/v7-m/nofp/libg.a(lib_a-freer.o)
                0x0000000008005f88                _free_r
 .text._localeconv_r
                0x0000000008006188        0x8 /Applications/ARM/bin/../lib/gcc/arm-none-eabi/10.3.1/../../../../arm-none-eabi/lib/thumb/v7-m/nofp/libg.a(lib_a-localeconv.o)
                0x0000000008006188                _localeconv_r
 .text.__retarget_lock_init_recursive
                0x0000000008006190        0x4 /Applications/ARM/bin/../lib/gcc/arm-none-eabi/10.3.1/../../../../arm-none-eabi/lib/thumb/v7-m/nofp/libg.a(lib_a-lock.o)
                0x0000000008006190                __retarget_lock_init_recursive
 .text.__retarget_lock_close_recursive
                0x0000000008006194        0x4 /Applications/ARM/bin/../lib/gcc/arm-none-eabi/10.3.1/../../../../arm-none-eabi/lib/thumb/v7-m/nofp/libg.a(lib_a-lock.o)
                0x0000000008006194                __retarget_lock_close_recursive
 .text.__retarget_lock_acquire_recursive
                0x0000000008006198        0x4 /Applications/ARM/bin/../lib/gcc/arm-none-eabi/10.3.1/../../../../arm-none-eabi/lib/thumb/v7-m/nofp/libg.a(lib_a-lock.o)
                0x0000000008006198                __retarget_lock_acquire_recursive
 .text.__retarget_lock_release_recursive
                0x000000000800619c        0x4 /Applications/ARM/bin/../lib/gcc/arm-none-eabi/10.3.1/../../../../arm-none-eabi/lib/thumb/v7-m/nofp/libg.a(lib_a-lock.o)
                0x000000000800619c                __retarget_lock_release_recursive
 .text._malloc_r
                0x00000000080061a0      0x558 /Applications/ARM/bin/../lib/gcc/arm-none-eabi/10.3.1/../../../../arm-none-eabi/lib/thumb/v7-m/nofp/libg.a(lib_a-mallocr.o)
                0x00000000080061a0                _malloc_r
 .text.memchr   0x00000000080066f8       0x90 /Applications/ARM/bin/../lib/gcc/arm-none-eabi/10.3.1/../../../../arm-none-eabi/lib/thumb/v7-m/nofp/libg.a(lib_a-memchr-stub.o)
                0x00000000080066f8                memchr
 .text.__malloc_lock
                0x0000000008006788        0xc /Applications/ARM/bin/../lib/gcc/arm-none-eabi/10.3.1/../../../../arm-none-eabi/lib/thumb/v7-m/nofp/libg.a(lib_a-mlock.o)
                0x0000000008006788                __malloc_lock
 .text.__malloc_unlock
                0x0000000008006794        0xc /Applications/ARM/bin/../lib/gcc/arm-none-eabi/10.3.1/../../../../arm-none-eabi/lib/thumb/v7-m/nofp/libg.a(lib_a-mlock.o)
                0x0000000008006794                __malloc_unlock
 .text._Balloc  0x00000000080067a0       0x4c /Applications/ARM/bin/../lib/gcc/arm-none-eabi/10.3.1/../../../../arm-none-eabi/lib/thumb/v7-m/nofp/libg.a(lib_a-mprec.o)
                0x00000000080067a0                _Balloc
 .text._Bfree   0x00000000080067ec       0x14 /Applications/ARM/bin/../lib/gcc/arm-none-eabi/10.3.1/../../../../arm-none-eabi/lib/thumb/v7-m/nofp/libg.a(lib_a-mprec.o)
                0x00000000080067ec                _Bfree
 .text.__multadd
                0x0000000008006800       0xa4 /Applications/ARM/bin/../lib/gcc/arm-none-eabi/10.3.1/../../../../arm-none-eabi/lib/thumb/v7-m/nofp/libg.a(lib_a-mprec.o)
                0x0000000008006800                __multadd
 .text.__hi0bits
                0x00000000080068a4       0x40 /Applications/ARM/bin/../lib/gcc/arm-none-eabi/10.3.1/../../../../arm-none-eabi/lib/thumb/v7-m/nofp/libg.a(lib_a-mprec.o)
                0x00000000080068a4                __hi0bits
 .text.__lo0bits
                0x00000000080068e4       0x58 /Applications/ARM/bin/../lib/gcc/arm-none-eabi/10.3.1/../../../../arm-none-eabi/lib/thumb/v7-m/nofp/libg.a(lib_a-mprec.o)
                0x00000000080068e4                __lo0bits
 .text.__i2b    0x000000000800693c       0x5c /Applications/ARM/bin/../lib/gcc/arm-none-eabi/10.3.1/../../../../arm-none-eabi/lib/thumb/v7-m/nofp/libg.a(lib_a-mprec.o)
                0x000000000800693c                __i2b
 .text.__multiply
                0x0000000008006998      0x15c /Applications/ARM/bin/../lib/gcc/arm-none-eabi/10.3.1/../../../../arm-none-eabi/lib/thumb/v7-m/nofp/libg.a(lib_a-mprec.o)
                0x0000000008006998                __multiply
 .text.__pow5mult
                0x0000000008006af4       0xb8 /Applications/ARM/bin/../lib/gcc/arm-none-eabi/10.3.1/../../../../arm-none-eabi/lib/thumb/v7-m/nofp/libg.a(lib_a-mprec.o)
                0x0000000008006af4                __pow5mult
 .text.__lshift
                0x0000000008006bac       0xec /Applications/ARM/bin/../lib/gcc/arm-none-eabi/10.3.1/../../../../arm-none-eabi/lib/thumb/v7-m/nofp/libg.a(lib_a-mprec.o)
                0x0000000008006bac                __lshift
 .text.__mcmp   0x0000000008006c98       0x40 /Applications/ARM/bin/../lib/gcc/arm-none-eabi/10.3.1/../../../../arm-none-eabi/lib/thumb/v7-m/nofp/libg.a(lib_a-mprec.o)
                0x0000000008006c98                __mcmp
 .text.__mdiff  0x0000000008006cd8      0x14c /Applications/ARM/bin/../lib/gcc/arm-none-eabi/10.3.1/../../../../arm-none-eabi/lib/thumb/v7-m/nofp/libg.a(lib_a-mprec.o)
                0x0000000008006cd8                __mdiff
 .text.__d2b    0x0000000008006e24       0xc4 /Applications/ARM/bin/../lib/gcc/arm-none-eabi/10.3.1/../../../../arm-none-eabi/lib/thumb/v7-m/nofp/libg.a(lib_a-mprec.o)
                0x0000000008006e24                __d2b
 .text.frexp    0x0000000008006ee8       0x70 /Applications/ARM/bin/../lib/gcc/arm-none-eabi/10.3.1/../../../../arm-none-eabi/lib/thumb/v7-m/nofp/libg.a(lib_a-s_frexp.o)
                0x0000000008006ee8                frexp
 .text._sbrk_r  0x0000000008006f58       0x24 /Applications/ARM/bin/../lib/gcc/arm-none-eabi/10.3.1/../../../../arm-none-eabi/lib/thumb/v7-m/nofp/libg.a(lib_a-sbrkr.o)
                0x0000000008006f58                _sbrk_r
 .text.strncpy  0x0000000008006f7c       0x68 /Applications/ARM/bin/../lib/gcc/arm-none-eabi/10.3.1/../../../../arm-none-eabi/lib/thumb/v7-m/nofp/libg.a(lib_a-strncpy.o)
                0x0000000008006f7c                strncpy
 .text.__ssprint_r
                0x0000000008006fe4       0xfc /Applications/ARM/bin/../lib/gcc/arm-none-eabi/10.3.1/../../../../arm-none-eabi/lib/thumb/v7-m/nofp/libg.a(lib_a-svfiprintf.o)
                0x0000000008006fe4                __ssprint_r
 .text.__register_exitproc
                0x00000000080070e0       0x8c /Applications/ARM/bin/../lib/gcc/arm-none-eabi/10.3.1/../../../../arm-none-eabi/lib/thumb/v7-m/nofp/libg.a(lib_a-__atexit.o)
                0x00000000080070e0                __register_exitproc
 .text.__assert_func
                0x000000000800716c       0x40 /Applications/ARM/bin/../lib/gcc/arm-none-eabi/10.3.1/../../../../arm-none-eabi/lib/thumb/v7-m/nofp/libg.a(lib_a-assert.o)
                0x000000000800716c                __assert_func
 .text._calloc_r
                0x00000000080071ac       0x78 /Applications/ARM/bin/../lib/gcc/arm-none-eabi/10.3.1/../../../../arm-none-eabi/lib/thumb/v7-m/nofp/libg.a(lib_a-callocr.o)
                0x00000000080071ac                _calloc_r
 .text.fiprintf
                0x0000000008007224       0x28 /Applications/ARM/bin/../lib/gcc/arm-none-eabi/10.3.1/../../../../arm-none-eabi/lib/thumb/v7-m/nofp/libg.a(lib_a-fiprintf.o)
                0x0000000008007224                fiprintf
 .text.__locale_mb_cur_max
                0x000000000800724c        0xc /Applications/ARM/bin/../lib/gcc/arm-none-eabi/10.3.1/../../../../arm-none-eabi/lib/thumb/v7-m/nofp/libg.a(lib_a-locale.o)
                0x000000000800724c                __locale_mb_cur_max
 .text.__ascii_mbtowc
                0x0000000008007258       0x2c /Applications/ARM/bin/../lib/gcc/arm-none-eabi/10.3.1/../../../../arm-none-eabi/lib/thumb/v7-m/nofp/libg.a(lib_a-mbtowc_r.o)
                0x0000000008007258                __ascii_mbtowc
 .text.memmove  0x0000000008007284       0xf8 /Applications/ARM/bin/../lib/gcc/arm-none-eabi/10.3.1/../../../../arm-none-eabi/lib/thumb/v7-m/nofp/libg.a(lib_a-memmove.o)
                0x0000000008007284                memmove
 .text._realloc_r
                0x000000000800737c      0x3dc /Applications/ARM/bin/../lib/gcc/arm-none-eabi/10.3.1/../../../../arm-none-eabi/lib/thumb/v7-m/nofp/libg.a(lib_a-reallocr.o)
                0x000000000800737c                _realloc_r
 .text.__sprint_r.part.0
                0x0000000008007758       0x78 /Applications/ARM/bin/../lib/gcc/arm-none-eabi/10.3.1/../../../../arm-none-eabi/lib/thumb/v7-m/nofp/libg.a(lib_a-vfiprintf.o)
 .text._vfiprintf_r
                0x00000000080077d0      0xd98 /Applications/ARM/bin/../lib/gcc/arm-none-eabi/10.3.1/../../../../arm-none-eabi/lib/thumb/v7-m/nofp/libg.a(lib_a-vfiprintf.o)
                0x00000000080077d0                _vfiprintf_r
 .text.__sbprintf
                0x0000000008008568       0x84 /Applications/ARM/bin/../lib/gcc/arm-none-eabi/10.3.1/../../../../arm-none-eabi/lib/thumb/v7-m/nofp/libg.a(lib_a-vfiprintf.o)
 .text.__ascii_wctomb
                0x00000000080085ec       0x1c /Applications/ARM/bin/../lib/gcc/arm-none-eabi/10.3.1/../../../../arm-none-eabi/lib/thumb/v7-m/nofp/libg.a(lib_a-wctomb_r.o)
                0x00000000080085ec                __ascii_wctomb
 .text.__swsetup_r
                0x0000000008008608       0xd4 /Applications/ARM/bin/../lib/gcc/arm-none-eabi/10.3.1/../../../../arm-none-eabi/lib/thumb/v7-m/nofp/libg.a(lib_a-wsetup.o)
                0x0000000008008608                __swsetup_r
 .text.abort    0x00000000080086dc       0x10 /Applications/ARM/bin/../lib/gcc/arm-none-eabi/10.3.1/../../../../arm-none-eabi/lib/thumb/v7-m/nofp/libg.a(lib_a-abort.o)
                0x00000000080086dc                abort
 .text.__sflush_r
                0x00000000080086ec      0x124 /Applications/ARM/bin/../lib/gcc/arm-none-eabi/10.3.1/../../../../arm-none-eabi/lib/thumb/v7-m/nofp/libg.a(lib_a-fflush.o)
                0x00000000080086ec                __sflush_r
 .text._fflush_r
                0x0000000008008810       0x5c /Applications/ARM/bin/../lib/gcc/arm-none-eabi/10.3.1/../../../../arm-none-eabi/lib/thumb/v7-m/nofp/libg.a(lib_a-fflush.o)
                0x0000000008008810                _fflush_r
 .text._cleanup_r
                0x000000000800886c        0xc /Applications/ARM/bin/../lib/gcc/arm-none-eabi/10.3.1/../../../../arm-none-eabi/lib/thumb/v7-m/nofp/libg.a(lib_a-findfp.o)
                0x000000000800886c                _cleanup_r
 .text.__sinit  0x0000000008008878      0x10c /Applications/ARM/bin/../lib/gcc/arm-none-eabi/10.3.1/../../../../arm-none-eabi/lib/thumb/v7-m/nofp/libg.a(lib_a-findfp.o)
                0x0000000008008878                __sinit
 .text.__sfp_lock_acquire
                0x0000000008008984        0xc /Applications/ARM/bin/../lib/gcc/arm-none-eabi/10.3.1/../../../../arm-none-eabi/lib/thumb/v7-m/nofp/libg.a(lib_a-findfp.o)
                0x0000000008008984                __sfp_lock_acquire
 .text.__sfp_lock_release
                0x0000000008008990        0xc /Applications/ARM/bin/../lib/gcc/arm-none-eabi/10.3.1/../../../../arm-none-eabi/lib/thumb/v7-m/nofp/libg.a(lib_a-findfp.o)
                0x0000000008008990                __sfp_lock_release
 .text.__fputwc
                0x000000000800899c       0xa0 /Applications/ARM/bin/../lib/gcc/arm-none-eabi/10.3.1/../../../../arm-none-eabi/lib/thumb/v7-m/nofp/libg.a(lib_a-fputwc.o)
                0x000000000800899c                __fputwc
 .text._fputwc_r
                0x0000000008008a3c       0x68 /Applications/ARM/bin/../lib/gcc/arm-none-eabi/10.3.1/../../../../arm-none-eabi/lib/thumb/v7-m/nofp/libg.a(lib_a-fputwc.o)
                0x0000000008008a3c                _fputwc_r
 .text.__sfvwrite_r
                0x0000000008008aa4      0x2f0 /Applications/ARM/bin/../lib/gcc/arm-none-eabi/10.3.1/../../../../arm-none-eabi/lib/thumb/v7-m/nofp/libg.a(lib_a-fvwrite.o)
                0x0000000008008aa4                __sfvwrite_r
 .text._fwalk_reent
                0x0000000008008d94       0x48 /Applications/ARM/bin/../lib/gcc/arm-none-eabi/10.3.1/../../../../arm-none-eabi/lib/thumb/v7-m/nofp/libg.a(lib_a-fwalk.o)
                0x0000000008008d94                _fwalk_reent
 .text.__smakebuf_r
                0x0000000008008ddc       0xe0 /Applications/ARM/bin/../lib/gcc/arm-none-eabi/10.3.1/../../../../arm-none-eabi/lib/thumb/v7-m/nofp/libg.a(lib_a-makebuf.o)
                0x0000000008008ddc                __smakebuf_r
 .text.raise    0x0000000008008ebc       0x5c /Applications/ARM/bin/../lib/gcc/arm-none-eabi/10.3.1/../../../../arm-none-eabi/lib/thumb/v7-m/nofp/libg.a(lib_a-signal.o)
                0x0000000008008ebc                raise
 .text._kill_r  0x0000000008008f18       0x28 /Applications/ARM/bin/../lib/gcc/arm-none-eabi/10.3.1/../../../../arm-none-eabi/lib/thumb/v7-m/nofp/libg.a(lib_a-signalr.o)
                0x0000000008008f18                _kill_r
 .text._getpid_r
                0x0000000008008f40        0x4 /Applications/ARM/bin/../lib/gcc/arm-none-eabi/10.3.1/../../../../arm-none-eabi/lib/thumb/v7-m/nofp/libg.a(lib_a-signalr.o)
                0x0000000008008f40                _getpid_r
 .text.__sread  0x0000000008008f44       0x24 /Applications/ARM/bin/../lib/gcc/arm-none-eabi/10.3.1/../../../../arm-none-eabi/lib/thumb/v7-m/nofp/libg.a(lib_a-stdio.o)
                0x0000000008008f44                __sread
 .text.__swrite
                0x0000000008008f68       0x40 /Applications/ARM/bin/../lib/gcc/arm-none-eabi/10.3.1/../../../../arm-none-eabi/lib/thumb/v7-m/nofp/libg.a(lib_a-stdio.o)
                0x0000000008008f68                __swrite
 .text.__sseek  0x0000000008008fa8       0x20 /Applications/ARM/bin/../lib/gcc/arm-none-eabi/10.3.1/../../../../arm-none-eabi/lib/thumb/v7-m/nofp/libg.a(lib_a-stdio.o)
                0x0000000008008fa8                __sseek
 .text.__sclose
                0x0000000008008fc8        0x8 /Applications/ARM/bin/../lib/gcc/arm-none-eabi/10.3.1/../../../../arm-none-eabi/lib/thumb/v7-m/nofp/libg.a(lib_a-stdio.o)
                0x0000000008008fc8                __sclose
 .text.__swbuf_r
                0x0000000008008fd0       0xb0 /Applications/ARM/bin/../lib/gcc/arm-none-eabi/10.3.1/../../../../arm-none-eabi/lib/thumb/v7-m/nofp/libg.a(lib_a-wbuf.o)
                0x0000000008008fd0                __swbuf_r
 .text._wcrtomb_r
                0x0000000008009080       0x3c /Applications/ARM/bin/../lib/gcc/arm-none-eabi/10.3.1/../../../../arm-none-eabi/lib/thumb/v7-m/nofp/libg.a(lib_a-wcrtomb.o)
                0x0000000008009080                _wcrtomb_r
 .text._write_r
                0x00000000080090bc       0x2c /Applications/ARM/bin/../lib/gcc/arm-none-eabi/10.3.1/../../../../arm-none-eabi/lib/thumb/v7-m/nofp/libg.a(lib_a-writer.o)
                0x00000000080090bc                _write_r
 .text._close_r
                0x00000000080090e8       0x24 /Applications/ARM/bin/../lib/gcc/arm-none-eabi/10.3.1/../../../../arm-none-eabi/lib/thumb/v7-m/nofp/libg.a(lib_a-closer.o)
                0x00000000080090e8                _close_r
 .text._fclose_r
                0x000000000800910c       0xcc /Applications/ARM/bin/../lib/gcc/arm-none-eabi/10.3.1/../../../../arm-none-eabi/lib/thumb/v7-m/nofp/libg.a(lib_a-fclose.o)
                0x000000000800910c                _fclose_r
 .text._fstat_r
                0x00000000080091d8       0x28 /Applications/ARM/bin/../lib/gcc/arm-none-eabi/10.3.1/../../../../arm-none-eabi/lib/thumb/v7-m/nofp/libg.a(lib_a-fstatr.o)
                0x00000000080091d8                _fstat_r
 .text._isatty_r
                0x0000000008009200       0x24 /Applications/ARM/bin/../lib/gcc/arm-none-eabi/10.3.1/../../../../arm-none-eabi/lib/thumb/v7-m/nofp/libg.a(lib_a-isattyr.o)
                0x0000000008009200                _isatty_r
 .text._lseek_r
                0x0000000008009224       0x2c /Applications/ARM/bin/../lib/gcc/arm-none-eabi/10.3.1/../../../../arm-none-eabi/lib/thumb/v7-m/nofp/libg.a(lib_a-lseekr.o)
                0x0000000008009224                _lseek_r
 .text._read_r  0x0000000008009250       0x2c /Applications/ARM/bin/../lib/gcc/arm-none-eabi/10.3.1/../../../../arm-none-eabi/lib/thumb/v7-m/nofp/libg.a(lib_a-readr.o)
                0x0000000008009250                _read_r
 *(.glue_7)
 .glue_7        0x000000000800927c        0x0 linker stubs
 *(.glue_7t)
 .glue_7t       0x000000000800927c        0x0 linker stubs
 *(.eh_frame)
 .eh_frame      0x000000000800927c        0x0 /Applications/ARM/bin/../lib/gcc/arm-none-eabi/10.3.1/thumb/v7-m/nofp/crtbegin.o
 *(.init)
 .init          0x000000000800927c        0x4 /Applications/ARM/bin/../lib/gcc/arm-none-eabi/10.3.1/thumb/v7-m/nofp/crti.o
                0x000000000800927c                _init
 .init          0x0000000008009280        0x8 /Applications/ARM/bin/../lib/gcc/arm-none-eabi/10.3.1/thumb/v7-m/nofp/crtn.o
 *(.fini)
 .fini          0x0000000008009288        0x4 /Applications/ARM/bin/../lib/gcc/arm-none-eabi/10.3.1/thumb/v7-m/nofp/crti.o
                0x0000000008009288                _fini
 .fini          0x000000000800928c        0x8 /Applications/ARM/bin/../lib/gcc/arm-none-eabi/10.3.1/thumb/v7-m/nofp/crtn.o
                0x0000000008009294                . = ALIGN (0x4)
                0x0000000008009294                _etext = .

.vfp11_veneer   0x0000000008009294        0x0
 .vfp11_veneer  0x0000000008009294        0x0 linker stubs

.v4_bx          0x0000000008009294        0x0
 .v4_bx         0x0000000008009294        0x0 linker stubs

.iplt           0x0000000008009294        0x0
 .iplt          0x0000000008009294        0x0 /Applications/ARM/bin/../lib/gcc/arm-none-eabi/10.3.1/thumb/v7-m/nofp/crtbegin.o

.rodata         0x0000000008009298      0x580
                0x0000000008009298                . = ALIGN (0x4)
 *(.rodata)
 .rodata        0x0000000008009298      0x188 CMakeFiles/QEA.elf.dir/Core/Src/main.c.obj
 *(.rodata*)
 .rodata.main.str1.4
                0x0000000008009420       0x16 CMakeFiles/QEA.elf.dir/Core/Src/main.c.obj
 *fill*         0x0000000008009436        0x2 
 .rodata.AHBPrescTable
                0x0000000008009438       0x10 CMakeFiles/QEA.elf.dir/Core/Src/system_stm32f1xx.c.obj
                0x0000000008009438                AHBPrescTable
 .rodata.APBPrescTable
                0x0000000008009448        0x8 CMakeFiles/QEA.elf.dir/Core/Src/system_stm32f1xx.c.obj
                0x0000000008009448                APBPrescTable
 .rodata.HAL_RCC_GetSysClockFreq.str1.4
                0x0000000008009450       0x11 CMakeFiles/QEA.elf.dir/Drivers/STM32F1xx_HAL_Driver/Src/stm32f1xx_hal_rcc.c.obj
 *fill*         0x0000000008009461        0x3 
 .rodata._global_impure_ptr
                0x0000000008009464        0x4 /Applications/ARM/bin/../lib/gcc/arm-none-eabi/10.3.1/../../../../arm-none-eabi/lib/thumb/v7-m/nofp/libg.a(lib_a-impure.o)
                0x0000000008009464                _global_impure_ptr
 .rodata._svfprintf_r.str1.4
                0x0000000008009468       0x42 /Applications/ARM/bin/../lib/gcc/arm-none-eabi/10.3.1/../../../../arm-none-eabi/lib/thumb/v7-m/nofp/libg.a(lib_a-svfprintf.o)
 *fill*         0x00000000080094aa        0x2 
 .rodata.blanks.1
                0x00000000080094ac       0x10 /Applications/ARM/bin/../lib/gcc/arm-none-eabi/10.3.1/../../../../arm-none-eabi/lib/thumb/v7-m/nofp/libg.a(lib_a-svfprintf.o)
 .rodata.zeroes.0
                0x00000000080094bc       0x10 /Applications/ARM/bin/../lib/gcc/arm-none-eabi/10.3.1/../../../../arm-none-eabi/lib/thumb/v7-m/nofp/libg.a(lib_a-svfprintf.o)
 .rodata._dtoa_r.str1.4
                0x00000000080094cc       0x7e /Applications/ARM/bin/../lib/gcc/arm-none-eabi/10.3.1/../../../../arm-none-eabi/lib/thumb/v7-m/nofp/libg.a(lib_a-dtoa.o)
                                         0x82 (size before relaxing)
 *fill*         0x000000000800954a        0x2 
 .rodata.__multadd.str1.4
                0x000000000800954c       0x5b /Applications/ARM/bin/../lib/gcc/arm-none-eabi/10.3.1/../../../../arm-none-eabi/lib/thumb/v7-m/nofp/libg.a(lib_a-mprec.o)
                                         0x6f (size before relaxing)
 *fill*         0x00000000080095a7        0x1 
 .rodata.__mprec_bigtens
                0x00000000080095a8       0x28 /Applications/ARM/bin/../lib/gcc/arm-none-eabi/10.3.1/../../../../arm-none-eabi/lib/thumb/v7-m/nofp/libg.a(lib_a-mprec.o)
                0x00000000080095a8                __mprec_bigtens
 .rodata.__mprec_tens
                0x00000000080095d0       0xc8 /Applications/ARM/bin/../lib/gcc/arm-none-eabi/10.3.1/../../../../arm-none-eabi/lib/thumb/v7-m/nofp/libg.a(lib_a-mprec.o)
                0x00000000080095d0                __mprec_tens
 .rodata.p05.0  0x0000000008009698        0xc /Applications/ARM/bin/../lib/gcc/arm-none-eabi/10.3.1/../../../../arm-none-eabi/lib/thumb/v7-m/nofp/libg.a(lib_a-mprec.o)
 .rodata.__assert_func.str1.4
                0x00000000080096a4       0x3f /Applications/ARM/bin/../lib/gcc/arm-none-eabi/10.3.1/../../../../arm-none-eabi/lib/thumb/v7-m/nofp/libg.a(lib_a-assert.o)
                                         0x43 (size before relaxing)
 *fill*         0x00000000080096e3        0x1 
 .rodata._setlocale_r.str1.4
                0x00000000080096e4        0xa /Applications/ARM/bin/../lib/gcc/arm-none-eabi/10.3.1/../../../../arm-none-eabi/lib/thumb/v7-m/nofp/libg.a(lib_a-locale.o)
                                          0xd (size before relaxing)
 *fill*         0x00000000080096ee        0x2 
 .rodata.str1.4
                0x00000000080096f0        0x2 /Applications/ARM/bin/../lib/gcc/arm-none-eabi/10.3.1/../../../../arm-none-eabi/lib/thumb/v7-m/nofp/libg.a(lib_a-locale.o)
 .rodata._vfiprintf_r.str1.4
                0x00000000080096f2       0x2f /Applications/ARM/bin/../lib/gcc/arm-none-eabi/10.3.1/../../../../arm-none-eabi/lib/thumb/v7-m/nofp/libg.a(lib_a-vfiprintf.o)
 *fill*         0x00000000080096f2        0x2 
 .rodata.blanks.1
                0x00000000080096f4       0x10 /Applications/ARM/bin/../lib/gcc/arm-none-eabi/10.3.1/../../../../arm-none-eabi/lib/thumb/v7-m/nofp/libg.a(lib_a-vfiprintf.o)
 .rodata.zeroes.0
                0x0000000008009704       0x10 /Applications/ARM/bin/../lib/gcc/arm-none-eabi/10.3.1/../../../../arm-none-eabi/lib/thumb/v7-m/nofp/libg.a(lib_a-vfiprintf.o)
 .rodata._ctype_
                0x0000000008009714      0x101 /Applications/ARM/bin/../lib/gcc/arm-none-eabi/10.3.1/../../../../arm-none-eabi/lib/thumb/v7-m/nofp/libg.a(lib_a-ctype_.o)
                0x0000000008009714                _ctype_
                0x0000000008009818                . = ALIGN (0x4)
 *fill*         0x0000000008009815        0x3 

.ARM.extab      0x0000000008009818        0x0
                0x0000000008009818                . = ALIGN (0x4)
 *(.ARM.extab* .gnu.linkonce.armextab.*)
                0x0000000008009818                . = ALIGN (0x4)

.ARM            0x0000000008009818        0x8
                0x0000000008009818                . = ALIGN (0x4)
                0x0000000008009818                __exidx_start = .
 *(.ARM.exidx*)
 .ARM.exidx     0x0000000008009818        0x8 /Applications/ARM/bin/../lib/gcc/arm-none-eabi/10.3.1/thumb/v7-m/nofp/libgcc.a(_udivmoddi4.o)
                0x0000000008009820                __exidx_end = .
                0x0000000008009820                . = ALIGN (0x4)

.rel.dyn        0x0000000008009820        0x0
 .rel.iplt      0x0000000008009820        0x0 /Applications/ARM/bin/../lib/gcc/arm-none-eabi/10.3.1/thumb/v7-m/nofp/crtbegin.o

.preinit_array  0x0000000008009820        0x0
                0x0000000008009820                . = ALIGN (0x4)
                0x0000000008009820                PROVIDE (__preinit_array_start = .)
 *(.preinit_array*)
                0x0000000008009820                PROVIDE (__preinit_array_end = .)
                0x0000000008009820                . = ALIGN (0x4)

.init_array     0x0000000008009820        0x8
                0x0000000008009820                . = ALIGN (0x4)
                0x0000000008009820                PROVIDE (__init_array_start = .)
 *(SORT_BY_NAME(.init_array.*))
 .init_array.00000
                0x0000000008009820        0x4 /Applications/ARM/bin/../lib/gcc/arm-none-eabi/10.3.1/../../../../arm-none-eabi/lib/thumb/v7-m/nofp/libg.a(lib_a-__call_atexit.o)
 *(.init_array*)
 .init_array    0x0000000008009824        0x4 /Applications/ARM/bin/../lib/gcc/arm-none-eabi/10.3.1/thumb/v7-m/nofp/crtbegin.o
                0x0000000008009828                PROVIDE (__init_array_end = .)
                0x0000000008009828                . = ALIGN (0x4)

.fini_array     0x0000000008009828        0x4
                0x0000000008009828                . = ALIGN (0x4)
                0x0000000008009828                PROVIDE (__fini_array_start = .)
 *(SORT_BY_NAME(.fini_array.*))
 *(.fini_array*)
 .fini_array    0x0000000008009828        0x4 /Applications/ARM/bin/../lib/gcc/arm-none-eabi/10.3.1/thumb/v7-m/nofp/crtbegin.o
                0x000000000800982c                PROVIDE (__fini_array_end = .)
                0x000000000800982c                . = ALIGN (0x4)
                0x000000000800982c                _sidata = LOADADDR (.data)

.data           0x0000000020000000      0x9b8 load address 0x000000000800982c
                0x0000000020000000                . = ALIGN (0x4)
                0x0000000020000000                _sdata = .
 *(.data)
 *(.data*)
 .data.SystemCoreClock
                0x0000000020000000        0x4 CMakeFiles/QEA.elf.dir/Core/Src/system_stm32f1xx.c.obj
                0x0000000020000000                SystemCoreClock
 .data.uwTickFreq
                0x0000000020000004        0x1 CMakeFiles/QEA.elf.dir/Drivers/STM32F1xx_HAL_Driver/Src/stm32f1xx_hal.c.obj
                0x0000000020000004                uwTickFreq
 *fill*         0x0000000020000005        0x3 
 .data.uwTickPrio
                0x0000000020000008        0x4 CMakeFiles/QEA.elf.dir/Drivers/STM32F1xx_HAL_Driver/Src/stm32f1xx_hal.c.obj
                0x0000000020000008                uwTickPrio
 .data._impure_ptr
                0x000000002000000c        0x4 /Applications/ARM/bin/../lib/gcc/arm-none-eabi/10.3.1/../../../../arm-none-eabi/lib/thumb/v7-m/nofp/libg.a(lib_a-impure.o)
                0x000000002000000c                _impure_ptr
 .data.impure_data
                0x0000000020000010      0x428 /Applications/ARM/bin/../lib/gcc/arm-none-eabi/10.3.1/../../../../arm-none-eabi/lib/thumb/v7-m/nofp/libg.a(lib_a-impure.o)
 .data.__atexit_recursive_mutex
                0x0000000020000438        0x4 /Applications/ARM/bin/../lib/gcc/arm-none-eabi/10.3.1/../../../../arm-none-eabi/lib/thumb/v7-m/nofp/libg.a(lib_a-__call_atexit.o)
                0x0000000020000438                __atexit_recursive_mutex
 .data.__malloc_av_
                0x000000002000043c      0x408 /Applications/ARM/bin/../lib/gcc/arm-none-eabi/10.3.1/../../../../arm-none-eabi/lib/thumb/v7-m/nofp/libg.a(lib_a-mallocr.o)
                0x000000002000043c                __malloc_av_
 .data.__malloc_sbrk_base
                0x0000000020000844        0x4 /Applications/ARM/bin/../lib/gcc/arm-none-eabi/10.3.1/../../../../arm-none-eabi/lib/thumb/v7-m/nofp/libg.a(lib_a-mallocr.o)
                0x0000000020000844                __malloc_sbrk_base
 .data.__malloc_trim_threshold
                0x0000000020000848        0x4 /Applications/ARM/bin/../lib/gcc/arm-none-eabi/10.3.1/../../../../arm-none-eabi/lib/thumb/v7-m/nofp/libg.a(lib_a-mallocr.o)
                0x0000000020000848                __malloc_trim_threshold
 .data.__global_locale
                0x000000002000084c      0x16c /Applications/ARM/bin/../lib/gcc/arm-none-eabi/10.3.1/../../../../arm-none-eabi/lib/thumb/v7-m/nofp/libg.a(lib_a-locale.o)
                0x000000002000084c                __global_locale
 *(.RamFunc)
 *(.RamFunc*)
                0x00000000200009b8                . = ALIGN (0x4)
                0x00000000200009b8                _edata = .

.igot.plt       0x00000000200009b8        0x0 load address 0x000000000800a1e4
 .igot.plt      0x00000000200009b8        0x0 /Applications/ARM/bin/../lib/gcc/arm-none-eabi/10.3.1/thumb/v7-m/nofp/crtbegin.o
                0x00000000200009b8                . = ALIGN (0x4)

.bss            0x00000000200009b8      0x2d4 load address 0x000000000800a1e4
                0x00000000200009b8                _sbss = .
                0x00000000200009b8                __bss_start__ = _sbss
 *(.bss)
 .bss           0x00000000200009b8       0x1c /Applications/ARM/bin/../lib/gcc/arm-none-eabi/10.3.1/thumb/v7-m/nofp/crtbegin.o
 *(.bss*)
 *fill*         0x00000000200009d4        0x4 
 .bss.robotInfo
                0x00000000200009d8       0x40 CMakeFiles/QEA.elf.dir/Core/Src/main.c.obj
                0x00000000200009d8                robotInfo
 .bss.wheelPWM1
                0x0000000020000a18       0x60 CMakeFiles/QEA.elf.dir/Core/Src/main.c.obj
                0x0000000020000a18                wheelPWM1
 .bss.wheelPWM2
                0x0000000020000a78       0x60 CMakeFiles/QEA.elf.dir/Core/Src/main.c.obj
                0x0000000020000a78                wheelPWM2
 .bss.__sbrk_heap_end
                0x0000000020000ad8        0x4 CMakeFiles/QEA.elf.dir/Core/Src/sysmem.c.obj
 .bss.htim3     0x0000000020000adc       0x48 CMakeFiles/QEA.elf.dir/Core/Src/tim.c.obj
                0x0000000020000adc                htim3
 .bss.htim4     0x0000000020000b24       0x48 CMakeFiles/QEA.elf.dir/Core/Src/tim.c.obj
                0x0000000020000b24                htim4
 .bss.htim6     0x0000000020000b6c       0x48 CMakeFiles/QEA.elf.dir/Core/Src/tim.c.obj
                0x0000000020000b6c                htim6
 .bss.htim8     0x0000000020000bb4       0x48 CMakeFiles/QEA.elf.dir/Core/Src/tim.c.obj
                0x0000000020000bb4                htim8
 .bss.huart1    0x0000000020000bfc       0x44 CMakeFiles/QEA.elf.dir/Core/Src/usart.c.obj
                0x0000000020000bfc                huart1
 .bss.uwTick    0x0000000020000c40        0x4 CMakeFiles/QEA.elf.dir/Drivers/STM32F1xx_HAL_Driver/Src/stm32f1xx_hal.c.obj
                0x0000000020000c40                uwTick
 .bss.__lock___atexit_recursive_mutex
                0x0000000020000c44        0x1 /Applications/ARM/bin/../lib/gcc/arm-none-eabi/10.3.1/../../../../arm-none-eabi/lib/thumb/v7-m/nofp/libg.a(lib_a-lock.o)
                0x0000000020000c44                __lock___atexit_recursive_mutex
 *fill*         0x0000000020000c45        0x3 
 .bss.__lock___malloc_recursive_mutex
                0x0000000020000c48        0x1 /Applications/ARM/bin/../lib/gcc/arm-none-eabi/10.3.1/../../../../arm-none-eabi/lib/thumb/v7-m/nofp/libg.a(lib_a-lock.o)
                0x0000000020000c48                __lock___malloc_recursive_mutex
 *fill*         0x0000000020000c49        0x3 
 .bss.__lock___sfp_recursive_mutex
                0x0000000020000c4c        0x1 /Applications/ARM/bin/../lib/gcc/arm-none-eabi/10.3.1/../../../../arm-none-eabi/lib/thumb/v7-m/nofp/libg.a(lib_a-lock.o)
                0x0000000020000c4c                __lock___sfp_recursive_mutex
 *fill*         0x0000000020000c4d        0x3 
 .bss.__lock___sinit_recursive_mutex
                0x0000000020000c50        0x1 /Applications/ARM/bin/../lib/gcc/arm-none-eabi/10.3.1/../../../../arm-none-eabi/lib/thumb/v7-m/nofp/libg.a(lib_a-lock.o)
                0x0000000020000c50                __lock___sinit_recursive_mutex
 *fill*         0x0000000020000c51        0x3 
 .bss.__malloc_current_mallinfo
                0x0000000020000c54       0x28 /Applications/ARM/bin/../lib/gcc/arm-none-eabi/10.3.1/../../../../arm-none-eabi/lib/thumb/v7-m/nofp/libg.a(lib_a-mallocr.o)
                0x0000000020000c54                __malloc_current_mallinfo
 .bss.__malloc_max_sbrked_mem
                0x0000000020000c7c        0x4 /Applications/ARM/bin/../lib/gcc/arm-none-eabi/10.3.1/../../../../arm-none-eabi/lib/thumb/v7-m/nofp/libg.a(lib_a-mallocr.o)
                0x0000000020000c7c                __malloc_max_sbrked_mem
 .bss.__malloc_max_total_mem
                0x0000000020000c80        0x4 /Applications/ARM/bin/../lib/gcc/arm-none-eabi/10.3.1/../../../../arm-none-eabi/lib/thumb/v7-m/nofp/libg.a(lib_a-mallocr.o)
                0x0000000020000c80                __malloc_max_total_mem
 .bss.__malloc_top_pad
                0x0000000020000c84        0x4 /Applications/ARM/bin/../lib/gcc/arm-none-eabi/10.3.1/../../../../arm-none-eabi/lib/thumb/v7-m/nofp/libg.a(lib_a-mallocr.o)
                0x0000000020000c84                __malloc_top_pad
 .bss.errno     0x0000000020000c88        0x4 /Applications/ARM/bin/../lib/gcc/arm-none-eabi/10.3.1/../../../../arm-none-eabi/lib/thumb/v7-m/nofp/libg.a(lib_a-reent.o)
                0x0000000020000c88                errno
 *(COMMON)
                0x0000000020000c8c                . = ALIGN (0x4)
                0x0000000020000c8c                _ebss = .
                0x0000000020000c8c                __bss_end__ = _ebss

._user_heap_stack
                0x0000000020000c8c      0x604 load address 0x000000000800a1e4
                0x0000000020000c90                . = ALIGN (0x8)
 *fill*         0x0000000020000c8c        0x4 
                [!provide]                        PROVIDE (end = .)
                0x0000000020000c90                PROVIDE (_end = .)
                0x0000000020000e90                . = (. + _Min_Heap_Size)
 *fill*         0x0000000020000c90      0x200 
                0x0000000020001290                . = (. + _Min_Stack_Size)
 *fill*         0x0000000020000e90      0x400 
                0x0000000020001290                . = ALIGN (0x8)

/DISCARD/
 libc.a(*)
 libm.a(*)
 libgcc.a(*)

.ARM.attributes
                0x0000000000000000       0x29
 *(.ARM.attributes)
 .ARM.attributes
                0x0000000000000000       0x1d /Applications/ARM/bin/../lib/gcc/arm-none-eabi/10.3.1/thumb/v7-m/nofp/crti.o
 .ARM.attributes
                0x000000000000001d       0x2d /Applications/ARM/bin/../lib/gcc/arm-none-eabi/10.3.1/thumb/v7-m/nofp/crtbegin.o
 .ARM.attributes
                0x000000000000004a       0x2d CMakeFiles/QEA.elf.dir/Core/Src/gpio.c.obj
 .ARM.attributes
                0x0000000000000077       0x2d CMakeFiles/QEA.elf.dir/Core/Src/main.c.obj
 .ARM.attributes
                0x00000000000000a4       0x2d CMakeFiles/QEA.elf.dir/Core/Src/stm32f1xx_hal_msp.c.obj
 .ARM.attributes
                0x00000000000000d1       0x2d CMakeFiles/QEA.elf.dir/Core/Src/stm32f1xx_it.c.obj
 .ARM.attributes
                0x00000000000000fe       0x2d CMakeFiles/QEA.elf.dir/Core/Src/syscalls.c.obj
 .ARM.attributes
                0x000000000000012b       0x2d CMakeFiles/QEA.elf.dir/Core/Src/sysmem.c.obj
 .ARM.attributes
                0x0000000000000158       0x2d CMakeFiles/QEA.elf.dir/Core/Src/system_stm32f1xx.c.obj
 .ARM.attributes
                0x0000000000000185       0x2d CMakeFiles/QEA.elf.dir/Core/Src/tim.c.obj
 .ARM.attributes
                0x00000000000001b2       0x2d CMakeFiles/QEA.elf.dir/Core/Src/usart.c.obj
 .ARM.attributes
                0x00000000000001df       0x21 CMakeFiles/QEA.elf.dir/Core/Startup/startup_stm32f103rctx.s.obj
 .ARM.attributes
                0x0000000000000200       0x2d CMakeFiles/QEA.elf.dir/Drivers/STM32F1xx_HAL_Driver/Src/stm32f1xx_hal.c.obj
 .ARM.attributes
                0x000000000000022d       0x2d CMakeFiles/QEA.elf.dir/Drivers/STM32F1xx_HAL_Driver/Src/stm32f1xx_hal_cortex.c.obj
 .ARM.attributes
                0x000000000000025a       0x2d CMakeFiles/QEA.elf.dir/Drivers/STM32F1xx_HAL_Driver/Src/stm32f1xx_hal_gpio.c.obj
 .ARM.attributes
                0x0000000000000287       0x2d CMakeFiles/QEA.elf.dir/Drivers/STM32F1xx_HAL_Driver/Src/stm32f1xx_hal_rcc.c.obj
 .ARM.attributes
                0x00000000000002b4       0x2d CMakeFiles/QEA.elf.dir/Drivers/STM32F1xx_HAL_Driver/Src/stm32f1xx_hal_tim.c.obj
 .ARM.attributes
                0x00000000000002e1       0x2d CMakeFiles/QEA.elf.dir/Drivers/STM32F1xx_HAL_Driver/Src/stm32f1xx_hal_tim_ex.c.obj
 .ARM.attributes
                0x000000000000030e       0x2d CMakeFiles/QEA.elf.dir/Drivers/STM32F1xx_HAL_Driver/Src/stm32f1xx_hal_uart.c.obj
 .ARM.attributes
                0x000000000000033b       0x1d /Applications/ARM/bin/../lib/gcc/arm-none-eabi/10.3.1/thumb/v7-m/nofp/libgcc.a(_arm_addsubdf3.o)
 .ARM.attributes
                0x0000000000000358       0x1d /Applications/ARM/bin/../lib/gcc/arm-none-eabi/10.3.1/thumb/v7-m/nofp/libgcc.a(_arm_muldivdf3.o)
 .ARM.attributes
                0x0000000000000375       0x1d /Applications/ARM/bin/../lib/gcc/arm-none-eabi/10.3.1/thumb/v7-m/nofp/libgcc.a(_arm_cmpdf2.o)
 .ARM.attributes
                0x0000000000000392       0x1d /Applications/ARM/bin/../lib/gcc/arm-none-eabi/10.3.1/thumb/v7-m/nofp/libgcc.a(_arm_fixunsdfsi.o)
 .ARM.attributes
                0x00000000000003af       0x2d /Applications/ARM/bin/../lib/gcc/arm-none-eabi/10.3.1/../../../../arm-none-eabi/lib/thumb/v7-m/nofp/libg.a(lib_a-errno.o)
 .ARM.attributes
                0x00000000000003dc       0x2d /Applications/ARM/bin/../lib/gcc/arm-none-eabi/10.3.1/../../../../arm-none-eabi/lib/thumb/v7-m/nofp/libg.a(lib_a-impure.o)
 .ARM.attributes
                0x0000000000000409       0x2d /Applications/ARM/bin/../lib/gcc/arm-none-eabi/10.3.1/../../../../arm-none-eabi/lib/thumb/v7-m/nofp/libg.a(lib_a-init.o)
 .ARM.attributes
                0x0000000000000436       0x1b /Applications/ARM/bin/../lib/gcc/arm-none-eabi/10.3.1/../../../../arm-none-eabi/lib/thumb/v7-m/nofp/libg.a(lib_a-memcpy.o)
 .ARM.attributes
                0x0000000000000451       0x2d /Applications/ARM/bin/../lib/gcc/arm-none-eabi/10.3.1/../../../../arm-none-eabi/lib/thumb/v7-m/nofp/libg.a(lib_a-memset.o)
 .ARM.attributes
                0x000000000000047e       0x2d /Applications/ARM/bin/../lib/gcc/arm-none-eabi/10.3.1/../../../../arm-none-eabi/lib/thumb/v7-m/nofp/libg.a(lib_a-snprintf.o)
 .ARM.attributes
                0x00000000000004ab       0x2d /Applications/ARM/bin/../lib/gcc/arm-none-eabi/10.3.1/../../../../arm-none-eabi/lib/thumb/v7-m/nofp/libg.a(lib_a-strlen-stub.o)
 .ARM.attributes
                0x00000000000004d8       0x2d /Applications/ARM/bin/../lib/gcc/arm-none-eabi/10.3.1/../../../../arm-none-eabi/lib/thumb/v7-m/nofp/libg.a(lib_a-svfprintf.o)
 .ARM.attributes
                0x0000000000000505       0x2d /Applications/ARM/bin/../lib/gcc/arm-none-eabi/10.3.1/../../../../arm-none-eabi/lib/thumb/v7-m/nofp/libg.a(lib_a-__call_atexit.o)
 .ARM.attributes
                0x0000000000000532       0x2d /Applications/ARM/bin/../lib/gcc/arm-none-eabi/10.3.1/../../../../arm-none-eabi/lib/thumb/v7-m/nofp/libg.a(lib_a-atexit.o)
 .ARM.attributes
                0x000000000000055f       0x2d /Applications/ARM/bin/../lib/gcc/arm-none-eabi/10.3.1/../../../../arm-none-eabi/lib/thumb/v7-m/nofp/libg.a(lib_a-dtoa.o)
 .ARM.attributes
                0x000000000000058c       0x2d /Applications/ARM/bin/../lib/gcc/arm-none-eabi/10.3.1/../../../../arm-none-eabi/lib/thumb/v7-m/nofp/libg.a(lib_a-fini.o)
 .ARM.attributes
                0x00000000000005b9       0x2d /Applications/ARM/bin/../lib/gcc/arm-none-eabi/10.3.1/../../../../arm-none-eabi/lib/thumb/v7-m/nofp/libg.a(lib_a-freer.o)
 .ARM.attributes
                0x00000000000005e6       0x2d /Applications/ARM/bin/../lib/gcc/arm-none-eabi/10.3.1/../../../../arm-none-eabi/lib/thumb/v7-m/nofp/libg.a(lib_a-localeconv.o)
 .ARM.attributes
                0x0000000000000613       0x2d /Applications/ARM/bin/../lib/gcc/arm-none-eabi/10.3.1/../../../../arm-none-eabi/lib/thumb/v7-m/nofp/libg.a(lib_a-lock.o)
 .ARM.attributes
                0x0000000000000640       0x2d /Applications/ARM/bin/../lib/gcc/arm-none-eabi/10.3.1/../../../../arm-none-eabi/lib/thumb/v7-m/nofp/libg.a(lib_a-mallocr.o)
 .ARM.attributes
                0x000000000000066d       0x2d /Applications/ARM/bin/../lib/gcc/arm-none-eabi/10.3.1/../../../../arm-none-eabi/lib/thumb/v7-m/nofp/libg.a(lib_a-memchr-stub.o)
 .ARM.attributes
                0x000000000000069a       0x2d /Applications/ARM/bin/../lib/gcc/arm-none-eabi/10.3.1/../../../../arm-none-eabi/lib/thumb/v7-m/nofp/libg.a(lib_a-mlock.o)
 .ARM.attributes
                0x00000000000006c7       0x2d /Applications/ARM/bin/../lib/gcc/arm-none-eabi/10.3.1/../../../../arm-none-eabi/lib/thumb/v7-m/nofp/libg.a(lib_a-mprec.o)
 .ARM.attributes
                0x00000000000006f4       0x2d /Applications/ARM/bin/../lib/gcc/arm-none-eabi/10.3.1/../../../../arm-none-eabi/lib/thumb/v7-m/nofp/libg.a(lib_a-s_frexp.o)
 .ARM.attributes
                0x0000000000000721       0x2d /Applications/ARM/bin/../lib/gcc/arm-none-eabi/10.3.1/../../../../arm-none-eabi/lib/thumb/v7-m/nofp/libg.a(lib_a-sbrkr.o)
 .ARM.attributes
                0x000000000000074e       0x2d /Applications/ARM/bin/../lib/gcc/arm-none-eabi/10.3.1/../../../../arm-none-eabi/lib/thumb/v7-m/nofp/libg.a(lib_a-strncpy.o)
 .ARM.attributes
                0x000000000000077b       0x2d /Applications/ARM/bin/../lib/gcc/arm-none-eabi/10.3.1/../../../../arm-none-eabi/lib/thumb/v7-m/nofp/libg.a(lib_a-svfiprintf.o)
 .ARM.attributes
                0x00000000000007a8       0x2d /Applications/ARM/bin/../lib/gcc/arm-none-eabi/10.3.1/../../../../arm-none-eabi/lib/thumb/v7-m/nofp/libg.a(lib_a-__atexit.o)
 .ARM.attributes
                0x00000000000007d5       0x2d /Applications/ARM/bin/../lib/gcc/arm-none-eabi/10.3.1/../../../../arm-none-eabi/lib/thumb/v7-m/nofp/libg.a(lib_a-assert.o)
 .ARM.attributes
                0x0000000000000802       0x2d /Applications/ARM/bin/../lib/gcc/arm-none-eabi/10.3.1/../../../../arm-none-eabi/lib/thumb/v7-m/nofp/libg.a(lib_a-callocr.o)
 .ARM.attributes
                0x000000000000082f       0x2d /Applications/ARM/bin/../lib/gcc/arm-none-eabi/10.3.1/../../../../arm-none-eabi/lib/thumb/v7-m/nofp/libg.a(lib_a-fiprintf.o)
 .ARM.attributes
                0x000000000000085c       0x2d /Applications/ARM/bin/../lib/gcc/arm-none-eabi/10.3.1/../../../../arm-none-eabi/lib/thumb/v7-m/nofp/libg.a(lib_a-locale.o)
 .ARM.attributes
                0x0000000000000889       0x2d /Applications/ARM/bin/../lib/gcc/arm-none-eabi/10.3.1/../../../../arm-none-eabi/lib/thumb/v7-m/nofp/libg.a(lib_a-mbtowc_r.o)
 .ARM.attributes
                0x00000000000008b6       0x2d /Applications/ARM/bin/../lib/gcc/arm-none-eabi/10.3.1/../../../../arm-none-eabi/lib/thumb/v7-m/nofp/libg.a(lib_a-memmove.o)
 .ARM.attributes
                0x00000000000008e3       0x2d /Applications/ARM/bin/../lib/gcc/arm-none-eabi/10.3.1/../../../../arm-none-eabi/lib/thumb/v7-m/nofp/libg.a(lib_a-reallocr.o)
 .ARM.attributes
                0x0000000000000910       0x2d /Applications/ARM/bin/../lib/gcc/arm-none-eabi/10.3.1/../../../../arm-none-eabi/lib/thumb/v7-m/nofp/libg.a(lib_a-reent.o)
 .ARM.attributes
                0x000000000000093d       0x2d /Applications/ARM/bin/../lib/gcc/arm-none-eabi/10.3.1/../../../../arm-none-eabi/lib/thumb/v7-m/nofp/libg.a(lib_a-vfiprintf.o)
 .ARM.attributes
                0x000000000000096a       0x2d /Applications/ARM/bin/../lib/gcc/arm-none-eabi/10.3.1/../../../../arm-none-eabi/lib/thumb/v7-m/nofp/libg.a(lib_a-wctomb_r.o)
 .ARM.attributes
                0x0000000000000997       0x2d /Applications/ARM/bin/../lib/gcc/arm-none-eabi/10.3.1/../../../../arm-none-eabi/lib/thumb/v7-m/nofp/libg.a(lib_a-wsetup.o)
 .ARM.attributes
                0x00000000000009c4       0x2d /Applications/ARM/bin/../lib/gcc/arm-none-eabi/10.3.1/../../../../arm-none-eabi/lib/thumb/v7-m/nofp/libg.a(lib_a-abort.o)
 .ARM.attributes
                0x00000000000009f1       0x2d /Applications/ARM/bin/../lib/gcc/arm-none-eabi/10.3.1/../../../../arm-none-eabi/lib/thumb/v7-m/nofp/libg.a(lib_a-ctype_.o)
 .ARM.attributes
                0x0000000000000a1e       0x2d /Applications/ARM/bin/../lib/gcc/arm-none-eabi/10.3.1/../../../../arm-none-eabi/lib/thumb/v7-m/nofp/libg.a(lib_a-fflush.o)
 .ARM.attributes
                0x0000000000000a4b       0x2d /Applications/ARM/bin/../lib/gcc/arm-none-eabi/10.3.1/../../../../arm-none-eabi/lib/thumb/v7-m/nofp/libg.a(lib_a-findfp.o)
 .ARM.attributes
                0x0000000000000a78       0x2d /Applications/ARM/bin/../lib/gcc/arm-none-eabi/10.3.1/../../../../arm-none-eabi/lib/thumb/v7-m/nofp/libg.a(lib_a-fputwc.o)
 .ARM.attributes
                0x0000000000000aa5       0x2d /Applications/ARM/bin/../lib/gcc/arm-none-eabi/10.3.1/../../../../arm-none-eabi/lib/thumb/v7-m/nofp/libg.a(lib_a-fvwrite.o)
 .ARM.attributes
                0x0000000000000ad2       0x2d /Applications/ARM/bin/../lib/gcc/arm-none-eabi/10.3.1/../../../../arm-none-eabi/lib/thumb/v7-m/nofp/libg.a(lib_a-fwalk.o)
 .ARM.attributes
                0x0000000000000aff       0x2d /Applications/ARM/bin/../lib/gcc/arm-none-eabi/10.3.1/../../../../arm-none-eabi/lib/thumb/v7-m/nofp/libg.a(lib_a-makebuf.o)
 .ARM.attributes
                0x0000000000000b2c       0x2d /Applications/ARM/bin/../lib/gcc/arm-none-eabi/10.3.1/../../../../arm-none-eabi/lib/thumb/v7-m/nofp/libg.a(lib_a-signal.o)
 .ARM.attributes
                0x0000000000000b59       0x2d /Applications/ARM/bin/../lib/gcc/arm-none-eabi/10.3.1/../../../../arm-none-eabi/lib/thumb/v7-m/nofp/libg.a(lib_a-signalr.o)
 .ARM.attributes
                0x0000000000000b86       0x2d /Applications/ARM/bin/../lib/gcc/arm-none-eabi/10.3.1/../../../../arm-none-eabi/lib/thumb/v7-m/nofp/libg.a(lib_a-stdio.o)
 .ARM.attributes
                0x0000000000000bb3       0x2d /Applications/ARM/bin/../lib/gcc/arm-none-eabi/10.3.1/../../../../arm-none-eabi/lib/thumb/v7-m/nofp/libg.a(lib_a-wbuf.o)
 .ARM.attributes
                0x0000000000000be0       0x2d /Applications/ARM/bin/../lib/gcc/arm-none-eabi/10.3.1/../../../../arm-none-eabi/lib/thumb/v7-m/nofp/libg.a(lib_a-wcrtomb.o)
 .ARM.attributes
                0x0000000000000c0d       0x2d /Applications/ARM/bin/../lib/gcc/arm-none-eabi/10.3.1/../../../../arm-none-eabi/lib/thumb/v7-m/nofp/libg.a(lib_a-writer.o)
 .ARM.attributes
                0x0000000000000c3a       0x2d /Applications/ARM/bin/../lib/gcc/arm-none-eabi/10.3.1/../../../../arm-none-eabi/lib/thumb/v7-m/nofp/libg.a(lib_a-closer.o)
 .ARM.attributes
                0x0000000000000c67       0x2d /Applications/ARM/bin/../lib/gcc/arm-none-eabi/10.3.1/../../../../arm-none-eabi/lib/thumb/v7-m/nofp/libg.a(lib_a-fclose.o)
 .ARM.attributes
                0x0000000000000c94       0x2d /Applications/ARM/bin/../lib/gcc/arm-none-eabi/10.3.1/../../../../arm-none-eabi/lib/thumb/v7-m/nofp/libg.a(lib_a-fstatr.o)
 .ARM.attributes
                0x0000000000000cc1       0x2d /Applications/ARM/bin/../lib/gcc/arm-none-eabi/10.3.1/../../../../arm-none-eabi/lib/thumb/v7-m/nofp/libg.a(lib_a-isattyr.o)
 .ARM.attributes
                0x0000000000000cee       0x2d /Applications/ARM/bin/../lib/gcc/arm-none-eabi/10.3.1/../../../../arm-none-eabi/lib/thumb/v7-m/nofp/libg.a(lib_a-lseekr.o)
 .ARM.attributes
                0x0000000000000d1b       0x2d /Applications/ARM/bin/../lib/gcc/arm-none-eabi/10.3.1/../../../../arm-none-eabi/lib/thumb/v7-m/nofp/libg.a(lib_a-readr.o)
 .ARM.attributes
                0x0000000000000d48       0x1d /Applications/ARM/bin/../lib/gcc/arm-none-eabi/10.3.1/thumb/v7-m/nofp/libgcc.a(_arm_unorddf2.o)
 .ARM.attributes
                0x0000000000000d65       0x1d /Applications/ARM/bin/../lib/gcc/arm-none-eabi/10.3.1/thumb/v7-m/nofp/libgcc.a(_arm_fixdfsi.o)
 .ARM.attributes
                0x0000000000000d82       0x1d /Applications/ARM/bin/../lib/gcc/arm-none-eabi/10.3.1/thumb/v7-m/nofp/libgcc.a(_aeabi_uldivmod.o)
 .ARM.attributes
                0x0000000000000d9f       0x2d /Applications/ARM/bin/../lib/gcc/arm-none-eabi/10.3.1/thumb/v7-m/nofp/libgcc.a(_udivmoddi4.o)
 .ARM.attributes
                0x0000000000000dcc       0x1d /Applications/ARM/bin/../lib/gcc/arm-none-eabi/10.3.1/thumb/v7-m/nofp/libgcc.a(_dvmd_tls.o)
 .ARM.attributes
                0x0000000000000de9       0x1d /Applications/ARM/bin/../lib/gcc/arm-none-eabi/10.3.1/thumb/v7-m/nofp/crtn.o
OUTPUT(QEA.elf elf32-littlearm)
LOAD linker stubs
LOAD /Applications/ARM/bin/../lib/gcc/arm-none-eabi/10.3.1/../../../../arm-none-eabi/lib/thumb/v7-m/nofp/libc.a
LOAD /Applications/ARM/bin/../lib/gcc/arm-none-eabi/10.3.1/../../../../arm-none-eabi/lib/thumb/v7-m/nofp/libm.a
LOAD /Applications/ARM/bin/../lib/gcc/arm-none-eabi/10.3.1/thumb/v7-m/nofp/libgcc.a

.debug_info     0x0000000000000000     0xdd74
 .debug_info    0x0000000000000000      0x3a1 CMakeFiles/QEA.elf.dir/Core/Src/gpio.c.obj
 .debug_info    0x00000000000003a1     0x1316 CMakeFiles/QEA.elf.dir/Core/Src/main.c.obj
 .debug_info    0x00000000000016b7      0x211 CMakeFiles/QEA.elf.dir/Core/Src/stm32f1xx_hal_msp.c.obj
 .debug_info    0x00000000000018c8      0x6fa CMakeFiles/QEA.elf.dir/Core/Src/stm32f1xx_it.c.obj
 .debug_info    0x0000000000001fc2      0x7af CMakeFiles/QEA.elf.dir/Core/Src/syscalls.c.obj
 .debug_info    0x0000000000002771      0x174 CMakeFiles/QEA.elf.dir/Core/Src/sysmem.c.obj
 .debug_info    0x00000000000028e5      0x248 CMakeFiles/QEA.elf.dir/Core/Src/system_stm32f1xx.c.obj
 .debug_info    0x0000000000002b2d     0x11e7 CMakeFiles/QEA.elf.dir/Core/Src/tim.c.obj
 .debug_info    0x0000000000003d14      0x827 CMakeFiles/QEA.elf.dir/Core/Src/usart.c.obj
 .debug_info    0x000000000000453b       0x22 CMakeFiles/QEA.elf.dir/Core/Startup/startup_stm32f103rctx.s.obj
 .debug_info    0x000000000000455d      0x80e CMakeFiles/QEA.elf.dir/Drivers/STM32F1xx_HAL_Driver/Src/stm32f1xx_hal.c.obj
 .debug_info    0x0000000000004d6b      0xdf0 CMakeFiles/QEA.elf.dir/Drivers/STM32F1xx_HAL_Driver/Src/stm32f1xx_hal_cortex.c.obj
 .debug_info    0x0000000000005b5b      0x66f CMakeFiles/QEA.elf.dir/Drivers/STM32F1xx_HAL_Driver/Src/stm32f1xx_hal_gpio.c.obj
 .debug_info    0x00000000000061ca      0xa36 CMakeFiles/QEA.elf.dir/Drivers/STM32F1xx_HAL_Driver/Src/stm32f1xx_hal_rcc.c.obj
 .debug_info    0x0000000000006c00     0x3b00 CMakeFiles/QEA.elf.dir/Drivers/STM32F1xx_HAL_Driver/Src/stm32f1xx_hal_tim.c.obj
 .debug_info    0x000000000000a700     0x19e9 CMakeFiles/QEA.elf.dir/Drivers/STM32F1xx_HAL_Driver/Src/stm32f1xx_hal_tim_ex.c.obj
 .debug_info    0x000000000000c0e9     0x1c8b CMakeFiles/QEA.elf.dir/Drivers/STM32F1xx_HAL_Driver/Src/stm32f1xx_hal_uart.c.obj

.debug_abbrev   0x0000000000000000     0x1eb5
 .debug_abbrev  0x0000000000000000      0x13c CMakeFiles/QEA.elf.dir/Core/Src/gpio.c.obj
 .debug_abbrev  0x000000000000013c      0x2d7 CMakeFiles/QEA.elf.dir/Core/Src/main.c.obj
 .debug_abbrev  0x0000000000000413       0xe5 CMakeFiles/QEA.elf.dir/Core/Src/stm32f1xx_hal_msp.c.obj
 .debug_abbrev  0x00000000000004f8      0x179 CMakeFiles/QEA.elf.dir/Core/Src/stm32f1xx_it.c.obj
 .debug_abbrev  0x0000000000000671      0x1a3 CMakeFiles/QEA.elf.dir/Core/Src/syscalls.c.obj
 .debug_abbrev  0x0000000000000814       0xe7 CMakeFiles/QEA.elf.dir/Core/Src/sysmem.c.obj
 .debug_abbrev  0x00000000000008fb      0x13e CMakeFiles/QEA.elf.dir/Core/Src/system_stm32f1xx.c.obj
 .debug_abbrev  0x0000000000000a39      0x241 CMakeFiles/QEA.elf.dir/Core/Src/tim.c.obj
 .debug_abbrev  0x0000000000000c7a      0x1c1 CMakeFiles/QEA.elf.dir/Core/Src/usart.c.obj
 .debug_abbrev  0x0000000000000e3b       0x12 CMakeFiles/QEA.elf.dir/Core/Startup/startup_stm32f103rctx.s.obj
 .debug_abbrev  0x0000000000000e4d      0x1f4 CMakeFiles/QEA.elf.dir/Drivers/STM32F1xx_HAL_Driver/Src/stm32f1xx_hal.c.obj
 .debug_abbrev  0x0000000000001041      0x341 CMakeFiles/QEA.elf.dir/Drivers/STM32F1xx_HAL_Driver/Src/stm32f1xx_hal_cortex.c.obj
 .debug_abbrev  0x0000000000001382      0x1e6 CMakeFiles/QEA.elf.dir/Drivers/STM32F1xx_HAL_Driver/Src/stm32f1xx_hal_gpio.c.obj
 .debug_abbrev  0x0000000000001568      0x27a CMakeFiles/QEA.elf.dir/Drivers/STM32F1xx_HAL_Driver/Src/stm32f1xx_hal_rcc.c.obj
 .debug_abbrev  0x00000000000017e2      0x23e CMakeFiles/QEA.elf.dir/Drivers/STM32F1xx_HAL_Driver/Src/stm32f1xx_hal_tim.c.obj
 .debug_abbrev  0x0000000000001a20      0x241 CMakeFiles/QEA.elf.dir/Drivers/STM32F1xx_HAL_Driver/Src/stm32f1xx_hal_tim_ex.c.obj
 .debug_abbrev  0x0000000000001c61      0x254 CMakeFiles/QEA.elf.dir/Drivers/STM32F1xx_HAL_Driver/Src/stm32f1xx_hal_uart.c.obj

.debug_aranges  0x0000000000000000      0xc58
 .debug_aranges
                0x0000000000000000       0x20 CMakeFiles/QEA.elf.dir/Core/Src/gpio.c.obj
 .debug_aranges
                0x0000000000000020       0x78 CMakeFiles/QEA.elf.dir/Core/Src/main.c.obj
 .debug_aranges
                0x0000000000000098       0x20 CMakeFiles/QEA.elf.dir/Core/Src/stm32f1xx_hal_msp.c.obj
 .debug_aranges
                0x00000000000000b8       0x68 CMakeFiles/QEA.elf.dir/Core/Src/stm32f1xx_it.c.obj
 .debug_aranges
                0x0000000000000120       0xa8 CMakeFiles/QEA.elf.dir/Core/Src/syscalls.c.obj
 .debug_aranges
                0x00000000000001c8       0x20 CMakeFiles/QEA.elf.dir/Core/Src/sysmem.c.obj
 .debug_aranges
                0x00000000000001e8       0x28 CMakeFiles/QEA.elf.dir/Core/Src/system_stm32f1xx.c.obj
 .debug_aranges
                0x0000000000000210       0x60 CMakeFiles/QEA.elf.dir/Core/Src/tim.c.obj
 .debug_aranges
                0x0000000000000270       0x30 CMakeFiles/QEA.elf.dir/Core/Src/usart.c.obj
 .debug_aranges
                0x00000000000002a0       0x28 CMakeFiles/QEA.elf.dir/Core/Startup/startup_stm32f103rctx.s.obj
 .debug_aranges
                0x00000000000002c8       0xe0 CMakeFiles/QEA.elf.dir/Drivers/STM32F1xx_HAL_Driver/Src/stm32f1xx_hal.c.obj
 .debug_aranges
                0x00000000000003a8       0x90 CMakeFiles/QEA.elf.dir/Drivers/STM32F1xx_HAL_Driver/Src/stm32f1xx_hal_cortex.c.obj
 .debug_aranges
                0x0000000000000438       0x58 CMakeFiles/QEA.elf.dir/Drivers/STM32F1xx_HAL_Driver/Src/stm32f1xx_hal_gpio.c.obj
 .debug_aranges
                0x0000000000000490       0x90 CMakeFiles/QEA.elf.dir/Drivers/STM32F1xx_HAL_Driver/Src/stm32f1xx_hal_rcc.c.obj
 .debug_aranges
                0x0000000000000520      0x3d0 CMakeFiles/QEA.elf.dir/Drivers/STM32F1xx_HAL_Driver/Src/stm32f1xx_hal_tim.c.obj
 .debug_aranges
                0x00000000000008f0      0x168 CMakeFiles/QEA.elf.dir/Drivers/STM32F1xx_HAL_Driver/Src/stm32f1xx_hal_tim_ex.c.obj
 .debug_aranges
                0x0000000000000a58      0x200 CMakeFiles/QEA.elf.dir/Drivers/STM32F1xx_HAL_Driver/Src/stm32f1xx_hal_uart.c.obj

.debug_ranges   0x0000000000000000      0xbd0
 .debug_ranges  0x0000000000000000       0x10 CMakeFiles/QEA.elf.dir/Core/Src/gpio.c.obj
 .debug_ranges  0x0000000000000010       0x68 CMakeFiles/QEA.elf.dir/Core/Src/main.c.obj
 .debug_ranges  0x0000000000000078       0x10 CMakeFiles/QEA.elf.dir/Core/Src/stm32f1xx_hal_msp.c.obj
 .debug_ranges  0x0000000000000088       0x58 CMakeFiles/QEA.elf.dir/Core/Src/stm32f1xx_it.c.obj
 .debug_ranges  0x00000000000000e0       0x98 CMakeFiles/QEA.elf.dir/Core/Src/syscalls.c.obj
 .debug_ranges  0x0000000000000178       0x10 CMakeFiles/QEA.elf.dir/Core/Src/sysmem.c.obj
 .debug_ranges  0x0000000000000188       0x18 CMakeFiles/QEA.elf.dir/Core/Src/system_stm32f1xx.c.obj
 .debug_ranges  0x00000000000001a0       0x50 CMakeFiles/QEA.elf.dir/Core/Src/tim.c.obj
 .debug_ranges  0x00000000000001f0       0x20 CMakeFiles/QEA.elf.dir/Core/Src/usart.c.obj
 .debug_ranges  0x0000000000000210       0x20 CMakeFiles/QEA.elf.dir/Core/Startup/startup_stm32f103rctx.s.obj
 .debug_ranges  0x0000000000000230       0xd0 CMakeFiles/QEA.elf.dir/Drivers/STM32F1xx_HAL_Driver/Src/stm32f1xx_hal.c.obj
 .debug_ranges  0x0000000000000300       0xe0 CMakeFiles/QEA.elf.dir/Drivers/STM32F1xx_HAL_Driver/Src/stm32f1xx_hal_cortex.c.obj
 .debug_ranges  0x00000000000003e0       0x48 CMakeFiles/QEA.elf.dir/Drivers/STM32F1xx_HAL_Driver/Src/stm32f1xx_hal_gpio.c.obj
 .debug_ranges  0x0000000000000428       0xa0 CMakeFiles/QEA.elf.dir/Drivers/STM32F1xx_HAL_Driver/Src/stm32f1xx_hal_rcc.c.obj
 .debug_ranges  0x00000000000004c8      0x3c0 CMakeFiles/QEA.elf.dir/Drivers/STM32F1xx_HAL_Driver/Src/stm32f1xx_hal_tim.c.obj
 .debug_ranges  0x0000000000000888      0x158 CMakeFiles/QEA.elf.dir/Drivers/STM32F1xx_HAL_Driver/Src/stm32f1xx_hal_tim_ex.c.obj
 .debug_ranges  0x00000000000009e0      0x1f0 CMakeFiles/QEA.elf.dir/Drivers/STM32F1xx_HAL_Driver/Src/stm32f1xx_hal_uart.c.obj

.debug_line     0x0000000000000000     0xc592
 .debug_line    0x0000000000000000      0x277 CMakeFiles/QEA.elf.dir/Core/Src/gpio.c.obj
 .debug_line    0x0000000000000277      0x7bb CMakeFiles/QEA.elf.dir/Core/Src/main.c.obj
 .debug_line    0x0000000000000a32      0x18e CMakeFiles/QEA.elf.dir/Core/Src/stm32f1xx_hal_msp.c.obj
 .debug_line    0x0000000000000bc0      0x335 CMakeFiles/QEA.elf.dir/Core/Src/stm32f1xx_it.c.obj
 .debug_line    0x0000000000000ef5      0x3e3 CMakeFiles/QEA.elf.dir/Core/Src/syscalls.c.obj
 .debug_line    0x00000000000012d8      0x197 CMakeFiles/QEA.elf.dir/Core/Src/sysmem.c.obj
 .debug_line    0x000000000000146f      0x258 CMakeFiles/QEA.elf.dir/Core/Src/system_stm32f1xx.c.obj
 .debug_line    0x00000000000016c7      0x714 CMakeFiles/QEA.elf.dir/Core/Src/tim.c.obj
 .debug_line    0x0000000000001ddb      0x375 CMakeFiles/QEA.elf.dir/Core/Src/usart.c.obj
 .debug_line    0x0000000000002150       0xbc CMakeFiles/QEA.elf.dir/Core/Startup/startup_stm32f103rctx.s.obj
 .debug_line    0x000000000000220c      0x5b0 CMakeFiles/QEA.elf.dir/Drivers/STM32F1xx_HAL_Driver/Src/stm32f1xx_hal.c.obj
 .debug_line    0x00000000000027bc      0x683 CMakeFiles/QEA.elf.dir/Drivers/STM32F1xx_HAL_Driver/Src/stm32f1xx_hal_cortex.c.obj
 .debug_line    0x0000000000002e3f      0x641 CMakeFiles/QEA.elf.dir/Drivers/STM32F1xx_HAL_Driver/Src/stm32f1xx_hal_gpio.c.obj
 .debug_line    0x0000000000003480      0xc76 CMakeFiles/QEA.elf.dir/Drivers/STM32F1xx_HAL_Driver/Src/stm32f1xx_hal_rcc.c.obj
 .debug_line    0x00000000000040f6     0x4787 CMakeFiles/QEA.elf.dir/Drivers/STM32F1xx_HAL_Driver/Src/stm32f1xx_hal_tim.c.obj
 .debug_line    0x000000000000887d     0x1c10 CMakeFiles/QEA.elf.dir/Drivers/STM32F1xx_HAL_Driver/Src/stm32f1xx_hal_tim_ex.c.obj
 .debug_line    0x000000000000a48d     0x2105 CMakeFiles/QEA.elf.dir/Drivers/STM32F1xx_HAL_Driver/Src/stm32f1xx_hal_uart.c.obj

.debug_str      0x0000000000000000     0x3d4d
 .debug_str     0x0000000000000000      0x294 CMakeFiles/QEA.elf.dir/Core/Src/gpio.c.obj
                                        0x2e5 (size before relaxing)
 .debug_str     0x0000000000000294      0xa89 CMakeFiles/QEA.elf.dir/Core/Src/main.c.obj
                                        0xcfc (size before relaxing)
 .debug_str     0x0000000000000d1d       0x8f CMakeFiles/QEA.elf.dir/Core/Src/stm32f1xx_hal_msp.c.obj
                                        0x287 (size before relaxing)
 .debug_str     0x0000000000000dac      0x10f CMakeFiles/QEA.elf.dir/Core/Src/stm32f1xx_it.c.obj
                                        0x77b (size before relaxing)
 .debug_str     0x0000000000000ebb      0x24d CMakeFiles/QEA.elf.dir/Core/Src/syscalls.c.obj
                                        0x454 (size before relaxing)
 .debug_str     0x0000000000001108       0xaa CMakeFiles/QEA.elf.dir/Core/Src/sysmem.c.obj
                                        0x280 (size before relaxing)
 .debug_str     0x00000000000011b2       0xb3 CMakeFiles/QEA.elf.dir/Core/Src/system_stm32f1xx.c.obj
                                        0x2bc (size before relaxing)
 .debug_str     0x0000000000001265      0x709 CMakeFiles/QEA.elf.dir/Core/Src/tim.c.obj
                                        0xebe (size before relaxing)
 .debug_str     0x000000000000196e       0x86 CMakeFiles/QEA.elf.dir/Core/Src/usart.c.obj
                                        0x700 (size before relaxing)
 .debug_str     0x00000000000019f4       0x6b CMakeFiles/QEA.elf.dir/Core/Startup/startup_stm32f103rctx.s.obj
                                         0xb5 (size before relaxing)
 .debug_str     0x0000000000001a5f      0x334 CMakeFiles/QEA.elf.dir/Drivers/STM32F1xx_HAL_Driver/Src/stm32f1xx_hal.c.obj
                                        0x970 (size before relaxing)
 .debug_str     0x0000000000001d93      0x3d3 CMakeFiles/QEA.elf.dir/Drivers/STM32F1xx_HAL_Driver/Src/stm32f1xx_hal_cortex.c.obj
                                        0xa1f (size before relaxing)
 .debug_str     0x0000000000002166      0x14f CMakeFiles/QEA.elf.dir/Drivers/STM32F1xx_HAL_Driver/Src/stm32f1xx_hal_gpio.c.obj
                                        0x468 (size before relaxing)
 .debug_str     0x00000000000022b5      0x229 CMakeFiles/QEA.elf.dir/Drivers/STM32F1xx_HAL_Driver/Src/stm32f1xx_hal_rcc.c.obj
                                        0x693 (size before relaxing)
 .debug_str     0x00000000000024de      0xcef CMakeFiles/QEA.elf.dir/Drivers/STM32F1xx_HAL_Driver/Src/stm32f1xx_hal_tim.c.obj
                                       0x16a0 (size before relaxing)
 .debug_str     0x00000000000031cd      0x559 CMakeFiles/QEA.elf.dir/Drivers/STM32F1xx_HAL_Driver/Src/stm32f1xx_hal_tim_ex.c.obj
                                        0xea1 (size before relaxing)
 .debug_str     0x0000000000003726      0x627 CMakeFiles/QEA.elf.dir/Drivers/STM32F1xx_HAL_Driver/Src/stm32f1xx_hal_uart.c.obj
                                        0xcf6 (size before relaxing)

.comment        0x0000000000000000       0x49
 .comment       0x0000000000000000       0x49 CMakeFiles/QEA.elf.dir/Core/Src/gpio.c.obj
                                         0x4a (size before relaxing)
 .comment       0x0000000000000049       0x4a CMakeFiles/QEA.elf.dir/Core/Src/main.c.obj
 .comment       0x0000000000000049       0x4a CMakeFiles/QEA.elf.dir/Core/Src/stm32f1xx_hal_msp.c.obj